14:08:35 **** Build of configuration Debug for project freertos-eclipse ****
make -j8 all 
Building file: ../startup/startup_stm32.s
Building file: ../src/main.c
Invoking: MCU GCC Assembler
Invoking: MCU GCC Compiler
C:\Users\rlmarco\my-codes\MDK-ARM\stm32f103c8\exercises\freertos-eclipse\freertos-eclipse\Debug
arm-none-eabi-as -mcpu=cortex-m3 -mthumb -mfloat-abi=soft -I"C:/Users/rlmarco/my-codes/MDK-ARM/stm32f103c8/exercises/freertos-eclipse/freertos-eclipse/StdPeriph_Driver/inc" -I"C:/Users/rlmarco/my-codes/MDK-ARM/stm32f103c8/exercises/freertos-eclipse/freertos-eclipse/inc" -I"C:/Users/rlmarco/my-codes/MDK-ARM/stm32f103c8/exercises/freertos-eclipse/freertos-eclipse/CMSIS/device" -I"C:/Users/rlmarco/my-codes/MDK-ARM/stm32f103c8/exercises/freertos-eclipse/freertos-eclipse/CMSIS/core" -g -o "startup/startup_stm32.o" "../startup/startup_stm32.s"
C:\Users\rlmarco\my-codes\MDK-ARM\stm32f103c8\exercises\freertos-eclipse\freertos-eclipse\Debug
arm-none-eabi-gcc -mcpu=cortex-m3 -mthumb -mfloat-abi=soft -DSTM32 -DSTM32F1 -DSTM32F103C8Tx -DDEBUG -DSTM32F10X_MD -DUSE_STDPERIPH_DRIVER -I"C:/Users/rlmarco/my-codes/MDK-ARM/stm32f103c8/exercises/freertos-eclipse/freertos-eclipse/StdPeriph_Driver/inc" -I"C:/Users/rlmarco/my-codes/MDK-ARM/stm32f103c8/exercises/freertos-eclipse/freertos-eclipse/Third-Party/FreeRTOS/org/Source/include" -I"C:/Users/rlmarco/my-codes/MDK-ARM/stm32f103c8/exercises/freertos-eclipse/freertos-eclipse/Config" -I"C:/Users/rlmarco/my-codes/MDK-ARM/stm32f103c8/exercises/freertos-eclipse/freertos-eclipse/Third-Party/FreeRTOS/org/Source/portable/GCC/ARM_CM3" -I"C:/Users/rlmarco/my-codes/MDK-ARM/stm32f103c8/exercises/freertos-eclipse/freertos-eclipse/inc" -I"C:/Users/rlmarco/my-codes/MDK-ARM/stm32f103c8/exercises/freertos-eclipse/freertos-eclipse/CMSIS/device" -I"C:/Users/rlmarco/my-codes/MDK-ARM/stm32f103c8/exercises/freertos-eclipse/freertos-eclipse/CMSIS/core" -O0 -g3 -Wall -fmessage-length=0 -ffunction-sections -c -MMD -MP -MF"src/main.d" -MT"src/main.o" -o "src/main.o" "../src/main.c"
Building file: ../src/prv_periph.c
Building file: ../src/syscalls.c
Invoking: MCU GCC Compiler
Finished building: ../startup/startup_stm32.s
Invoking: MCU GCC Compiler
C:\Users\rlmarco\my-codes\MDK-ARM\stm32f103c8\exercises\freertos-eclipse\freertos-eclipse\Debug
 
arm-none-eabi-gcc -mcpu=cortex-m3 -mthumb -mfloat-abi=soft -DSTM32 -DSTM32F1 -DSTM32F103C8Tx -DDEBUG -DSTM32F10X_MD -DUSE_STDPERIPH_DRIVER -I"C:/Users/rlmarco/my-codes/MDK-ARM/stm32f103c8/exercises/freertos-eclipse/freertos-eclipse/StdPeriph_Driver/inc" -I"C:/Users/rlmarco/my-codes/MDK-ARM/stm32f103c8/exercises/freertos-eclipse/freertos-eclipse/Third-Party/FreeRTOS/org/Source/include" -I"C:/Users/rlmarco/my-codes/MDK-ARM/stm32f103c8/exercises/freertos-eclipse/freertos-eclipse/Config" -I"C:/Users/rlmarco/my-codes/MDK-ARM/stm32f103c8/exercises/freertos-eclipse/freertos-eclipse/Third-Party/FreeRTOS/org/Source/portable/GCC/ARM_CM3" -I"C:/Users/rlmarco/my-codes/MDK-ARM/stm32f103c8/exercises/freertos-eclipse/freertos-eclipse/inc" -I"C:/Users/rlmarco/my-codes/MDK-ARM/stm32f103c8/exercises/freertos-eclipse/freertos-eclipse/CMSIS/device" -I"C:/Users/rlmarco/my-codes/MDK-ARM/stm32f103c8/exercises/freertos-eclipse/freertos-eclipse/CMSIS/core" -O0 -g3 -Wall -fmessage-length=0 -ffunction-sections -c -MMD -MP -MF"src/prv_periph.d" -MT"src/prv_periph.o" -o "src/prv_periph.o" "../src/prv_periph.c"
C:\Users\rlmarco\my-codes\MDK-ARM\stm32f103c8\exercises\freertos-eclipse\freertos-eclipse\Debug
arm-none-eabi-gcc -mcpu=cortex-m3 -mthumb -mfloat-abi=soft -DSTM32 -DSTM32F1 -DSTM32F103C8Tx -DDEBUG -DSTM32F10X_MD -DUSE_STDPERIPH_DRIVER -I"C:/Users/rlmarco/my-codes/MDK-ARM/stm32f103c8/exercises/freertos-eclipse/freertos-eclipse/StdPeriph_Driver/inc" -I"C:/Users/rlmarco/my-codes/MDK-ARM/stm32f103c8/exercises/freertos-eclipse/freertos-eclipse/Third-Party/FreeRTOS/org/Source/include" -I"C:/Users/rlmarco/my-codes/MDK-ARM/stm32f103c8/exercises/freertos-eclipse/freertos-eclipse/Config" -I"C:/Users/rlmarco/my-codes/MDK-ARM/stm32f103c8/exercises/freertos-eclipse/freertos-eclipse/Third-Party/FreeRTOS/org/Source/portable/GCC/ARM_CM3" -I"C:/Users/rlmarco/my-codes/MDK-ARM/stm32f103c8/exercises/freertos-eclipse/freertos-eclipse/inc" -I"C:/Users/rlmarco/my-codes/MDK-ARM/stm32f103c8/exercises/freertos-eclipse/freertos-eclipse/CMSIS/device" -I"C:/Users/rlmarco/my-codes/MDK-ARM/stm32f103c8/exercises/freertos-eclipse/freertos-eclipse/CMSIS/core" -O0 -g3 -Wall -fmessage-length=0 -ffunction-sections -c -MMD -MP -MF"src/syscalls.d" -MT"src/syscalls.o" -o "src/syscalls.o" "../src/syscalls.c"
Finished building: ../src/main.c
Building file: ../src/system_stm32f10x.c
 
../src/prv_periph.c: In function 'uart1_init':
../src/prv_periph.c:16:1: warning: implicit declaration of function 'memset' [-Wimplicit-function-declaration]
 memset(&gpio_uart_pins, 0, sizeof(gpio_uart_pins)); // initialize to zero each member of structure
 ^~~~~~
../src/prv_periph.c:16:1: warning: incompatible implicit declaration of built-in function 'memset'
../src/prv_periph.c:16:1: note: include '<string.h>' or provide a declaration of 'memset'
../src/prv_periph.c: In function 'uart1_tx':
../src/prv_periph.c:35:27: warning: implicit declaration of function 'strlen' [-Wimplicit-function-declaration]
     for(uint32_t i=0; i < strlen(msg); i++) {
                           ^~~~~~
../src/prv_periph.c:35:27: warning: incompatible implicit declaration of built-in function 'strlen'
../src/prv_periph.c:35:27: note: include '<string.h>' or provide a declaration of 'strlen'
Invoking: MCU GCC Compiler
Building file: ../Third-Party/FreeRTOS/org/Source/portable/MemMang/heap_4.c
C:\Users\rlmarco\my-codes\MDK-ARM\stm32f103c8\exercises\freertos-eclipse\freertos-eclipse\Debug
Invoking: MCU GCC Compiler
Finished building: ../src/syscalls.c
arm-none-eabi-gcc -mcpu=cortex-m3 -mthumb -mfloat-abi=soft -DSTM32 -DSTM32F1 -DSTM32F103C8Tx -DDEBUG -DSTM32F10X_MD -DUSE_STDPERIPH_DRIVER -I"C:/Users/rlmarco/my-codes/MDK-ARM/stm32f103c8/exercises/freertos-eclipse/freertos-eclipse/StdPeriph_Driver/inc" -I"C:/Users/rlmarco/my-codes/MDK-ARM/stm32f103c8/exercises/freertos-eclipse/freertos-eclipse/Third-Party/FreeRTOS/org/Source/include" -I"C:/Users/rlmarco/my-codes/MDK-ARM/stm32f103c8/exercises/freertos-eclipse/freertos-eclipse/Config" -I"C:/Users/rlmarco/my-codes/MDK-ARM/stm32f103c8/exercises/freertos-eclipse/freertos-eclipse/Third-Party/FreeRTOS/org/Source/portable/GCC/ARM_CM3" -I"C:/Users/rlmarco/my-codes/MDK-ARM/stm32f103c8/exercises/freertos-eclipse/freertos-eclipse/inc" -I"C:/Users/rlmarco/my-codes/MDK-ARM/stm32f103c8/exercises/freertos-eclipse/freertos-eclipse/CMSIS/device" -I"C:/Users/rlmarco/my-codes/MDK-ARM/stm32f103c8/exercises/freertos-eclipse/freertos-eclipse/CMSIS/core" -O0 -g3 -Wall -fmessage-length=0 -ffunction-sections -c -MMD -MP -MF"src/system_stm32f10x.d" -MT"src/system_stm32f10x.o" -o "src/system_stm32f10x.o" "../src/system_stm32f10x.c"
Finished building: ../src/prv_periph.c
C:\Users\rlmarco\my-codes\MDK-ARM\stm32f103c8\exercises\freertos-eclipse\freertos-eclipse\Debug
 
arm-none-eabi-gcc -mcpu=cortex-m3 -mthumb -mfloat-abi=soft -DSTM32 -DSTM32F1 -DSTM32F103C8Tx -DDEBUG -DSTM32F10X_MD -DUSE_STDPERIPH_DRIVER -I"C:/Users/rlmarco/my-codes/MDK-ARM/stm32f103c8/exercises/freertos-eclipse/freertos-eclipse/StdPeriph_Driver/inc" -I"C:/Users/rlmarco/my-codes/MDK-ARM/stm32f103c8/exercises/freertos-eclipse/freertos-eclipse/Third-Party/FreeRTOS/org/Source/include" -I"C:/Users/rlmarco/my-codes/MDK-ARM/stm32f103c8/exercises/freertos-eclipse/freertos-eclipse/Config" -I"C:/Users/rlmarco/my-codes/MDK-ARM/stm32f103c8/exercises/freertos-eclipse/freertos-eclipse/Third-Party/FreeRTOS/org/Source/portable/GCC/ARM_CM3" -I"C:/Users/rlmarco/my-codes/MDK-ARM/stm32f103c8/exercises/freertos-eclipse/freertos-eclipse/inc" -I"C:/Users/rlmarco/my-codes/MDK-ARM/stm32f103c8/exercises/freertos-eclipse/freertos-eclipse/CMSIS/device" -I"C:/Users/rlmarco/my-codes/MDK-ARM/stm32f103c8/exercises/freertos-eclipse/freertos-eclipse/CMSIS/core" -O0 -g3 -Wall -fmessage-length=0 -ffunction-sections -c -MMD -MP -MF"Third-Party/FreeRTOS/org/Source/portable/MemMang/heap_4.d" -MT"Third-Party/FreeRTOS/org/Source/portable/MemMang/heap_4.o" -o "Third-Party/FreeRTOS/org/Source/portable/MemMang/heap_4.o" "../Third-Party/FreeRTOS/org/Source/portable/MemMang/heap_4.c"
 
Building file: ../Third-Party/FreeRTOS/org/Source/portable/GCC/ARM_CM3/port.c
Building file: ../Third-Party/FreeRTOS/org/Source/croutine.c
Invoking: MCU GCC Compiler
Invoking: MCU GCC Compiler
Finished building: ../src/system_stm32f10x.c
C:\Users\rlmarco\my-codes\MDK-ARM\stm32f103c8\exercises\freertos-eclipse\freertos-eclipse\Debug
Finished building: ../Third-Party/FreeRTOS/org/Source/portable/MemMang/heap_4.c
C:\Users\rlmarco\my-codes\MDK-ARM\stm32f103c8\exercises\freertos-eclipse\freertos-eclipse\Debug
arm-none-eabi-gcc -mcpu=cortex-m3 -mthumb -mfloat-abi=soft -DSTM32 -DSTM32F1 -DSTM32F103C8Tx -DDEBUG -DSTM32F10X_MD -DUSE_STDPERIPH_DRIVER -I"C:/Users/rlmarco/my-codes/MDK-ARM/stm32f103c8/exercises/freertos-eclipse/freertos-eclipse/StdPeriph_Driver/inc" -I"C:/Users/rlmarco/my-codes/MDK-ARM/stm32f103c8/exercises/freertos-eclipse/freertos-eclipse/Third-Party/FreeRTOS/org/Source/include" -I"C:/Users/rlmarco/my-codes/MDK-ARM/stm32f103c8/exercises/freertos-eclipse/freertos-eclipse/Config" -I"C:/Users/rlmarco/my-codes/MDK-ARM/stm32f103c8/exercises/freertos-eclipse/freertos-eclipse/Third-Party/FreeRTOS/org/Source/portable/GCC/ARM_CM3" -I"C:/Users/rlmarco/my-codes/MDK-ARM/stm32f103c8/exercises/freertos-eclipse/freertos-eclipse/inc" -I"C:/Users/rlmarco/my-codes/MDK-ARM/stm32f103c8/exercises/freertos-eclipse/freertos-eclipse/CMSIS/device" -I"C:/Users/rlmarco/my-codes/MDK-ARM/stm32f103c8/exercises/freertos-eclipse/freertos-eclipse/CMSIS/core" -O0 -g3 -Wall -fmessage-length=0 -ffunction-sections -c -MMD -MP -MF"Third-Party/FreeRTOS/org/Source/portable/GCC/ARM_CM3/port.d" -MT"Third-Party/FreeRTOS/org/Source/portable/GCC/ARM_CM3/port.o" -o "Third-Party/FreeRTOS/org/Source/portable/GCC/ARM_CM3/port.o" "../Third-Party/FreeRTOS/org/Source/portable/GCC/ARM_CM3/port.c"
 
arm-none-eabi-gcc -mcpu=cortex-m3 -mthumb -mfloat-abi=soft -DSTM32 -DSTM32F1 -DSTM32F103C8Tx -DDEBUG -DSTM32F10X_MD -DUSE_STDPERIPH_DRIVER -I"C:/Users/rlmarco/my-codes/MDK-ARM/stm32f103c8/exercises/freertos-eclipse/freertos-eclipse/StdPeriph_Driver/inc" -I"C:/Users/rlmarco/my-codes/MDK-ARM/stm32f103c8/exercises/freertos-eclipse/freertos-eclipse/Third-Party/FreeRTOS/org/Source/include" -I"C:/Users/rlmarco/my-codes/MDK-ARM/stm32f103c8/exercises/freertos-eclipse/freertos-eclipse/Config" -I"C:/Users/rlmarco/my-codes/MDK-ARM/stm32f103c8/exercises/freertos-eclipse/freertos-eclipse/Third-Party/FreeRTOS/org/Source/portable/GCC/ARM_CM3" -I"C:/Users/rlmarco/my-codes/MDK-ARM/stm32f103c8/exercises/freertos-eclipse/freertos-eclipse/inc" -I"C:/Users/rlmarco/my-codes/MDK-ARM/stm32f103c8/exercises/freertos-eclipse/freertos-eclipse/CMSIS/device" -I"C:/Users/rlmarco/my-codes/MDK-ARM/stm32f103c8/exercises/freertos-eclipse/freertos-eclipse/CMSIS/core" -O0 -g3 -Wall -fmessage-length=0 -ffunction-sections -c -MMD -MP -MF"Third-Party/FreeRTOS/org/Source/croutine.d" -MT"Third-Party/FreeRTOS/org/Source/croutine.o" -o "Third-Party/FreeRTOS/org/Source/croutine.o" "../Third-Party/FreeRTOS/org/Source/croutine.c"
 
Building file: ../Third-Party/FreeRTOS/org/Source/event_groups.c
Building file: ../Third-Party/FreeRTOS/org/Source/list.c
Invoking: MCU GCC Compiler
Invoking: MCU GCC Compiler
C:\Users\rlmarco\my-codes\MDK-ARM\stm32f103c8\exercises\freertos-eclipse\freertos-eclipse\Debug
Finished building: ../Third-Party/FreeRTOS/org/Source/portable/GCC/ARM_CM3/port.c
Finished building: ../Third-Party/FreeRTOS/org/Source/croutine.c
arm-none-eabi-gcc -mcpu=cortex-m3 -mthumb -mfloat-abi=soft -DSTM32 -DSTM32F1 -DSTM32F103C8Tx -DDEBUG -DSTM32F10X_MD -DUSE_STDPERIPH_DRIVER -I"C:/Users/rlmarco/my-codes/MDK-ARM/stm32f103c8/exercises/freertos-eclipse/freertos-eclipse/StdPeriph_Driver/inc" -I"C:/Users/rlmarco/my-codes/MDK-ARM/stm32f103c8/exercises/freertos-eclipse/freertos-eclipse/Third-Party/FreeRTOS/org/Source/include" -I"C:/Users/rlmarco/my-codes/MDK-ARM/stm32f103c8/exercises/freertos-eclipse/freertos-eclipse/Config" -I"C:/Users/rlmarco/my-codes/MDK-ARM/stm32f103c8/exercises/freertos-eclipse/freertos-eclipse/Third-Party/FreeRTOS/org/Source/portable/GCC/ARM_CM3" -I"C:/Users/rlmarco/my-codes/MDK-ARM/stm32f103c8/exercises/freertos-eclipse/freertos-eclipse/inc" -I"C:/Users/rlmarco/my-codes/MDK-ARM/stm32f103c8/exercises/freertos-eclipse/freertos-eclipse/CMSIS/device" -I"C:/Users/rlmarco/my-codes/MDK-ARM/stm32f103c8/exercises/freertos-eclipse/freertos-eclipse/CMSIS/core" -O0 -g3 -Wall -fmessage-length=0 -ffunction-sections -c -MMD -MP -MF"Third-Party/FreeRTOS/org/Source/event_groups.d" -MT"Third-Party/FreeRTOS/org/Source/event_groups.o" -o "Third-Party/FreeRTOS/org/Source/event_groups.o" "../Third-Party/FreeRTOS/org/Source/event_groups.c"
C:\Users\rlmarco\my-codes\MDK-ARM\stm32f103c8\exercises\freertos-eclipse\freertos-eclipse\Debug
 
arm-none-eabi-gcc -mcpu=cortex-m3 -mthumb -mfloat-abi=soft -DSTM32 -DSTM32F1 -DSTM32F103C8Tx -DDEBUG -DSTM32F10X_MD -DUSE_STDPERIPH_DRIVER -I"C:/Users/rlmarco/my-codes/MDK-ARM/stm32f103c8/exercises/freertos-eclipse/freertos-eclipse/StdPeriph_Driver/inc" -I"C:/Users/rlmarco/my-codes/MDK-ARM/stm32f103c8/exercises/freertos-eclipse/freertos-eclipse/Third-Party/FreeRTOS/org/Source/include" -I"C:/Users/rlmarco/my-codes/MDK-ARM/stm32f103c8/exercises/freertos-eclipse/freertos-eclipse/Config" -I"C:/Users/rlmarco/my-codes/MDK-ARM/stm32f103c8/exercises/freertos-eclipse/freertos-eclipse/Third-Party/FreeRTOS/org/Source/portable/GCC/ARM_CM3" -I"C:/Users/rlmarco/my-codes/MDK-ARM/stm32f103c8/exercises/freertos-eclipse/freertos-eclipse/inc" -I"C:/Users/rlmarco/my-codes/MDK-ARM/stm32f103c8/exercises/freertos-eclipse/freertos-eclipse/CMSIS/device" -I"C:/Users/rlmarco/my-codes/MDK-ARM/stm32f103c8/exercises/freertos-eclipse/freertos-eclipse/CMSIS/core" -O0 -g3 -Wall -fmessage-length=0 -ffunction-sections -c -MMD -MP -MF"Third-Party/FreeRTOS/org/Source/list.d" -MT"Third-Party/FreeRTOS/org/Source/list.o" -o "Third-Party/FreeRTOS/org/Source/list.o" "../Third-Party/FreeRTOS/org/Source/list.c"
 
Building file: ../Third-Party/FreeRTOS/org/Source/queue.c
Building file: ../Third-Party/FreeRTOS/org/Source/stream_buffer.c
Invoking: MCU GCC Compiler
Invoking: MCU GCC Compiler
Finished building: ../Third-Party/FreeRTOS/org/Source/event_groups.c
C:\Users\rlmarco\my-codes\MDK-ARM\stm32f103c8\exercises\freertos-eclipse\freertos-eclipse\Debug
Finished building: ../Third-Party/FreeRTOS/org/Source/list.c
C:\Users\rlmarco\my-codes\MDK-ARM\stm32f103c8\exercises\freertos-eclipse\freertos-eclipse\Debug
arm-none-eabi-gcc -mcpu=cortex-m3 -mthumb -mfloat-abi=soft -DSTM32 -DSTM32F1 -DSTM32F103C8Tx -DDEBUG -DSTM32F10X_MD -DUSE_STDPERIPH_DRIVER -I"C:/Users/rlmarco/my-codes/MDK-ARM/stm32f103c8/exercises/freertos-eclipse/freertos-eclipse/StdPeriph_Driver/inc" -I"C:/Users/rlmarco/my-codes/MDK-ARM/stm32f103c8/exercises/freertos-eclipse/freertos-eclipse/Third-Party/FreeRTOS/org/Source/include" -I"C:/Users/rlmarco/my-codes/MDK-ARM/stm32f103c8/exercises/freertos-eclipse/freertos-eclipse/Config" -I"C:/Users/rlmarco/my-codes/MDK-ARM/stm32f103c8/exercises/freertos-eclipse/freertos-eclipse/Third-Party/FreeRTOS/org/Source/portable/GCC/ARM_CM3" -I"C:/Users/rlmarco/my-codes/MDK-ARM/stm32f103c8/exercises/freertos-eclipse/freertos-eclipse/inc" -I"C:/Users/rlmarco/my-codes/MDK-ARM/stm32f103c8/exercises/freertos-eclipse/freertos-eclipse/CMSIS/device" -I"C:/Users/rlmarco/my-codes/MDK-ARM/stm32f103c8/exercises/freertos-eclipse/freertos-eclipse/CMSIS/core" -O0 -g3 -Wall -fmessage-length=0 -ffunction-sections -c -MMD -MP -MF"Third-Party/FreeRTOS/org/Source/queue.d" -MT"Third-Party/FreeRTOS/org/Source/queue.o" -o "Third-Party/FreeRTOS/org/Source/queue.o" "../Third-Party/FreeRTOS/org/Source/queue.c"
 
arm-none-eabi-gcc -mcpu=cortex-m3 -mthumb -mfloat-abi=soft -DSTM32 -DSTM32F1 -DSTM32F103C8Tx -DDEBUG -DSTM32F10X_MD -DUSE_STDPERIPH_DRIVER -I"C:/Users/rlmarco/my-codes/MDK-ARM/stm32f103c8/exercises/freertos-eclipse/freertos-eclipse/StdPeriph_Driver/inc" -I"C:/Users/rlmarco/my-codes/MDK-ARM/stm32f103c8/exercises/freertos-eclipse/freertos-eclipse/Third-Party/FreeRTOS/org/Source/include" -I"C:/Users/rlmarco/my-codes/MDK-ARM/stm32f103c8/exercises/freertos-eclipse/freertos-eclipse/Config" -I"C:/Users/rlmarco/my-codes/MDK-ARM/stm32f103c8/exercises/freertos-eclipse/freertos-eclipse/Third-Party/FreeRTOS/org/Source/portable/GCC/ARM_CM3" -I"C:/Users/rlmarco/my-codes/MDK-ARM/stm32f103c8/exercises/freertos-eclipse/freertos-eclipse/inc" -I"C:/Users/rlmarco/my-codes/MDK-ARM/stm32f103c8/exercises/freertos-eclipse/freertos-eclipse/CMSIS/device" -I"C:/Users/rlmarco/my-codes/MDK-ARM/stm32f103c8/exercises/freertos-eclipse/freertos-eclipse/CMSIS/core" -O0 -g3 -Wall -fmessage-length=0 -ffunction-sections -c -MMD -MP -MF"Third-Party/FreeRTOS/org/Source/stream_buffer.d" -MT"Third-Party/FreeRTOS/org/Source/stream_buffer.o" -o "Third-Party/FreeRTOS/org/Source/stream_buffer.o" "../Third-Party/FreeRTOS/org/Source/stream_buffer.c"
 
Building file: ../Third-Party/FreeRTOS/org/Source/tasks.c
Building file: ../Third-Party/FreeRTOS/org/Source/timers.c
Invoking: MCU GCC Compiler
Invoking: MCU GCC Compiler
C:\Users\rlmarco\my-codes\MDK-ARM\stm32f103c8\exercises\freertos-eclipse\freertos-eclipse\Debug
C:\Users\rlmarco\my-codes\MDK-ARM\stm32f103c8\exercises\freertos-eclipse\freertos-eclipse\Debug
Finished building: ../Third-Party/FreeRTOS/org/Source/queue.c
arm-none-eabi-gcc -mcpu=cortex-m3 -mthumb -mfloat-abi=soft -DSTM32 -DSTM32F1 -DSTM32F103C8Tx -DDEBUG -DSTM32F10X_MD -DUSE_STDPERIPH_DRIVER -I"C:/Users/rlmarco/my-codes/MDK-ARM/stm32f103c8/exercises/freertos-eclipse/freertos-eclipse/StdPeriph_Driver/inc" -I"C:/Users/rlmarco/my-codes/MDK-ARM/stm32f103c8/exercises/freertos-eclipse/freertos-eclipse/Third-Party/FreeRTOS/org/Source/include" -I"C:/Users/rlmarco/my-codes/MDK-ARM/stm32f103c8/exercises/freertos-eclipse/freertos-eclipse/Config" -I"C:/Users/rlmarco/my-codes/MDK-ARM/stm32f103c8/exercises/freertos-eclipse/freertos-eclipse/Third-Party/FreeRTOS/org/Source/portable/GCC/ARM_CM3" -I"C:/Users/rlmarco/my-codes/MDK-ARM/stm32f103c8/exercises/freertos-eclipse/freertos-eclipse/inc" -I"C:/Users/rlmarco/my-codes/MDK-ARM/stm32f103c8/exercises/freertos-eclipse/freertos-eclipse/CMSIS/device" -I"C:/Users/rlmarco/my-codes/MDK-ARM/stm32f103c8/exercises/freertos-eclipse/freertos-eclipse/CMSIS/core" -O0 -g3 -Wall -fmessage-length=0 -ffunction-sections -c -MMD -MP -MF"Third-Party/FreeRTOS/org/Source/tasks.d" -MT"Third-Party/FreeRTOS/org/Source/tasks.o" -o "Third-Party/FreeRTOS/org/Source/tasks.o" "../Third-Party/FreeRTOS/org/Source/tasks.c"
Finished building: ../Third-Party/FreeRTOS/org/Source/stream_buffer.c
arm-none-eabi-gcc -mcpu=cortex-m3 -mthumb -mfloat-abi=soft -DSTM32 -DSTM32F1 -DSTM32F103C8Tx -DDEBUG -DSTM32F10X_MD -DUSE_STDPERIPH_DRIVER -I"C:/Users/rlmarco/my-codes/MDK-ARM/stm32f103c8/exercises/freertos-eclipse/freertos-eclipse/StdPeriph_Driver/inc" -I"C:/Users/rlmarco/my-codes/MDK-ARM/stm32f103c8/exercises/freertos-eclipse/freertos-eclipse/Third-Party/FreeRTOS/org/Source/include" -I"C:/Users/rlmarco/my-codes/MDK-ARM/stm32f103c8/exercises/freertos-eclipse/freertos-eclipse/Config" -I"C:/Users/rlmarco/my-codes/MDK-ARM/stm32f103c8/exercises/freertos-eclipse/freertos-eclipse/Third-Party/FreeRTOS/org/Source/portable/GCC/ARM_CM3" -I"C:/Users/rlmarco/my-codes/MDK-ARM/stm32f103c8/exercises/freertos-eclipse/freertos-eclipse/inc" -I"C:/Users/rlmarco/my-codes/MDK-ARM/stm32f103c8/exercises/freertos-eclipse/freertos-eclipse/CMSIS/device" -I"C:/Users/rlmarco/my-codes/MDK-ARM/stm32f103c8/exercises/freertos-eclipse/freertos-eclipse/CMSIS/core" -O0 -g3 -Wall -fmessage-length=0 -ffunction-sections -c -MMD -MP -MF"Third-Party/FreeRTOS/org/Source/timers.d" -MT"Third-Party/FreeRTOS/org/Source/timers.o" -o "Third-Party/FreeRTOS/org/Source/timers.o" "../Third-Party/FreeRTOS/org/Source/timers.c"
 
 
Building file: ../StdPeriph_Driver/src/misc.c
Building file: ../StdPeriph_Driver/src/stm32f10x_adc.c
Invoking: MCU GCC Compiler
Invoking: MCU GCC Compiler
C:\Users\rlmarco\my-codes\MDK-ARM\stm32f103c8\exercises\freertos-eclipse\freertos-eclipse\Debug
Finished building: ../Third-Party/FreeRTOS/org/Source/timers.c
C:\Users\rlmarco\my-codes\MDK-ARM\stm32f103c8\exercises\freertos-eclipse\freertos-eclipse\Debug
arm-none-eabi-gcc -mcpu=cortex-m3 -mthumb -mfloat-abi=soft -DSTM32 -DSTM32F1 -DSTM32F103C8Tx -DDEBUG -DSTM32F10X_MD -DUSE_STDPERIPH_DRIVER -I"C:/Users/rlmarco/my-codes/MDK-ARM/stm32f103c8/exercises/freertos-eclipse/freertos-eclipse/StdPeriph_Driver/inc" -I"C:/Users/rlmarco/my-codes/MDK-ARM/stm32f103c8/exercises/freertos-eclipse/freertos-eclipse/Third-Party/FreeRTOS/org/Source/include" -I"C:/Users/rlmarco/my-codes/MDK-ARM/stm32f103c8/exercises/freertos-eclipse/freertos-eclipse/Config" -I"C:/Users/rlmarco/my-codes/MDK-ARM/stm32f103c8/exercises/freertos-eclipse/freertos-eclipse/Third-Party/FreeRTOS/org/Source/portable/GCC/ARM_CM3" -I"C:/Users/rlmarco/my-codes/MDK-ARM/stm32f103c8/exercises/freertos-eclipse/freertos-eclipse/inc" -I"C:/Users/rlmarco/my-codes/MDK-ARM/stm32f103c8/exercises/freertos-eclipse/freertos-eclipse/CMSIS/device" -I"C:/Users/rlmarco/my-codes/MDK-ARM/stm32f103c8/exercises/freertos-eclipse/freertos-eclipse/CMSIS/core" -O0 -g3 -Wall -fmessage-length=0 -ffunction-sections -c -MMD -MP -MF"StdPeriph_Driver/src/misc.d" -MT"StdPeriph_Driver/src/misc.o" -o "StdPeriph_Driver/src/misc.o" "../StdPeriph_Driver/src/misc.c"
Finished building: ../Third-Party/FreeRTOS/org/Source/tasks.c
arm-none-eabi-gcc -mcpu=cortex-m3 -mthumb -mfloat-abi=soft -DSTM32 -DSTM32F1 -DSTM32F103C8Tx -DDEBUG -DSTM32F10X_MD -DUSE_STDPERIPH_DRIVER -I"C:/Users/rlmarco/my-codes/MDK-ARM/stm32f103c8/exercises/freertos-eclipse/freertos-eclipse/StdPeriph_Driver/inc" -I"C:/Users/rlmarco/my-codes/MDK-ARM/stm32f103c8/exercises/freertos-eclipse/freertos-eclipse/Third-Party/FreeRTOS/org/Source/include" -I"C:/Users/rlmarco/my-codes/MDK-ARM/stm32f103c8/exercises/freertos-eclipse/freertos-eclipse/Config" -I"C:/Users/rlmarco/my-codes/MDK-ARM/stm32f103c8/exercises/freertos-eclipse/freertos-eclipse/Third-Party/FreeRTOS/org/Source/portable/GCC/ARM_CM3" -I"C:/Users/rlmarco/my-codes/MDK-ARM/stm32f103c8/exercises/freertos-eclipse/freertos-eclipse/inc" -I"C:/Users/rlmarco/my-codes/MDK-ARM/stm32f103c8/exercises/freertos-eclipse/freertos-eclipse/CMSIS/device" -I"C:/Users/rlmarco/my-codes/MDK-ARM/stm32f103c8/exercises/freertos-eclipse/freertos-eclipse/CMSIS/core" -O0 -g3 -Wall -fmessage-length=0 -ffunction-sections -c -MMD -MP -MF"StdPeriph_Driver/src/stm32f10x_adc.d" -MT"StdPeriph_Driver/src/stm32f10x_adc.o" -o "StdPeriph_Driver/src/stm32f10x_adc.o" "../StdPeriph_Driver/src/stm32f10x_adc.c"
 
 
Building file: ../StdPeriph_Driver/src/stm32f10x_bkp.c
Building file: ../StdPeriph_Driver/src/stm32f10x_can.c
Invoking: MCU GCC Compiler
Invoking: MCU GCC Compiler
C:\Users\rlmarco\my-codes\MDK-ARM\stm32f103c8\exercises\freertos-eclipse\freertos-eclipse\Debug
C:\Users\rlmarco\my-codes\MDK-ARM\stm32f103c8\exercises\freertos-eclipse\freertos-eclipse\Debug
arm-none-eabi-gcc -mcpu=cortex-m3 -mthumb -mfloat-abi=soft -DSTM32 -DSTM32F1 -DSTM32F103C8Tx -DDEBUG -DSTM32F10X_MD -DUSE_STDPERIPH_DRIVER -I"C:/Users/rlmarco/my-codes/MDK-ARM/stm32f103c8/exercises/freertos-eclipse/freertos-eclipse/StdPeriph_Driver/inc" -I"C:/Users/rlmarco/my-codes/MDK-ARM/stm32f103c8/exercises/freertos-eclipse/freertos-eclipse/Third-Party/FreeRTOS/org/Source/include" -I"C:/Users/rlmarco/my-codes/MDK-ARM/stm32f103c8/exercises/freertos-eclipse/freertos-eclipse/Config" -I"C:/Users/rlmarco/my-codes/MDK-ARM/stm32f103c8/exercises/freertos-eclipse/freertos-eclipse/Third-Party/FreeRTOS/org/Source/portable/GCC/ARM_CM3" -I"C:/Users/rlmarco/my-codes/MDK-ARM/stm32f103c8/exercises/freertos-eclipse/freertos-eclipse/inc" -I"C:/Users/rlmarco/my-codes/MDK-ARM/stm32f103c8/exercises/freertos-eclipse/freertos-eclipse/CMSIS/device" -I"C:/Users/rlmarco/my-codes/MDK-ARM/stm32f103c8/exercises/freertos-eclipse/freertos-eclipse/CMSIS/core" -O0 -g3 -Wall -fmessage-length=0 -ffunction-sections -c -MMD -MP -MF"StdPeriph_Driver/src/stm32f10x_bkp.d" -MT"StdPeriph_Driver/src/stm32f10x_bkp.o" -o "StdPeriph_Driver/src/stm32f10x_bkp.o" "../StdPeriph_Driver/src/stm32f10x_bkp.c"
Finished building: ../StdPeriph_Driver/src/misc.c
arm-none-eabi-gcc -mcpu=cortex-m3 -mthumb -mfloat-abi=soft -DSTM32 -DSTM32F1 -DSTM32F103C8Tx -DDEBUG -DSTM32F10X_MD -DUSE_STDPERIPH_DRIVER -I"C:/Users/rlmarco/my-codes/MDK-ARM/stm32f103c8/exercises/freertos-eclipse/freertos-eclipse/StdPeriph_Driver/inc" -I"C:/Users/rlmarco/my-codes/MDK-ARM/stm32f103c8/exercises/freertos-eclipse/freertos-eclipse/Third-Party/FreeRTOS/org/Source/include" -I"C:/Users/rlmarco/my-codes/MDK-ARM/stm32f103c8/exercises/freertos-eclipse/freertos-eclipse/Config" -I"C:/Users/rlmarco/my-codes/MDK-ARM/stm32f103c8/exercises/freertos-eclipse/freertos-eclipse/Third-Party/FreeRTOS/org/Source/portable/GCC/ARM_CM3" -I"C:/Users/rlmarco/my-codes/MDK-ARM/stm32f103c8/exercises/freertos-eclipse/freertos-eclipse/inc" -I"C:/Users/rlmarco/my-codes/MDK-ARM/stm32f103c8/exercises/freertos-eclipse/freertos-eclipse/CMSIS/device" -I"C:/Users/rlmarco/my-codes/MDK-ARM/stm32f103c8/exercises/freertos-eclipse/freertos-eclipse/CMSIS/core" -O0 -g3 -Wall -fmessage-length=0 -ffunction-sections -c -MMD -MP -MF"StdPeriph_Driver/src/stm32f10x_can.d" -MT"StdPeriph_Driver/src/stm32f10x_can.o" -o "StdPeriph_Driver/src/stm32f10x_can.o" "../StdPeriph_Driver/src/stm32f10x_can.c"
Finished building: ../StdPeriph_Driver/src/stm32f10x_adc.c
 
 
Building file: ../StdPeriph_Driver/src/stm32f10x_cec.c
Building file: ../StdPeriph_Driver/src/stm32f10x_crc.c
Invoking: MCU GCC Compiler
Invoking: MCU GCC Compiler
C:\Users\rlmarco\my-codes\MDK-ARM\stm32f103c8\exercises\freertos-eclipse\freertos-eclipse\Debug
Finished building: ../StdPeriph_Driver/src/stm32f10x_bkp.c
arm-none-eabi-gcc -mcpu=cortex-m3 -mthumb -mfloat-abi=soft -DSTM32 -DSTM32F1 -DSTM32F103C8Tx -DDEBUG -DSTM32F10X_MD -DUSE_STDPERIPH_DRIVER -I"C:/Users/rlmarco/my-codes/MDK-ARM/stm32f103c8/exercises/freertos-eclipse/freertos-eclipse/StdPeriph_Driver/inc" -I"C:/Users/rlmarco/my-codes/MDK-ARM/stm32f103c8/exercises/freertos-eclipse/freertos-eclipse/Third-Party/FreeRTOS/org/Source/include" -I"C:/Users/rlmarco/my-codes/MDK-ARM/stm32f103c8/exercises/freertos-eclipse/freertos-eclipse/Config" -I"C:/Users/rlmarco/my-codes/MDK-ARM/stm32f103c8/exercises/freertos-eclipse/freertos-eclipse/Third-Party/FreeRTOS/org/Source/portable/GCC/ARM_CM3" -I"C:/Users/rlmarco/my-codes/MDK-ARM/stm32f103c8/exercises/freertos-eclipse/freertos-eclipse/inc" -I"C:/Users/rlmarco/my-codes/MDK-ARM/stm32f103c8/exercises/freertos-eclipse/freertos-eclipse/CMSIS/device" -I"C:/Users/rlmarco/my-codes/MDK-ARM/stm32f103c8/exercises/freertos-eclipse/freertos-eclipse/CMSIS/core" -O0 -g3 -Wall -fmessage-length=0 -ffunction-sections -c -MMD -MP -MF"StdPeriph_Driver/src/stm32f10x_cec.d" -MT"StdPeriph_Driver/src/stm32f10x_cec.o" -o "StdPeriph_Driver/src/stm32f10x_cec.o" "../StdPeriph_Driver/src/stm32f10x_cec.c"
C:\Users\rlmarco\my-codes\MDK-ARM\stm32f103c8\exercises\freertos-eclipse\freertos-eclipse\Debug
Finished building: ../StdPeriph_Driver/src/stm32f10x_can.c
arm-none-eabi-gcc -mcpu=cortex-m3 -mthumb -mfloat-abi=soft -DSTM32 -DSTM32F1 -DSTM32F103C8Tx -DDEBUG -DSTM32F10X_MD -DUSE_STDPERIPH_DRIVER -I"C:/Users/rlmarco/my-codes/MDK-ARM/stm32f103c8/exercises/freertos-eclipse/freertos-eclipse/StdPeriph_Driver/inc" -I"C:/Users/rlmarco/my-codes/MDK-ARM/stm32f103c8/exercises/freertos-eclipse/freertos-eclipse/Third-Party/FreeRTOS/org/Source/include" -I"C:/Users/rlmarco/my-codes/MDK-ARM/stm32f103c8/exercises/freertos-eclipse/freertos-eclipse/Config" -I"C:/Users/rlmarco/my-codes/MDK-ARM/stm32f103c8/exercises/freertos-eclipse/freertos-eclipse/Third-Party/FreeRTOS/org/Source/portable/GCC/ARM_CM3" -I"C:/Users/rlmarco/my-codes/MDK-ARM/stm32f103c8/exercises/freertos-eclipse/freertos-eclipse/inc" -I"C:/Users/rlmarco/my-codes/MDK-ARM/stm32f103c8/exercises/freertos-eclipse/freertos-eclipse/CMSIS/device" -I"C:/Users/rlmarco/my-codes/MDK-ARM/stm32f103c8/exercises/freertos-eclipse/freertos-eclipse/CMSIS/core" -O0 -g3 -Wall -fmessage-length=0 -ffunction-sections -c -MMD -MP -MF"StdPeriph_Driver/src/stm32f10x_crc.d" -MT"StdPeriph_Driver/src/stm32f10x_crc.o" -o "StdPeriph_Driver/src/stm32f10x_crc.o" "../StdPeriph_Driver/src/stm32f10x_crc.c"
 
 
Building file: ../StdPeriph_Driver/src/stm32f10x_dac.c
Building file: ../StdPeriph_Driver/src/stm32f10x_dbgmcu.c
Invoking: MCU GCC Compiler
Invoking: MCU GCC Compiler
C:\Users\rlmarco\my-codes\MDK-ARM\stm32f103c8\exercises\freertos-eclipse\freertos-eclipse\Debug
Finished building: ../StdPeriph_Driver/src/stm32f10x_cec.c
arm-none-eabi-gcc -mcpu=cortex-m3 -mthumb -mfloat-abi=soft -DSTM32 -DSTM32F1 -DSTM32F103C8Tx -DDEBUG -DSTM32F10X_MD -DUSE_STDPERIPH_DRIVER -I"C:/Users/rlmarco/my-codes/MDK-ARM/stm32f103c8/exercises/freertos-eclipse/freertos-eclipse/StdPeriph_Driver/inc" -I"C:/Users/rlmarco/my-codes/MDK-ARM/stm32f103c8/exercises/freertos-eclipse/freertos-eclipse/Third-Party/FreeRTOS/org/Source/include" -I"C:/Users/rlmarco/my-codes/MDK-ARM/stm32f103c8/exercises/freertos-eclipse/freertos-eclipse/Config" -I"C:/Users/rlmarco/my-codes/MDK-ARM/stm32f103c8/exercises/freertos-eclipse/freertos-eclipse/Third-Party/FreeRTOS/org/Source/portable/GCC/ARM_CM3" -I"C:/Users/rlmarco/my-codes/MDK-ARM/stm32f103c8/exercises/freertos-eclipse/freertos-eclipse/inc" -I"C:/Users/rlmarco/my-codes/MDK-ARM/stm32f103c8/exercises/freertos-eclipse/freertos-eclipse/CMSIS/device" -I"C:/Users/rlmarco/my-codes/MDK-ARM/stm32f103c8/exercises/freertos-eclipse/freertos-eclipse/CMSIS/core" -O0 -g3 -Wall -fmessage-length=0 -ffunction-sections -c -MMD -MP -MF"StdPeriph_Driver/src/stm32f10x_dac.d" -MT"StdPeriph_Driver/src/stm32f10x_dac.o" -o "StdPeriph_Driver/src/stm32f10x_dac.o" "../StdPeriph_Driver/src/stm32f10x_dac.c"
C:\Users\rlmarco\my-codes\MDK-ARM\stm32f103c8\exercises\freertos-eclipse\freertos-eclipse\Debug
Finished building: ../StdPeriph_Driver/src/stm32f10x_crc.c
arm-none-eabi-gcc -mcpu=cortex-m3 -mthumb -mfloat-abi=soft -DSTM32 -DSTM32F1 -DSTM32F103C8Tx -DDEBUG -DSTM32F10X_MD -DUSE_STDPERIPH_DRIVER -I"C:/Users/rlmarco/my-codes/MDK-ARM/stm32f103c8/exercises/freertos-eclipse/freertos-eclipse/StdPeriph_Driver/inc" -I"C:/Users/rlmarco/my-codes/MDK-ARM/stm32f103c8/exercises/freertos-eclipse/freertos-eclipse/Third-Party/FreeRTOS/org/Source/include" -I"C:/Users/rlmarco/my-codes/MDK-ARM/stm32f103c8/exercises/freertos-eclipse/freertos-eclipse/Config" -I"C:/Users/rlmarco/my-codes/MDK-ARM/stm32f103c8/exercises/freertos-eclipse/freertos-eclipse/Third-Party/FreeRTOS/org/Source/portable/GCC/ARM_CM3" -I"C:/Users/rlmarco/my-codes/MDK-ARM/stm32f103c8/exercises/freertos-eclipse/freertos-eclipse/inc" -I"C:/Users/rlmarco/my-codes/MDK-ARM/stm32f103c8/exercises/freertos-eclipse/freertos-eclipse/CMSIS/device" -I"C:/Users/rlmarco/my-codes/MDK-ARM/stm32f103c8/exercises/freertos-eclipse/freertos-eclipse/CMSIS/core" -O0 -g3 -Wall -fmessage-length=0 -ffunction-sections -c -MMD -MP -MF"StdPeriph_Driver/src/stm32f10x_dbgmcu.d" -MT"StdPeriph_Driver/src/stm32f10x_dbgmcu.o" -o "StdPeriph_Driver/src/stm32f10x_dbgmcu.o" "../StdPeriph_Driver/src/stm32f10x_dbgmcu.c"
 
 
Building file: ../StdPeriph_Driver/src/stm32f10x_dma.c
Building file: ../StdPeriph_Driver/src/stm32f10x_exti.c
Invoking: MCU GCC Compiler
Invoking: MCU GCC Compiler
C:\Users\rlmarco\my-codes\MDK-ARM\stm32f103c8\exercises\freertos-eclipse\freertos-eclipse\Debug
Finished building: ../StdPeriph_Driver/src/stm32f10x_dac.c
C:\Users\rlmarco\my-codes\MDK-ARM\stm32f103c8\exercises\freertos-eclipse\freertos-eclipse\Debug
arm-none-eabi-gcc -mcpu=cortex-m3 -mthumb -mfloat-abi=soft -DSTM32 -DSTM32F1 -DSTM32F103C8Tx -DDEBUG -DSTM32F10X_MD -DUSE_STDPERIPH_DRIVER -I"C:/Users/rlmarco/my-codes/MDK-ARM/stm32f103c8/exercises/freertos-eclipse/freertos-eclipse/StdPeriph_Driver/inc" -I"C:/Users/rlmarco/my-codes/MDK-ARM/stm32f103c8/exercises/freertos-eclipse/freertos-eclipse/Third-Party/FreeRTOS/org/Source/include" -I"C:/Users/rlmarco/my-codes/MDK-ARM/stm32f103c8/exercises/freertos-eclipse/freertos-eclipse/Config" -I"C:/Users/rlmarco/my-codes/MDK-ARM/stm32f103c8/exercises/freertos-eclipse/freertos-eclipse/Third-Party/FreeRTOS/org/Source/portable/GCC/ARM_CM3" -I"C:/Users/rlmarco/my-codes/MDK-ARM/stm32f103c8/exercises/freertos-eclipse/freertos-eclipse/inc" -I"C:/Users/rlmarco/my-codes/MDK-ARM/stm32f103c8/exercises/freertos-eclipse/freertos-eclipse/CMSIS/device" -I"C:/Users/rlmarco/my-codes/MDK-ARM/stm32f103c8/exercises/freertos-eclipse/freertos-eclipse/CMSIS/core" -O0 -g3 -Wall -fmessage-length=0 -ffunction-sections -c -MMD -MP -MF"StdPeriph_Driver/src/stm32f10x_dma.d" -MT"StdPeriph_Driver/src/stm32f10x_dma.o" -o "StdPeriph_Driver/src/stm32f10x_dma.o" "../StdPeriph_Driver/src/stm32f10x_dma.c"
Finished building: ../StdPeriph_Driver/src/stm32f10x_dbgmcu.c
arm-none-eabi-gcc -mcpu=cortex-m3 -mthumb -mfloat-abi=soft -DSTM32 -DSTM32F1 -DSTM32F103C8Tx -DDEBUG -DSTM32F10X_MD -DUSE_STDPERIPH_DRIVER -I"C:/Users/rlmarco/my-codes/MDK-ARM/stm32f103c8/exercises/freertos-eclipse/freertos-eclipse/StdPeriph_Driver/inc" -I"C:/Users/rlmarco/my-codes/MDK-ARM/stm32f103c8/exercises/freertos-eclipse/freertos-eclipse/Third-Party/FreeRTOS/org/Source/include" -I"C:/Users/rlmarco/my-codes/MDK-ARM/stm32f103c8/exercises/freertos-eclipse/freertos-eclipse/Config" -I"C:/Users/rlmarco/my-codes/MDK-ARM/stm32f103c8/exercises/freertos-eclipse/freertos-eclipse/Third-Party/FreeRTOS/org/Source/portable/GCC/ARM_CM3" -I"C:/Users/rlmarco/my-codes/MDK-ARM/stm32f103c8/exercises/freertos-eclipse/freertos-eclipse/inc" -I"C:/Users/rlmarco/my-codes/MDK-ARM/stm32f103c8/exercises/freertos-eclipse/freertos-eclipse/CMSIS/device" -I"C:/Users/rlmarco/my-codes/MDK-ARM/stm32f103c8/exercises/freertos-eclipse/freertos-eclipse/CMSIS/core" -O0 -g3 -Wall -fmessage-length=0 -ffunction-sections -c -MMD -MP -MF"StdPeriph_Driver/src/stm32f10x_exti.d" -MT"StdPeriph_Driver/src/stm32f10x_exti.o" -o "StdPeriph_Driver/src/stm32f10x_exti.o" "../StdPeriph_Driver/src/stm32f10x_exti.c"
 
 
Building file: ../StdPeriph_Driver/src/stm32f10x_flash.c
Building file: ../StdPeriph_Driver/src/stm32f10x_fsmc.c
Invoking: MCU GCC Compiler
Invoking: MCU GCC Compiler
C:\Users\rlmarco\my-codes\MDK-ARM\stm32f103c8\exercises\freertos-eclipse\freertos-eclipse\Debug
C:\Users\rlmarco\my-codes\MDK-ARM\stm32f103c8\exercises\freertos-eclipse\freertos-eclipse\Debug
Finished building: ../StdPeriph_Driver/src/stm32f10x_dma.c
arm-none-eabi-gcc -mcpu=cortex-m3 -mthumb -mfloat-abi=soft -DSTM32 -DSTM32F1 -DSTM32F103C8Tx -DDEBUG -DSTM32F10X_MD -DUSE_STDPERIPH_DRIVER -I"C:/Users/rlmarco/my-codes/MDK-ARM/stm32f103c8/exercises/freertos-eclipse/freertos-eclipse/StdPeriph_Driver/inc" -I"C:/Users/rlmarco/my-codes/MDK-ARM/stm32f103c8/exercises/freertos-eclipse/freertos-eclipse/Third-Party/FreeRTOS/org/Source/include" -I"C:/Users/rlmarco/my-codes/MDK-ARM/stm32f103c8/exercises/freertos-eclipse/freertos-eclipse/Config" -I"C:/Users/rlmarco/my-codes/MDK-ARM/stm32f103c8/exercises/freertos-eclipse/freertos-eclipse/Third-Party/FreeRTOS/org/Source/portable/GCC/ARM_CM3" -I"C:/Users/rlmarco/my-codes/MDK-ARM/stm32f103c8/exercises/freertos-eclipse/freertos-eclipse/inc" -I"C:/Users/rlmarco/my-codes/MDK-ARM/stm32f103c8/exercises/freertos-eclipse/freertos-eclipse/CMSIS/device" -I"C:/Users/rlmarco/my-codes/MDK-ARM/stm32f103c8/exercises/freertos-eclipse/freertos-eclipse/CMSIS/core" -O0 -g3 -Wall -fmessage-length=0 -ffunction-sections -c -MMD -MP -MF"StdPeriph_Driver/src/stm32f10x_flash.d" -MT"StdPeriph_Driver/src/stm32f10x_flash.o" -o "StdPeriph_Driver/src/stm32f10x_flash.o" "../StdPeriph_Driver/src/stm32f10x_flash.c"
Finished building: ../StdPeriph_Driver/src/stm32f10x_exti.c
arm-none-eabi-gcc -mcpu=cortex-m3 -mthumb -mfloat-abi=soft -DSTM32 -DSTM32F1 -DSTM32F103C8Tx -DDEBUG -DSTM32F10X_MD -DUSE_STDPERIPH_DRIVER -I"C:/Users/rlmarco/my-codes/MDK-ARM/stm32f103c8/exercises/freertos-eclipse/freertos-eclipse/StdPeriph_Driver/inc" -I"C:/Users/rlmarco/my-codes/MDK-ARM/stm32f103c8/exercises/freertos-eclipse/freertos-eclipse/Third-Party/FreeRTOS/org/Source/include" -I"C:/Users/rlmarco/my-codes/MDK-ARM/stm32f103c8/exercises/freertos-eclipse/freertos-eclipse/Config" -I"C:/Users/rlmarco/my-codes/MDK-ARM/stm32f103c8/exercises/freertos-eclipse/freertos-eclipse/Third-Party/FreeRTOS/org/Source/portable/GCC/ARM_CM3" -I"C:/Users/rlmarco/my-codes/MDK-ARM/stm32f103c8/exercises/freertos-eclipse/freertos-eclipse/inc" -I"C:/Users/rlmarco/my-codes/MDK-ARM/stm32f103c8/exercises/freertos-eclipse/freertos-eclipse/CMSIS/device" -I"C:/Users/rlmarco/my-codes/MDK-ARM/stm32f103c8/exercises/freertos-eclipse/freertos-eclipse/CMSIS/core" -O0 -g3 -Wall -fmessage-length=0 -ffunction-sections -c -MMD -MP -MF"StdPeriph_Driver/src/stm32f10x_fsmc.d" -MT"StdPeriph_Driver/src/stm32f10x_fsmc.o" -o "StdPeriph_Driver/src/stm32f10x_fsmc.o" "../StdPeriph_Driver/src/stm32f10x_fsmc.c"
 
 
Building file: ../StdPeriph_Driver/src/stm32f10x_gpio.c
Building file: ../StdPeriph_Driver/src/stm32f10x_i2c.c
Invoking: MCU GCC Compiler
Invoking: MCU GCC Compiler
C:\Users\rlmarco\my-codes\MDK-ARM\stm32f103c8\exercises\freertos-eclipse\freertos-eclipse\Debug
arm-none-eabi-gcc -mcpu=cortex-m3 -mthumb -mfloat-abi=soft -DSTM32 -DSTM32F1 -DSTM32F103C8Tx -DDEBUG -DSTM32F10X_MD -DUSE_STDPERIPH_DRIVER -I"C:/Users/rlmarco/my-codes/MDK-ARM/stm32f103c8/exercises/freertos-eclipse/freertos-eclipse/StdPeriph_Driver/inc" -I"C:/Users/rlmarco/my-codes/MDK-ARM/stm32f103c8/exercises/freertos-eclipse/freertos-eclipse/Third-Party/FreeRTOS/org/Source/include" -I"C:/Users/rlmarco/my-codes/MDK-ARM/stm32f103c8/exercises/freertos-eclipse/freertos-eclipse/Config" -I"C:/Users/rlmarco/my-codes/MDK-ARM/stm32f103c8/exercises/freertos-eclipse/freertos-eclipse/Third-Party/FreeRTOS/org/Source/portable/GCC/ARM_CM3" -I"C:/Users/rlmarco/my-codes/MDK-ARM/stm32f103c8/exercises/freertos-eclipse/freertos-eclipse/inc" -I"C:/Users/rlmarco/my-codes/MDK-ARM/stm32f103c8/exercises/freertos-eclipse/freertos-eclipse/CMSIS/device" -I"C:/Users/rlmarco/my-codes/MDK-ARM/stm32f103c8/exercises/freertos-eclipse/freertos-eclipse/CMSIS/core" -O0 -g3 -Wall -fmessage-length=0 -ffunction-sections -c -MMD -MP -MF"StdPeriph_Driver/src/stm32f10x_gpio.d" -MT"StdPeriph_Driver/src/stm32f10x_gpio.o" -o "StdPeriph_Driver/src/stm32f10x_gpio.o" "../StdPeriph_Driver/src/stm32f10x_gpio.c"
C:\Users\rlmarco\my-codes\MDK-ARM\stm32f103c8\exercises\freertos-eclipse\freertos-eclipse\Debug
Finished building: ../StdPeriph_Driver/src/stm32f10x_flash.c
arm-none-eabi-gcc -mcpu=cortex-m3 -mthumb -mfloat-abi=soft -DSTM32 -DSTM32F1 -DSTM32F103C8Tx -DDEBUG -DSTM32F10X_MD -DUSE_STDPERIPH_DRIVER -I"C:/Users/rlmarco/my-codes/MDK-ARM/stm32f103c8/exercises/freertos-eclipse/freertos-eclipse/StdPeriph_Driver/inc" -I"C:/Users/rlmarco/my-codes/MDK-ARM/stm32f103c8/exercises/freertos-eclipse/freertos-eclipse/Third-Party/FreeRTOS/org/Source/include" -I"C:/Users/rlmarco/my-codes/MDK-ARM/stm32f103c8/exercises/freertos-eclipse/freertos-eclipse/Config" -I"C:/Users/rlmarco/my-codes/MDK-ARM/stm32f103c8/exercises/freertos-eclipse/freertos-eclipse/Third-Party/FreeRTOS/org/Source/portable/GCC/ARM_CM3" -I"C:/Users/rlmarco/my-codes/MDK-ARM/stm32f103c8/exercises/freertos-eclipse/freertos-eclipse/inc" -I"C:/Users/rlmarco/my-codes/MDK-ARM/stm32f103c8/exercises/freertos-eclipse/freertos-eclipse/CMSIS/device" -I"C:/Users/rlmarco/my-codes/MDK-ARM/stm32f103c8/exercises/freertos-eclipse/freertos-eclipse/CMSIS/core" -O0 -g3 -Wall -fmessage-length=0 -ffunction-sections -c -MMD -MP -MF"StdPeriph_Driver/src/stm32f10x_i2c.d" -MT"StdPeriph_Driver/src/stm32f10x_i2c.o" -o "StdPeriph_Driver/src/stm32f10x_i2c.o" "../StdPeriph_Driver/src/stm32f10x_i2c.c"
Finished building: ../StdPeriph_Driver/src/stm32f10x_fsmc.c
 
 
Building file: ../StdPeriph_Driver/src/stm32f10x_iwdg.c
Building file: ../StdPeriph_Driver/src/stm32f10x_pwr.c
Invoking: MCU GCC Compiler
Invoking: MCU GCC Compiler
Finished building: ../StdPeriph_Driver/src/stm32f10x_gpio.c
C:\Users\rlmarco\my-codes\MDK-ARM\stm32f103c8\exercises\freertos-eclipse\freertos-eclipse\Debug
C:\Users\rlmarco\my-codes\MDK-ARM\stm32f103c8\exercises\freertos-eclipse\freertos-eclipse\Debug
Finished building: ../StdPeriph_Driver/src/stm32f10x_i2c.c
arm-none-eabi-gcc -mcpu=cortex-m3 -mthumb -mfloat-abi=soft -DSTM32 -DSTM32F1 -DSTM32F103C8Tx -DDEBUG -DSTM32F10X_MD -DUSE_STDPERIPH_DRIVER -I"C:/Users/rlmarco/my-codes/MDK-ARM/stm32f103c8/exercises/freertos-eclipse/freertos-eclipse/StdPeriph_Driver/inc" -I"C:/Users/rlmarco/my-codes/MDK-ARM/stm32f103c8/exercises/freertos-eclipse/freertos-eclipse/Third-Party/FreeRTOS/org/Source/include" -I"C:/Users/rlmarco/my-codes/MDK-ARM/stm32f103c8/exercises/freertos-eclipse/freertos-eclipse/Config" -I"C:/Users/rlmarco/my-codes/MDK-ARM/stm32f103c8/exercises/freertos-eclipse/freertos-eclipse/Third-Party/FreeRTOS/org/Source/portable/GCC/ARM_CM3" -I"C:/Users/rlmarco/my-codes/MDK-ARM/stm32f103c8/exercises/freertos-eclipse/freertos-eclipse/inc" -I"C:/Users/rlmarco/my-codes/MDK-ARM/stm32f103c8/exercises/freertos-eclipse/freertos-eclipse/CMSIS/device" -I"C:/Users/rlmarco/my-codes/MDK-ARM/stm32f103c8/exercises/freertos-eclipse/freertos-eclipse/CMSIS/core" -O0 -g3 -Wall -fmessage-length=0 -ffunction-sections -c -MMD -MP -MF"StdPeriph_Driver/src/stm32f10x_iwdg.d" -MT"StdPeriph_Driver/src/stm32f10x_iwdg.o" -o "StdPeriph_Driver/src/stm32f10x_iwdg.o" "../StdPeriph_Driver/src/stm32f10x_iwdg.c"
 
arm-none-eabi-gcc -mcpu=cortex-m3 -mthumb -mfloat-abi=soft -DSTM32 -DSTM32F1 -DSTM32F103C8Tx -DDEBUG -DSTM32F10X_MD -DUSE_STDPERIPH_DRIVER -I"C:/Users/rlmarco/my-codes/MDK-ARM/stm32f103c8/exercises/freertos-eclipse/freertos-eclipse/StdPeriph_Driver/inc" -I"C:/Users/rlmarco/my-codes/MDK-ARM/stm32f103c8/exercises/freertos-eclipse/freertos-eclipse/Third-Party/FreeRTOS/org/Source/include" -I"C:/Users/rlmarco/my-codes/MDK-ARM/stm32f103c8/exercises/freertos-eclipse/freertos-eclipse/Config" -I"C:/Users/rlmarco/my-codes/MDK-ARM/stm32f103c8/exercises/freertos-eclipse/freertos-eclipse/Third-Party/FreeRTOS/org/Source/portable/GCC/ARM_CM3" -I"C:/Users/rlmarco/my-codes/MDK-ARM/stm32f103c8/exercises/freertos-eclipse/freertos-eclipse/inc" -I"C:/Users/rlmarco/my-codes/MDK-ARM/stm32f103c8/exercises/freertos-eclipse/freertos-eclipse/CMSIS/device" -I"C:/Users/rlmarco/my-codes/MDK-ARM/stm32f103c8/exercises/freertos-eclipse/freertos-eclipse/CMSIS/core" -O0 -g3 -Wall -fmessage-length=0 -ffunction-sections -c -MMD -MP -MF"StdPeriph_Driver/src/stm32f10x_pwr.d" -MT"StdPeriph_Driver/src/stm32f10x_pwr.o" -o "StdPeriph_Driver/src/stm32f10x_pwr.o" "../StdPeriph_Driver/src/stm32f10x_pwr.c"
 
Building file: ../StdPeriph_Driver/src/stm32f10x_rcc.c
Building file: ../StdPeriph_Driver/src/stm32f10x_rtc.c
Invoking: MCU GCC Compiler
Invoking: MCU GCC Compiler
C:\Users\rlmarco\my-codes\MDK-ARM\stm32f103c8\exercises\freertos-eclipse\freertos-eclipse\Debug
arm-none-eabi-gcc -mcpu=cortex-m3 -mthumb -mfloat-abi=soft -DSTM32 -DSTM32F1 -DSTM32F103C8Tx -DDEBUG -DSTM32F10X_MD -DUSE_STDPERIPH_DRIVER -I"C:/Users/rlmarco/my-codes/MDK-ARM/stm32f103c8/exercises/freertos-eclipse/freertos-eclipse/StdPeriph_Driver/inc" -I"C:/Users/rlmarco/my-codes/MDK-ARM/stm32f103c8/exercises/freertos-eclipse/freertos-eclipse/Third-Party/FreeRTOS/org/Source/include" -I"C:/Users/rlmarco/my-codes/MDK-ARM/stm32f103c8/exercises/freertos-eclipse/freertos-eclipse/Config" -I"C:/Users/rlmarco/my-codes/MDK-ARM/stm32f103c8/exercises/freertos-eclipse/freertos-eclipse/Third-Party/FreeRTOS/org/Source/portable/GCC/ARM_CM3" -I"C:/Users/rlmarco/my-codes/MDK-ARM/stm32f103c8/exercises/freertos-eclipse/freertos-eclipse/inc" -I"C:/Users/rlmarco/my-codes/MDK-ARM/stm32f103c8/exercises/freertos-eclipse/freertos-eclipse/CMSIS/device" -I"C:/Users/rlmarco/my-codes/MDK-ARM/stm32f103c8/exercises/freertos-eclipse/freertos-eclipse/CMSIS/core" -O0 -g3 -Wall -fmessage-length=0 -ffunction-sections -c -MMD -MP -MF"StdPeriph_Driver/src/stm32f10x_rcc.d" -MT"StdPeriph_Driver/src/stm32f10x_rcc.o" -o "StdPeriph_Driver/src/stm32f10x_rcc.o" "../StdPeriph_Driver/src/stm32f10x_rcc.c"
C:\Users\rlmarco\my-codes\MDK-ARM\stm32f103c8\exercises\freertos-eclipse\freertos-eclipse\Debug
Finished building: ../StdPeriph_Driver/src/stm32f10x_iwdg.c
arm-none-eabi-gcc -mcpu=cortex-m3 -mthumb -mfloat-abi=soft -DSTM32 -DSTM32F1 -DSTM32F103C8Tx -DDEBUG -DSTM32F10X_MD -DUSE_STDPERIPH_DRIVER -I"C:/Users/rlmarco/my-codes/MDK-ARM/stm32f103c8/exercises/freertos-eclipse/freertos-eclipse/StdPeriph_Driver/inc" -I"C:/Users/rlmarco/my-codes/MDK-ARM/stm32f103c8/exercises/freertos-eclipse/freertos-eclipse/Third-Party/FreeRTOS/org/Source/include" -I"C:/Users/rlmarco/my-codes/MDK-ARM/stm32f103c8/exercises/freertos-eclipse/freertos-eclipse/Config" -I"C:/Users/rlmarco/my-codes/MDK-ARM/stm32f103c8/exercises/freertos-eclipse/freertos-eclipse/Third-Party/FreeRTOS/org/Source/portable/GCC/ARM_CM3" -I"C:/Users/rlmarco/my-codes/MDK-ARM/stm32f103c8/exercises/freertos-eclipse/freertos-eclipse/inc" -I"C:/Users/rlmarco/my-codes/MDK-ARM/stm32f103c8/exercises/freertos-eclipse/freertos-eclipse/CMSIS/device" -I"C:/Users/rlmarco/my-codes/MDK-ARM/stm32f103c8/exercises/freertos-eclipse/freertos-eclipse/CMSIS/core" -O0 -g3 -Wall -fmessage-length=0 -ffunction-sections -c -MMD -MP -MF"StdPeriph_Driver/src/stm32f10x_rtc.d" -MT"StdPeriph_Driver/src/stm32f10x_rtc.o" -o "StdPeriph_Driver/src/stm32f10x_rtc.o" "../StdPeriph_Driver/src/stm32f10x_rtc.c"
Finished building: ../StdPeriph_Driver/src/stm32f10x_pwr.c
 
 
Building file: ../StdPeriph_Driver/src/stm32f10x_sdio.c
Building file: ../StdPeriph_Driver/src/stm32f10x_spi.c
Invoking: MCU GCC Compiler
Invoking: MCU GCC Compiler
Finished building: ../StdPeriph_Driver/src/stm32f10x_rcc.c
C:\Users\rlmarco\my-codes\MDK-ARM\stm32f103c8\exercises\freertos-eclipse\freertos-eclipse\Debug
Finished building: ../StdPeriph_Driver/src/stm32f10x_rtc.c
C:\Users\rlmarco\my-codes\MDK-ARM\stm32f103c8\exercises\freertos-eclipse\freertos-eclipse\Debug
arm-none-eabi-gcc -mcpu=cortex-m3 -mthumb -mfloat-abi=soft -DSTM32 -DSTM32F1 -DSTM32F103C8Tx -DDEBUG -DSTM32F10X_MD -DUSE_STDPERIPH_DRIVER -I"C:/Users/rlmarco/my-codes/MDK-ARM/stm32f103c8/exercises/freertos-eclipse/freertos-eclipse/StdPeriph_Driver/inc" -I"C:/Users/rlmarco/my-codes/MDK-ARM/stm32f103c8/exercises/freertos-eclipse/freertos-eclipse/Third-Party/FreeRTOS/org/Source/include" -I"C:/Users/rlmarco/my-codes/MDK-ARM/stm32f103c8/exercises/freertos-eclipse/freertos-eclipse/Config" -I"C:/Users/rlmarco/my-codes/MDK-ARM/stm32f103c8/exercises/freertos-eclipse/freertos-eclipse/Third-Party/FreeRTOS/org/Source/portable/GCC/ARM_CM3" -I"C:/Users/rlmarco/my-codes/MDK-ARM/stm32f103c8/exercises/freertos-eclipse/freertos-eclipse/inc" -I"C:/Users/rlmarco/my-codes/MDK-ARM/stm32f103c8/exercises/freertos-eclipse/freertos-eclipse/CMSIS/device" -I"C:/Users/rlmarco/my-codes/MDK-ARM/stm32f103c8/exercises/freertos-eclipse/freertos-eclipse/CMSIS/core" -O0 -g3 -Wall -fmessage-length=0 -ffunction-sections -c -MMD -MP -MF"StdPeriph_Driver/src/stm32f10x_sdio.d" -MT"StdPeriph_Driver/src/stm32f10x_sdio.o" -o "StdPeriph_Driver/src/stm32f10x_sdio.o" "../StdPeriph_Driver/src/stm32f10x_sdio.c"
 
arm-none-eabi-gcc -mcpu=cortex-m3 -mthumb -mfloat-abi=soft -DSTM32 -DSTM32F1 -DSTM32F103C8Tx -DDEBUG -DSTM32F10X_MD -DUSE_STDPERIPH_DRIVER -I"C:/Users/rlmarco/my-codes/MDK-ARM/stm32f103c8/exercises/freertos-eclipse/freertos-eclipse/StdPeriph_Driver/inc" -I"C:/Users/rlmarco/my-codes/MDK-ARM/stm32f103c8/exercises/freertos-eclipse/freertos-eclipse/Third-Party/FreeRTOS/org/Source/include" -I"C:/Users/rlmarco/my-codes/MDK-ARM/stm32f103c8/exercises/freertos-eclipse/freertos-eclipse/Config" -I"C:/Users/rlmarco/my-codes/MDK-ARM/stm32f103c8/exercises/freertos-eclipse/freertos-eclipse/Third-Party/FreeRTOS/org/Source/portable/GCC/ARM_CM3" -I"C:/Users/rlmarco/my-codes/MDK-ARM/stm32f103c8/exercises/freertos-eclipse/freertos-eclipse/inc" -I"C:/Users/rlmarco/my-codes/MDK-ARM/stm32f103c8/exercises/freertos-eclipse/freertos-eclipse/CMSIS/device" -I"C:/Users/rlmarco/my-codes/MDK-ARM/stm32f103c8/exercises/freertos-eclipse/freertos-eclipse/CMSIS/core" -O0 -g3 -Wall -fmessage-length=0 -ffunction-sections -c -MMD -MP -MF"StdPeriph_Driver/src/stm32f10x_spi.d" -MT"StdPeriph_Driver/src/stm32f10x_spi.o" -o "StdPeriph_Driver/src/stm32f10x_spi.o" "../StdPeriph_Driver/src/stm32f10x_spi.c"
 
Building file: ../StdPeriph_Driver/src/stm32f10x_tim.c
Building file: ../StdPeriph_Driver/src/stm32f10x_usart.c
Invoking: MCU GCC Compiler
Invoking: MCU GCC Compiler
C:\Users\rlmarco\my-codes\MDK-ARM\stm32f103c8\exercises\freertos-eclipse\freertos-eclipse\Debug
C:\Users\rlmarco\my-codes\MDK-ARM\stm32f103c8\exercises\freertos-eclipse\freertos-eclipse\Debug
arm-none-eabi-gcc -mcpu=cortex-m3 -mthumb -mfloat-abi=soft -DSTM32 -DSTM32F1 -DSTM32F103C8Tx -DDEBUG -DSTM32F10X_MD -DUSE_STDPERIPH_DRIVER -I"C:/Users/rlmarco/my-codes/MDK-ARM/stm32f103c8/exercises/freertos-eclipse/freertos-eclipse/StdPeriph_Driver/inc" -I"C:/Users/rlmarco/my-codes/MDK-ARM/stm32f103c8/exercises/freertos-eclipse/freertos-eclipse/Third-Party/FreeRTOS/org/Source/include" -I"C:/Users/rlmarco/my-codes/MDK-ARM/stm32f103c8/exercises/freertos-eclipse/freertos-eclipse/Config" -I"C:/Users/rlmarco/my-codes/MDK-ARM/stm32f103c8/exercises/freertos-eclipse/freertos-eclipse/Third-Party/FreeRTOS/org/Source/portable/GCC/ARM_CM3" -I"C:/Users/rlmarco/my-codes/MDK-ARM/stm32f103c8/exercises/freertos-eclipse/freertos-eclipse/inc" -I"C:/Users/rlmarco/my-codes/MDK-ARM/stm32f103c8/exercises/freertos-eclipse/freertos-eclipse/CMSIS/device" -I"C:/Users/rlmarco/my-codes/MDK-ARM/stm32f103c8/exercises/freertos-eclipse/freertos-eclipse/CMSIS/core" -O0 -g3 -Wall -fmessage-length=0 -ffunction-sections -c -MMD -MP -MF"StdPeriph_Driver/src/stm32f10x_tim.d" -MT"StdPeriph_Driver/src/stm32f10x_tim.o" -o "StdPeriph_Driver/src/stm32f10x_tim.o" "../StdPeriph_Driver/src/stm32f10x_tim.c"
Finished building: ../StdPeriph_Driver/src/stm32f10x_sdio.c
arm-none-eabi-gcc -mcpu=cortex-m3 -mthumb -mfloat-abi=soft -DSTM32 -DSTM32F1 -DSTM32F103C8Tx -DDEBUG -DSTM32F10X_MD -DUSE_STDPERIPH_DRIVER -I"C:/Users/rlmarco/my-codes/MDK-ARM/stm32f103c8/exercises/freertos-eclipse/freertos-eclipse/StdPeriph_Driver/inc" -I"C:/Users/rlmarco/my-codes/MDK-ARM/stm32f103c8/exercises/freertos-eclipse/freertos-eclipse/Third-Party/FreeRTOS/org/Source/include" -I"C:/Users/rlmarco/my-codes/MDK-ARM/stm32f103c8/exercises/freertos-eclipse/freertos-eclipse/Config" -I"C:/Users/rlmarco/my-codes/MDK-ARM/stm32f103c8/exercises/freertos-eclipse/freertos-eclipse/Third-Party/FreeRTOS/org/Source/portable/GCC/ARM_CM3" -I"C:/Users/rlmarco/my-codes/MDK-ARM/stm32f103c8/exercises/freertos-eclipse/freertos-eclipse/inc" -I"C:/Users/rlmarco/my-codes/MDK-ARM/stm32f103c8/exercises/freertos-eclipse/freertos-eclipse/CMSIS/device" -I"C:/Users/rlmarco/my-codes/MDK-ARM/stm32f103c8/exercises/freertos-eclipse/freertos-eclipse/CMSIS/core" -O0 -g3 -Wall -fmessage-length=0 -ffunction-sections -c -MMD -MP -MF"StdPeriph_Driver/src/stm32f10x_usart.d" -MT"StdPeriph_Driver/src/stm32f10x_usart.o" -o "StdPeriph_Driver/src/stm32f10x_usart.o" "../StdPeriph_Driver/src/stm32f10x_usart.c"
Finished building: ../StdPeriph_Driver/src/stm32f10x_spi.c
 
 
Building file: ../StdPeriph_Driver/src/stm32f10x_wwdg.c
Building file: ../CMSIS/core/core_cm3.c
Invoking: MCU GCC Compiler
Invoking: MCU GCC Compiler
C:\Users\rlmarco\my-codes\MDK-ARM\stm32f103c8\exercises\freertos-eclipse\freertos-eclipse\Debug
arm-none-eabi-gcc -mcpu=cortex-m3 -mthumb -mfloat-abi=soft -DSTM32 -DSTM32F1 -DSTM32F103C8Tx -DDEBUG -DSTM32F10X_MD -DUSE_STDPERIPH_DRIVER -I"C:/Users/rlmarco/my-codes/MDK-ARM/stm32f103c8/exercises/freertos-eclipse/freertos-eclipse/StdPeriph_Driver/inc" -I"C:/Users/rlmarco/my-codes/MDK-ARM/stm32f103c8/exercises/freertos-eclipse/freertos-eclipse/Third-Party/FreeRTOS/org/Source/include" -I"C:/Users/rlmarco/my-codes/MDK-ARM/stm32f103c8/exercises/freertos-eclipse/freertos-eclipse/Config" -I"C:/Users/rlmarco/my-codes/MDK-ARM/stm32f103c8/exercises/freertos-eclipse/freertos-eclipse/Third-Party/FreeRTOS/org/Source/portable/GCC/ARM_CM3" -I"C:/Users/rlmarco/my-codes/MDK-ARM/stm32f103c8/exercises/freertos-eclipse/freertos-eclipse/inc" -I"C:/Users/rlmarco/my-codes/MDK-ARM/stm32f103c8/exercises/freertos-eclipse/freertos-eclipse/CMSIS/device" -I"C:/Users/rlmarco/my-codes/MDK-ARM/stm32f103c8/exercises/freertos-eclipse/freertos-eclipse/CMSIS/core" -O0 -g3 -Wall -fmessage-length=0 -ffunction-sections -c -MMD -MP -MF"StdPeriph_Driver/src/stm32f10x_wwdg.d" -MT"StdPeriph_Driver/src/stm32f10x_wwdg.o" -o "StdPeriph_Driver/src/stm32f10x_wwdg.o" "../StdPeriph_Driver/src/stm32f10x_wwdg.c"
C:\Users\rlmarco\my-codes\MDK-ARM\stm32f103c8\exercises\freertos-eclipse\freertos-eclipse\Debug
Finished building: ../StdPeriph_Driver/src/stm32f10x_tim.c
arm-none-eabi-gcc -mcpu=cortex-m3 -mthumb -mfloat-abi=soft -DSTM32 -DSTM32F1 -DSTM32F103C8Tx -DDEBUG -DSTM32F10X_MD -DUSE_STDPERIPH_DRIVER -I"C:/Users/rlmarco/my-codes/MDK-ARM/stm32f103c8/exercises/freertos-eclipse/freertos-eclipse/StdPeriph_Driver/inc" -I"C:/Users/rlmarco/my-codes/MDK-ARM/stm32f103c8/exercises/freertos-eclipse/freertos-eclipse/Third-Party/FreeRTOS/org/Source/include" -I"C:/Users/rlmarco/my-codes/MDK-ARM/stm32f103c8/exercises/freertos-eclipse/freertos-eclipse/Config" -I"C:/Users/rlmarco/my-codes/MDK-ARM/stm32f103c8/exercises/freertos-eclipse/freertos-eclipse/Third-Party/FreeRTOS/org/Source/portable/GCC/ARM_CM3" -I"C:/Users/rlmarco/my-codes/MDK-ARM/stm32f103c8/exercises/freertos-eclipse/freertos-eclipse/inc" -I"C:/Users/rlmarco/my-codes/MDK-ARM/stm32f103c8/exercises/freertos-eclipse/freertos-eclipse/CMSIS/device" -I"C:/Users/rlmarco/my-codes/MDK-ARM/stm32f103c8/exercises/freertos-eclipse/freertos-eclipse/CMSIS/core" -O0 -g3 -Wall -fmessage-length=0 -ffunction-sections -c -MMD -MP -MF"CMSIS/core/core_cm3.d" -MT"CMSIS/core/core_cm3.o" -o "CMSIS/core/core_cm3.o" "../CMSIS/core/core_cm3.c"
Finished building: ../StdPeriph_Driver/src/stm32f10x_usart.c
 
 
Finished building: ../StdPeriph_Driver/src/stm32f10x_wwdg.c
Finished building: ../CMSIS/core/core_cm3.c
 
 
Building target: freertos-eclipse.elf
Invoking: MCU GCC Linker
arm-none-eabi-gcc -mcpu=cortex-m3 -mthumb -mfloat-abi=soft -T"C:/Users/rlmarco/my-codes/MDK-ARM/stm32f103c8/exercises/freertos-eclipse/freertos-eclipse/LinkerScript.ld" -Wl,-Map=output.map -Wl,--gc-sections -o "freertos-eclipse.elf" @"objects.list"   -lm
Finished building target: freertos-eclipse.elf
 
make --no-print-directory post-build
Generating binary and Printing size information:
arm-none-eabi-objcopy -O binary "freertos-eclipse.elf" "freertos-eclipse.bin"
arm-none-eabi-size "freertos-eclipse.elf"
   text	   data	    bss	    dec	    hex	filename
  12072	   1136	   7604	  20812	   514c	freertos-eclipse.elf
 
14:09:56 **** Incremental Build of configuration Debug for project freertos-eclipse ****
make -j8 all 
Building file: ../src/main.c
Invoking: MCU GCC Compiler
C:\Users\rlmarco\my-codes\MDK-ARM\stm32f103c8\exercises\freertos-eclipse\freertos-eclipse\Debug
arm-none-eabi-gcc -mcpu=cortex-m3 -mthumb -mfloat-abi=soft -DSTM32 -DSTM32F1 -DSTM32F103C8Tx -DDEBUG -DSTM32F10X_MD -DUSE_STDPERIPH_DRIVER -I"C:/Users/rlmarco/my-codes/MDK-ARM/stm32f103c8/exercises/freertos-eclipse/freertos-eclipse/StdPeriph_Driver/inc" -I"C:/Users/rlmarco/my-codes/MDK-ARM/stm32f103c8/exercises/freertos-eclipse/freertos-eclipse/Third-Party/FreeRTOS/org/Source/include" -I"C:/Users/rlmarco/my-codes/MDK-ARM/stm32f103c8/exercises/freertos-eclipse/freertos-eclipse/Config" -I"C:/Users/rlmarco/my-codes/MDK-ARM/stm32f103c8/exercises/freertos-eclipse/freertos-eclipse/Third-Party/FreeRTOS/org/Source/portable/GCC/ARM_CM3" -I"C:/Users/rlmarco/my-codes/MDK-ARM/stm32f103c8/exercises/freertos-eclipse/freertos-eclipse/inc" -I"C:/Users/rlmarco/my-codes/MDK-ARM/stm32f103c8/exercises/freertos-eclipse/freertos-eclipse/CMSIS/device" -I"C:/Users/rlmarco/my-codes/MDK-ARM/stm32f103c8/exercises/freertos-eclipse/freertos-eclipse/CMSIS/core" -O0 -g3 -Wall -fmessage-length=0 -ffunction-sections -c -MMD -MP -MF"src/main.d" -MT"src/main.o" -o "src/main.o" "../src/main.c"
Finished building: ../src/main.c
 
Building target: freertos-eclipse.elf
Invoking: MCU GCC Linker
arm-none-eabi-gcc -mcpu=cortex-m3 -mthumb -mfloat-abi=soft -T"C:/Users/rlmarco/my-codes/MDK-ARM/stm32f103c8/exercises/freertos-eclipse/freertos-eclipse/LinkerScript.ld" -Wl,-Map=output.map -Wl,--gc-sections -o "freertos-eclipse.elf" @"objects.list"   -lm
Finished building target: freertos-eclipse.elf
 
make --no-print-directory post-build
Generating binary and Printing size information:
arm-none-eabi-objcopy -O binary "freertos-eclipse.elf" "freertos-eclipse.bin"
arm-none-eabi-size "freertos-eclipse.elf"
   text	   data	    bss	    dec	    hex	filename
  12072	   1136	   7604	  20812	   514c	freertos-eclipse.elf
 
14:14:57 **** Incremental Build of configuration Debug for project freertos-eclipse ****
make -j8 all 
Building file: ../src/main.c
Invoking: MCU GCC Compiler
C:\Users\rlmarco\my-codes\MDK-ARM\stm32f103c8\exercises\freertos-eclipse\freertos-eclipse\Debug
arm-none-eabi-gcc -mcpu=cortex-m3 -mthumb -mfloat-abi=soft -DSTM32 -DSTM32F1 -DSTM32F103C8Tx -DDEBUG -DSTM32F10X_MD -DUSE_STDPERIPH_DRIVER -I"C:/Users/rlmarco/my-codes/MDK-ARM/stm32f103c8/exercises/freertos-eclipse/freertos-eclipse/StdPeriph_Driver/inc" -I"C:/Users/rlmarco/my-codes/MDK-ARM/stm32f103c8/exercises/freertos-eclipse/freertos-eclipse/Third-Party/FreeRTOS/org/Source/include" -I"C:/Users/rlmarco/my-codes/MDK-ARM/stm32f103c8/exercises/freertos-eclipse/freertos-eclipse/Config" -I"C:/Users/rlmarco/my-codes/MDK-ARM/stm32f103c8/exercises/freertos-eclipse/freertos-eclipse/Third-Party/FreeRTOS/org/Source/portable/GCC/ARM_CM3" -I"C:/Users/rlmarco/my-codes/MDK-ARM/stm32f103c8/exercises/freertos-eclipse/freertos-eclipse/inc" -I"C:/Users/rlmarco/my-codes/MDK-ARM/stm32f103c8/exercises/freertos-eclipse/freertos-eclipse/CMSIS/device" -I"C:/Users/rlmarco/my-codes/MDK-ARM/stm32f103c8/exercises/freertos-eclipse/freertos-eclipse/CMSIS/core" -O0 -g3 -Wall -fmessage-length=0 -ffunction-sections -c -MMD -MP -MF"src/main.d" -MT"src/main.o" -o "src/main.o" "../src/main.c"
Finished building: ../src/main.c
 
Building target: freertos-eclipse.elf
Invoking: MCU GCC Linker
arm-none-eabi-gcc -mcpu=cortex-m3 -mthumb -mfloat-abi=soft -T"C:/Users/rlmarco/my-codes/MDK-ARM/stm32f103c8/exercises/freertos-eclipse/freertos-eclipse/LinkerScript.ld" -Wl,-Map=output.map -Wl,--gc-sections -o "freertos-eclipse.elf" @"objects.list"   -lm
Finished building target: freertos-eclipse.elf
 
make --no-print-directory post-build
Generating binary and Printing size information:
arm-none-eabi-objcopy -O binary "freertos-eclipse.elf" "freertos-eclipse.bin"
arm-none-eabi-size "freertos-eclipse.elf"
   text	   data	    bss	    dec	    hex	filename
  10184	   1112	   7604	  18900	   49d4	freertos-eclipse.elf
 
14:15:27 **** Programming project freertos-eclipse on chip ****
"C:\\Ac6\\SystemWorkbench\\plugins\\fr.ac6.mcu.externaltools.openocd.win32_1.23.0.201904120827\\tools\\openocd\\bin\\openocd.exe" -f stm32.flash.1055164049972141999.cfg -s "C:\\Users\\rlmarco\\my-codes\\MDK-ARM\\stm32f103c8\\exercises\\freertos-eclipse\\freertos-eclipse" -s "C:\\Ac6\\SystemWorkbench\\plugins\\fr.ac6.mcu.debug_2.5.0.201904120827\\resources\\openocd\\st_scripts" -c "program Debug/freertos-eclipse.elf verify reset " -c shutdown 
Open On-Chip Debugger 0.10.0+dev-00021-g524e8c8 (2019-04-12-08:48)
Licensed under GNU GPL v2
For bug reports, read
	http://openocd.org/doc/doxygen/bugs.html
srst_only separate srst_nogate srst_open_drain connect_assert_srst
Info : The selected transport took over low-level target control. The results might differ compared to plain JTAG/SWD
adapter speed: 8000 kHz
adapter_nsrst_delay: 100
Info : clock speed 8000 kHz
Info : STLINK v2 JTAG v37 API v2 SWIM v7 VID 0x0483 PID 0x3748
Info : using stlink api v2
Info : Target voltage: 3.199479
Error: init mode failed (unable to connect to the target)
in procedure 'program' 
in procedure 'init' called at file "embedded:startup.tcl", line 495
in procedure 'ocd_bouncer'
** OpenOCD init failed **
shutdown command invoked

14:15:50 **** Programming project freertos-eclipse on chip ****
"C:\\Ac6\\SystemWorkbench\\plugins\\fr.ac6.mcu.externaltools.openocd.win32_1.23.0.201904120827\\tools\\openocd\\bin\\openocd.exe" -f stm32.flash.4123992775958877497.cfg -s "C:\\Users\\rlmarco\\my-codes\\MDK-ARM\\stm32f103c8\\exercises\\freertos-eclipse\\freertos-eclipse" -s "C:\\Ac6\\SystemWorkbench\\plugins\\fr.ac6.mcu.debug_2.5.0.201904120827\\resources\\openocd\\st_scripts" -c "program Debug/freertos-eclipse.elf verify reset " -c shutdown 
Open On-Chip Debugger 0.10.0+dev-00021-g524e8c8 (2019-04-12-08:48)
Licensed under GNU GPL v2
For bug reports, read
	http://openocd.org/doc/doxygen/bugs.html
srst_only separate srst_nogate srst_open_drain connect_assert_srst
Info : The selected transport took over low-level target control. The results might differ compared to plain JTAG/SWD
adapter speed: 8000 kHz
adapter_nsrst_delay: 100
Info : clock speed 8000 kHz
Info : STLINK v2 JTAG v37 API v2 SWIM v7 VID 0x0483 PID 0x3748
Info : using stlink api v2
Info : Target voltage: 3.188527
Info : Unable to match requested speed 8000 kHz, using 4000 kHz
Info : Stlink adapter speed set to 4000 kHz
Info : STM32F103C8Tx.cpu: hardware has 6 breakpoints, 4 watchpoints
Info : Listening on port 3333 for gdb connections
Error: jtag status contains invalid mode value - communication failure
TARGET: STM32F103C8Tx.cpu - Not halted
in procedure 'program' 
in procedure 'reset' called at file "embedded:startup.tcl", line 500
in procedure 'ocd_bouncer'

embedded:startup.tcl:476: Error: ** Unable to reset target **
in procedure 'program' 
in procedure 'program_error' called at file "embedded:startup.tcl", line 501
at file "embedded:startup.tcl", line 476
14:16:36 **** Programming project freertos-eclipse on chip ****
"C:\\Ac6\\SystemWorkbench\\plugins\\fr.ac6.mcu.externaltools.openocd.win32_1.23.0.201904120827\\tools\\openocd\\bin\\openocd.exe" -f stm32.flash.266810038487260679.cfg -s "C:\\Users\\rlmarco\\my-codes\\MDK-ARM\\stm32f103c8\\exercises\\freertos-eclipse\\freertos-eclipse" -s "C:\\Ac6\\SystemWorkbench\\plugins\\fr.ac6.mcu.debug_2.5.0.201904120827\\resources\\openocd\\st_scripts" -c "program Debug/freertos-eclipse.elf verify reset " -c shutdown 
Open On-Chip Debugger 0.10.0+dev-00021-g524e8c8 (2019-04-12-08:48)
Licensed under GNU GPL v2
For bug reports, read
	http://openocd.org/doc/doxygen/bugs.html
none separate
Info : The selected transport took over low-level target control. The results might differ compared to plain JTAG/SWD
adapter speed: 8000 kHz
adapter_nsrst_delay: 100
Info : clock speed 8000 kHz
Info : STLINK v2 JTAG v37 API v2 SWIM v7 VID 0x0483 PID 0x3748
Info : using stlink api v2
Info : Target voltage: 3.190091
Info : Unable to match requested speed 8000 kHz, using 4000 kHz
Info : Stlink adapter speed set to 4000 kHz
Info : STM32F103C8Tx.cpu: hardware has 6 breakpoints, 4 watchpoints
Info : Listening on port 3333 for gdb connections
Error: jtag status contains invalid mode value - communication failure
Polling target STM32F103C8Tx.cpu failed, trying to reexamine
Info : STM32F103C8Tx.cpu: hardware has 6 breakpoints, 4 watchpoints
Info : Previous state query failed, trying to reconnect
target halted due to debug-request, current mode: Thread 
xPSR: 0x01000000 pc: 0x08000188 msp: 0x20002160
Info : Unable to match requested speed 8000 kHz, using 4000 kHz
Info : Stlink adapter speed set to 4000 kHz
Info : Unable to match requested speed 8000 kHz, using 4000 kHz
adapter speed: 4000 kHz
** Programming Started **
auto erase enabled
Info : device id = 0x20036410
Info : flash size = 64kbytes
Error: jtag status contains invalid mode value - communication failure
Error: error waiting for target flash write algorithm
Error: error writing to flash at address 0x08000000 at offset 0x00000000
embedded:startup.tcl:476: Error: ** Programming Failed **
in procedure 'program' 
in procedure 'program_error' called at file "embedded:startup.tcl", line 535
at file "embedded:startup.tcl", line 476
14:16:57 **** Programming project freertos-eclipse on chip ****
"C:\\Ac6\\SystemWorkbench\\plugins\\fr.ac6.mcu.externaltools.openocd.win32_1.23.0.201904120827\\tools\\openocd\\bin\\openocd.exe" -f stm32.flash.2201021164714104887.cfg -s "C:\\Users\\rlmarco\\my-codes\\MDK-ARM\\stm32f103c8\\exercises\\freertos-eclipse\\freertos-eclipse" -s "C:\\Ac6\\SystemWorkbench\\plugins\\fr.ac6.mcu.debug_2.5.0.201904120827\\resources\\openocd\\st_scripts" -c "program Debug/freertos-eclipse.elf verify reset " -c shutdown 
Open On-Chip Debugger 0.10.0+dev-00021-g524e8c8 (2019-04-12-08:48)
Licensed under GNU GPL v2
For bug reports, read
	http://openocd.org/doc/doxygen/bugs.html
none separate
Info : The selected transport took over low-level target control. The results might differ compared to plain JTAG/SWD
adapter speed: 8000 kHz
adapter_nsrst_delay: 100
Info : clock speed 8000 kHz
Info : STLINK v2 JTAG v37 API v2 SWIM v7 VID 0x0483 PID 0x3748
Info : using stlink api v2
Info : Target voltage: 3.188527
Info : Unable to match requested speed 8000 kHz, using 4000 kHz
Info : Stlink adapter speed set to 4000 kHz
Info : STM32F103C8Tx.cpu: hardware has 6 breakpoints, 4 watchpoints
Info : Listening on port 3333 for gdb connections
target halted due to debug-request, current mode: Thread 
xPSR: 0x01000000 pc: 0x08002540 msp: 0x20005000
Info : Unable to match requested speed 8000 kHz, using 4000 kHz
Info : Stlink adapter speed set to 4000 kHz
Info : Unable to match requested speed 8000 kHz, using 4000 kHz
adapter speed: 4000 kHz
** Programming Started **
auto erase enabled
Info : device id = 0x20036410
Info : flash size = 64kbytes
target halted due to breakpoint, current mode: Thread 
xPSR: 0x61000000 pc: 0x2000003a msp: 0x20005000
wrote 12288 bytes from file Debug/freertos-eclipse.elf in 0.444154s (27.018 KiB/s)
** Programming Finished **
** Verify Started **
target halted due to breakpoint, current mode: Thread 
xPSR: 0x61000000 pc: 0x2000002e msp: 0x20005000
target halted due to breakpoint, current mode: Thread 
xPSR: 0x61000000 pc: 0x2000002e msp: 0x20005000
verified 11296 bytes in 0.268359s (41.106 KiB/s)
** Verified OK **
** Resetting Target **
shutdown command invoked
14:17:18 **** Incremental Build of configuration Debug for project freertos-eclipse ****
make -j8 all 
make: Nothing to be done for 'all'.
14:39:19 **** Incremental Build of configuration Debug for project freertos-eclipse ****
make -j8 all 
Building file: ../src/main.c
Building file: ../src/prv_periph.c
Invoking: MCU GCC Compiler
Invoking: MCU GCC Compiler
C:\Users\rlmarco\my-codes\MDK-ARM\stm32f103c8\exercises\freertos-eclipse\freertos-eclipse\Debug
arm-none-eabi-gcc -mcpu=cortex-m3 -mthumb -mfloat-abi=soft -DSTM32 -DSTM32F1 -DSTM32F103C8Tx -DDEBUG -DSTM32F10X_MD -DUSE_STDPERIPH_DRIVER -I"C:/Users/rlmarco/my-codes/MDK-ARM/stm32f103c8/exercises/freertos-eclipse/freertos-eclipse/StdPeriph_Driver/inc" -I"C:/Users/rlmarco/my-codes/MDK-ARM/stm32f103c8/exercises/freertos-eclipse/freertos-eclipse/Third-Party/FreeRTOS/org/Source/include" -I"C:/Users/rlmarco/my-codes/MDK-ARM/stm32f103c8/exercises/freertos-eclipse/freertos-eclipse/Config" -I"C:/Users/rlmarco/my-codes/MDK-ARM/stm32f103c8/exercises/freertos-eclipse/freertos-eclipse/Third-Party/FreeRTOS/org/Source/portable/GCC/ARM_CM3" -I"C:/Users/rlmarco/my-codes/MDK-ARM/stm32f103c8/exercises/freertos-eclipse/freertos-eclipse/inc" -I"C:/Users/rlmarco/my-codes/MDK-ARM/stm32f103c8/exercises/freertos-eclipse/freertos-eclipse/CMSIS/device" -I"C:/Users/rlmarco/my-codes/MDK-ARM/stm32f103c8/exercises/freertos-eclipse/freertos-eclipse/CMSIS/core" -O0 -g3 -Wall -fmessage-length=0 -ffunction-sections -c -MMD -MP -MF"src/main.d" -MT"src/main.o" -o "src/main.o" "../src/main.c"
C:\Users\rlmarco\my-codes\MDK-ARM\stm32f103c8\exercises\freertos-eclipse\freertos-eclipse\Debug
arm-none-eabi-gcc -mcpu=cortex-m3 -mthumb -mfloat-abi=soft -DSTM32 -DSTM32F1 -DSTM32F103C8Tx -DDEBUG -DSTM32F10X_MD -DUSE_STDPERIPH_DRIVER -I"C:/Users/rlmarco/my-codes/MDK-ARM/stm32f103c8/exercises/freertos-eclipse/freertos-eclipse/StdPeriph_Driver/inc" -I"C:/Users/rlmarco/my-codes/MDK-ARM/stm32f103c8/exercises/freertos-eclipse/freertos-eclipse/Third-Party/FreeRTOS/org/Source/include" -I"C:/Users/rlmarco/my-codes/MDK-ARM/stm32f103c8/exercises/freertos-eclipse/freertos-eclipse/Config" -I"C:/Users/rlmarco/my-codes/MDK-ARM/stm32f103c8/exercises/freertos-eclipse/freertos-eclipse/Third-Party/FreeRTOS/org/Source/portable/GCC/ARM_CM3" -I"C:/Users/rlmarco/my-codes/MDK-ARM/stm32f103c8/exercises/freertos-eclipse/freertos-eclipse/inc" -I"C:/Users/rlmarco/my-codes/MDK-ARM/stm32f103c8/exercises/freertos-eclipse/freertos-eclipse/CMSIS/device" -I"C:/Users/rlmarco/my-codes/MDK-ARM/stm32f103c8/exercises/freertos-eclipse/freertos-eclipse/CMSIS/core" -O0 -g3 -Wall -fmessage-length=0 -ffunction-sections -c -MMD -MP -MF"src/prv_periph.d" -MT"src/prv_periph.o" -o "src/prv_periph.o" "../src/prv_periph.c"
../src/prv_periph.c: In function 'uart1_init':
../src/prv_periph.c:16:1: warning: implicit declaration of function 'memset' [-Wimplicit-function-declaration]
 memset(&gpio_uart_pins, 0, sizeof(gpio_uart_pins)); // initialize to zero each member of structure
 ^~~~~~
../src/prv_periph.c:16:1: warning: incompatible implicit declaration of built-in function 'memset'
../src/prv_periph.c:16:1: note: include '<string.h>' or provide a declaration of 'memset'
../src/prv_periph.c: In function 'uart1_tx':
../src/prv_periph.c:35:27: warning: implicit declaration of function 'strlen' [-Wimplicit-function-declaration]
     for(uint32_t i=0; i < strlen(msg); i++) {
                           ^~~~~~
../src/prv_periph.c:35:27: warning: incompatible implicit declaration of built-in function 'strlen'
../src/prv_periph.c:35:27: note: include '<string.h>' or provide a declaration of 'strlen'
Finished building: ../src/main.c
Finished building: ../src/prv_periph.c
 
 
Building target: freertos-eclipse.elf
Invoking: MCU GCC Linker
arm-none-eabi-gcc -mcpu=cortex-m3 -mthumb -mfloat-abi=soft -T"C:/Users/rlmarco/my-codes/MDK-ARM/stm32f103c8/exercises/freertos-eclipse/freertos-eclipse/LinkerScript.ld" -Wl,-Map=output.map -Wl,--gc-sections -o "freertos-eclipse.elf" @"objects.list"   -lm
Finished building target: freertos-eclipse.elf
 
make --no-print-directory post-build
Generating binary and Printing size information:
arm-none-eabi-objcopy -O binary "freertos-eclipse.elf" "freertos-eclipse.bin"
arm-none-eabi-size "freertos-eclipse.elf"
   text	   data	    bss	    dec	    hex	filename
  12032	   1136	   7604	  20772	   5124	freertos-eclipse.elf
 
14:39:33 **** Programming project freertos-eclipse on chip ****
"C:\\Ac6\\SystemWorkbench\\plugins\\fr.ac6.mcu.externaltools.openocd.win32_1.23.0.201904120827\\tools\\openocd\\bin\\openocd.exe" -f stm32.flash.1782177796220435371.cfg -s "C:\\Users\\rlmarco\\my-codes\\MDK-ARM\\stm32f103c8\\exercises\\freertos-eclipse\\freertos-eclipse" -s "C:\\Ac6\\SystemWorkbench\\plugins\\fr.ac6.mcu.debug_2.5.0.201904120827\\resources\\openocd\\st_scripts" -c "program Debug/freertos-eclipse.elf verify reset " -c shutdown 
Open On-Chip Debugger 0.10.0+dev-00021-g524e8c8 (2019-04-12-08:48)
Licensed under GNU GPL v2
For bug reports, read
	http://openocd.org/doc/doxygen/bugs.html
none separate
Info : The selected transport took over low-level target control. The results might differ compared to plain JTAG/SWD
adapter speed: 8000 kHz
adapter_nsrst_delay: 100
Info : clock speed 8000 kHz
Info : STLINK v2 JTAG v37 API v2 SWIM v7 VID 0x0483 PID 0x3748
Info : using stlink api v2
Info : Target voltage: 3.188527
Info : Unable to match requested speed 8000 kHz, using 4000 kHz
Info : Stlink adapter speed set to 4000 kHz
Info : STM32F103C8Tx.cpu: hardware has 6 breakpoints, 4 watchpoints
Info : Listening on port 3333 for gdb connections
target halted due to debug-request, current mode: Thread 
xPSR: 0x01000000 pc: 0x08002540 msp: 0x20005000
Info : Unable to match requested speed 8000 kHz, using 4000 kHz
Info : Stlink adapter speed set to 4000 kHz
Info : Unable to match requested speed 8000 kHz, using 4000 kHz
adapter speed: 4000 kHz
** Programming Started **
auto erase enabled
Info : device id = 0x20036410
Info : flash size = 64kbytes
target halted due to breakpoint, current mode: Thread 
xPSR: 0x61000000 pc: 0x2000003a msp: 0x20005000
wrote 13312 bytes from file Debug/freertos-eclipse.elf in 0.496114s (26.204 KiB/s)
** Programming Finished **
** Verify Started **
target halted due to breakpoint, current mode: Thread 
xPSR: 0x61000000 pc: 0x2000002e msp: 0x20005000
target halted due to breakpoint, current mode: Thread 
xPSR: 0x61000000 pc: 0x2000002e msp: 0x20005000
verified 13168 bytes in 0.309778s (41.512 KiB/s)
** Verified OK **
** Resetting Target **
shutdown command invoked
14:40:35 **** Incremental Build of configuration Debug for project freertos-eclipse ****
make -j8 all 
Building file: ../src/main.c
Invoking: MCU GCC Compiler
C:\Users\rlmarco\my-codes\MDK-ARM\stm32f103c8\exercises\freertos-eclipse\freertos-eclipse\Debug
arm-none-eabi-gcc -mcpu=cortex-m3 -mthumb -mfloat-abi=soft -DSTM32 -DSTM32F1 -DSTM32F103C8Tx -DDEBUG -DSTM32F10X_MD -DUSE_STDPERIPH_DRIVER -I"C:/Users/rlmarco/my-codes/MDK-ARM/stm32f103c8/exercises/freertos-eclipse/freertos-eclipse/StdPeriph_Driver/inc" -I"C:/Users/rlmarco/my-codes/MDK-ARM/stm32f103c8/exercises/freertos-eclipse/freertos-eclipse/Third-Party/FreeRTOS/org/Source/include" -I"C:/Users/rlmarco/my-codes/MDK-ARM/stm32f103c8/exercises/freertos-eclipse/freertos-eclipse/Config" -I"C:/Users/rlmarco/my-codes/MDK-ARM/stm32f103c8/exercises/freertos-eclipse/freertos-eclipse/Third-Party/FreeRTOS/org/Source/portable/GCC/ARM_CM3" -I"C:/Users/rlmarco/my-codes/MDK-ARM/stm32f103c8/exercises/freertos-eclipse/freertos-eclipse/inc" -I"C:/Users/rlmarco/my-codes/MDK-ARM/stm32f103c8/exercises/freertos-eclipse/freertos-eclipse/CMSIS/device" -I"C:/Users/rlmarco/my-codes/MDK-ARM/stm32f103c8/exercises/freertos-eclipse/freertos-eclipse/CMSIS/core" -O0 -g3 -Wall -fmessage-length=0 -ffunction-sections -c -MMD -MP -MF"src/main.d" -MT"src/main.o" -o "src/main.o" "../src/main.c"
Finished building: ../src/main.c
 
Building target: freertos-eclipse.elf
Invoking: MCU GCC Linker
arm-none-eabi-gcc -mcpu=cortex-m3 -mthumb -mfloat-abi=soft -T"C:/Users/rlmarco/my-codes/MDK-ARM/stm32f103c8/exercises/freertos-eclipse/freertos-eclipse/LinkerScript.ld" -Wl,-Map=output.map -Wl,--gc-sections -o "freertos-eclipse.elf" @"objects.list"   -lm
Finished building target: freertos-eclipse.elf
 
make --no-print-directory post-build
Generating binary and Printing size information:
arm-none-eabi-objcopy -O binary "freertos-eclipse.elf" "freertos-eclipse.bin"
arm-none-eabi-size "freertos-eclipse.elf"
   text	   data	    bss	    dec	    hex	filename
  12072	   1136	   7604	  20812	   514c	freertos-eclipse.elf
 
14:40:50 **** Programming project freertos-eclipse on chip ****
"C:\\Ac6\\SystemWorkbench\\plugins\\fr.ac6.mcu.externaltools.openocd.win32_1.23.0.201904120827\\tools\\openocd\\bin\\openocd.exe" -f stm32.flash.3836277205487266807.cfg -s "C:\\Users\\rlmarco\\my-codes\\MDK-ARM\\stm32f103c8\\exercises\\freertos-eclipse\\freertos-eclipse" -s "C:\\Ac6\\SystemWorkbench\\plugins\\fr.ac6.mcu.debug_2.5.0.201904120827\\resources\\openocd\\st_scripts" -c "program Debug/freertos-eclipse.elf verify reset " -c shutdown 
Open On-Chip Debugger 0.10.0+dev-00021-g524e8c8 (2019-04-12-08:48)
Licensed under GNU GPL v2
For bug reports, read
	http://openocd.org/doc/doxygen/bugs.html
none separate
Info : The selected transport took over low-level target control. The results might differ compared to plain JTAG/SWD
adapter speed: 8000 kHz
adapter_nsrst_delay: 100
Info : clock speed 8000 kHz
Info : STLINK v2 JTAG v37 API v2 SWIM v7 VID 0x0483 PID 0x3748
Info : using stlink api v2
Info : Target voltage: 3.188527
Info : Unable to match requested speed 8000 kHz, using 4000 kHz
Info : Stlink adapter speed set to 4000 kHz
Info : STM32F103C8Tx.cpu: hardware has 6 breakpoints, 4 watchpoints
Info : Listening on port 3333 for gdb connections
target halted due to debug-request, current mode: Thread 
xPSR: 0x01000000 pc: 0x08002bf4 msp: 0x20005000
Info : Unable to match requested speed 8000 kHz, using 4000 kHz
Info : Stlink adapter speed set to 4000 kHz
Info : Unable to match requested speed 8000 kHz, using 4000 kHz
adapter speed: 4000 kHz
** Programming Started **
auto erase enabled
Info : device id = 0x20036410
Info : flash size = 64kbytes
target halted due to breakpoint, current mode: Thread 
xPSR: 0x61000000 pc: 0x2000003a msp: 0x20005000
wrote 13312 bytes from file Debug/freertos-eclipse.elf in 0.476589s (27.277 KiB/s)
** Programming Finished **
** Verify Started **
target halted due to breakpoint, current mode: Thread 
xPSR: 0x61000000 pc: 0x2000002e msp: 0x20005000
target halted due to breakpoint, current mode: Thread 
xPSR: 0x61000000 pc: 0x2000002e msp: 0x20005000
verified 13208 bytes in 0.309098s (41.729 KiB/s)
** Verified OK **
** Resetting Target **
shutdown command invoked
