Component: ARM Compiler 6.15 Tool: armlink [5dd79300]

==============================================================================

Section Cross References

    main.o(.text.main) refers to prvhardwaresetup.o(.text.prvHardwareSetup) for prvHardwareSetup
    main.o(.text.main) refers to queue.o(.text.xQueueGenericCreate) for xQueueGenericCreate
    main.o(.text.main) refers to main.o(.bss.xCommand_Queue) for xCommand_Queue
    main.o(.text.main) refers to main.o(.bss.xUartWrite_Queue) for xUartWrite_Queue
    main.o(.text.main) refers to main.o(.bss.xMenuDisplay_Handle) for xMenuDisplay_Handle
    main.o(.text.main) refers to main.o(.text.vMenuDisplay_TaskHandler) for vMenuDisplay_TaskHandler
    main.o(.text.main) refers to main.o(.rodata.str1.1) for .L.str
    main.o(.text.main) refers to tasks.o(.text.xTaskCreate) for xTaskCreate
    main.o(.text.main) refers to main.o(.bss.xCmdHandling_Handle) for xCmdHandling_Handle
    main.o(.text.main) refers to main.o(.text.vCmdHandling_TaskHandler) for vCmdHandling_TaskHandler
    main.o(.text.main) refers to main.o(.bss.xCmdProcessing_Handle) for xCmdProcessing_Handle
    main.o(.text.main) refers to main.o(.text.vCmdProcessing_TaskHandler) for vCmdProcessing_TaskHandler
    main.o(.text.main) refers to main.o(.bss.xUartWrite_Handle) for xUartWrite_Handle
    main.o(.text.main) refers to main.o(.text.vUartWrite_TaskHandler) for vUartWrite_TaskHandler
    main.o(.text.main) refers to tasks.o(.text.vTaskStartScheduler) for vTaskStartScheduler
    main.o(.ARM.exidx.text.main) refers to main.o(.text.main) for [Anonymous Symbol]
    main.o(.text.vMenuDisplay_TaskHandler) refers to main.o(.data.menu) for menu
    main.o(.text.vMenuDisplay_TaskHandler) refers to main.o(.bss.xUartWrite_Queue) for xUartWrite_Queue
    main.o(.text.vMenuDisplay_TaskHandler) refers to queue.o(.text.xQueueGenericSend) for xQueueGenericSend
    main.o(.text.vMenuDisplay_TaskHandler) refers to tasks.o(.text.xTaskNotifyWait) for xTaskNotifyWait
    main.o(.ARM.exidx.text.vMenuDisplay_TaskHandler) refers to main.o(.text.vMenuDisplay_TaskHandler) for [Anonymous Symbol]
    main.o(.text.vCmdHandling_TaskHandler) refers to tasks.o(.text.xTaskNotifyWait) for xTaskNotifyWait
    main.o(.text.vCmdHandling_TaskHandler) refers to heap_4.o(.text.pvPortMalloc) for pvPortMalloc
    main.o(.text.vCmdHandling_TaskHandler) refers to port.o(.text.vPortEnterCritical) for vPortEnterCritical
    main.o(.text.vCmdHandling_TaskHandler) refers to main.o(.bss.ucCommand_buffer) for ucCommand_buffer
    main.o(.text.vCmdHandling_TaskHandler) refers to main.o(.text.ucGetCmdCode) for ucGetCmdCode
    main.o(.text.vCmdHandling_TaskHandler) refers to main.o(.text.vGetCmdArgs) for vGetCmdArgs
    main.o(.text.vCmdHandling_TaskHandler) refers to port.o(.text.vPortExitCritical) for vPortExitCritical
    main.o(.text.vCmdHandling_TaskHandler) refers to main.o(.bss.xCommand_Queue) for xCommand_Queue
    main.o(.text.vCmdHandling_TaskHandler) refers to queue.o(.text.xQueueGenericSend) for xQueueGenericSend
    main.o(.ARM.exidx.text.vCmdHandling_TaskHandler) refers to main.o(.text.vCmdHandling_TaskHandler) for [Anonymous Symbol]
    main.o(.text.vCmdProcessing_TaskHandler) refers to main.o(.bss.xCommand_Queue) for xCommand_Queue
    main.o(.text.vCmdProcessing_TaskHandler) refers to queue.o(.text.xQueueReceive) for xQueueReceive
    main.o(.text.vCmdProcessing_TaskHandler) refers to main.o(.text.vTurnLedOn) for vTurnLedOn
    main.o(.text.vCmdProcessing_TaskHandler) refers to main.o(.text.vTurnLedOff) for vTurnLedOff
    main.o(.text.vCmdProcessing_TaskHandler) refers to main.o(.text.vTurnLedToggleOn) for vTurnLedToggleOn
    main.o(.text.vCmdProcessing_TaskHandler) refers to main.o(.text.vTurnLedToggleOff) for vTurnLedToggleOff
    main.o(.text.vCmdProcessing_TaskHandler) refers to main.o(.text.vReadLedStatus) for vReadLedStatus
    main.o(.text.vCmdProcessing_TaskHandler) refers to main.o(.text.vReadRTC) for vReadRTC
    main.o(.text.vCmdProcessing_TaskHandler) refers to main.o(.text.vPrintErrorMsg) for vPrintErrorMsg
    main.o(.text.vCmdProcessing_TaskHandler) refers to heap_4.o(.text.vPortFree) for vPortFree
    main.o(.ARM.exidx.text.vCmdProcessing_TaskHandler) refers to main.o(.text.vCmdProcessing_TaskHandler) for [Anonymous Symbol]
    main.o(.text.vUartWrite_TaskHandler) refers to main.o(.bss.xUartWrite_Queue) for xUartWrite_Queue
    main.o(.text.vUartWrite_TaskHandler) refers to queue.o(.text.xQueueReceive) for xQueueReceive
    main.o(.text.vUartWrite_TaskHandler) refers to prvhardwareoperations.o(.text.prvUART1_Write) for prvUART1_Write
    main.o(.ARM.exidx.text.vUartWrite_TaskHandler) refers to main.o(.text.vUartWrite_TaskHandler) for [Anonymous Symbol]
    main.o(.ARM.exidx.text.ucGetCmdCode) refers to main.o(.text.ucGetCmdCode) for [Anonymous Symbol]
    main.o(.ARM.exidx.text.vGetCmdArgs) refers to main.o(.text.vGetCmdArgs) for [Anonymous Symbol]
[...]
    .L.str.3                                 0x08005cc1   Data          10  main.o(.rodata.str1.1)
    .L.str.1                                 0x08005ccb   Data          12  main.o(.rodata.str1.1)
    .L.str.2                                 0x08005cd7   Data          14  main.o(.rodata.str1.1)
    .L.str                                   0x08005ce5   Data           5  main.o(.rodata.str1.1)
    .L.str                                   0x08005cea   Data           5  tasks.o(.rodata.str1.1)
    [Anonymous Symbol]                       0x08005cea   Section        0  tasks.o(.rodata.str1.1)
    .L.str                                   0x08005cef   Data           8  timers.o(.rodata.str1.1)
    [Anonymous Symbol]                       0x08005cef   Section        0  timers.o(.rodata.str1.1)
    locale$$data                             0x08005d18   Section       28  lc_numeric_c.o(locale$$data)
    __lcnum_c_name                           0x08005d1c   Data           2  lc_numeric_c.o(locale$$data)
    __lcnum_c_start                          0x08005d24   Data           0  lc_numeric_c.o(locale$$data)
    __lcnum_c_point                          0x08005d30   Data           0  lc_numeric_c.o(locale$$data)
    __lcnum_c_thousands                      0x08005d32   Data           0  lc_numeric_c.o(locale$$data)
    __lcnum_c_grouping                       0x08005d33   Data           0  lc_numeric_c.o(locale$$data)
    __lcnum_c_end                            0x08005d34   Data           0  lc_numeric_c.o(locale$$data)
    locale$$data                             0x08005d34   Section      272  lc_ctype_c.o(locale$$data)
    __lcctype_c_name                         0x08005d38   Data           2  lc_ctype_c.o(locale$$data)
    __lcctype_c_start                        0x08005d40   Data           0  lc_ctype_c.o(locale$$data)
    __lcctype_c_end                          0x08005e44   Data           0  lc_ctype_c.o(locale$$data)
    uxCriticalNesting                        0x200000e4   Data           4  port.o(.data.uxCriticalNesting)
    [Anonymous Symbol]                       0x200000e4   Section        0  port.o(.data.uxCriticalNesting)
    .bss                                     0x200000e8   Section       96  libspace.o(.bss)
    prvSampleTimeNow.xLastTime               0x20000148   Data           4  timers.o(.bss.prvSampleTimeNow.xLastTime)
    [Anonymous Symbol]                       0x20000148   Section        0  timers.o(.bss.prvSampleTimeNow.xLastTime)
    pxCurrentTimerList                       0x20000150   Data           4  timers.o(.bss.pxCurrentTimerList)
    [Anonymous Symbol]                       0x20000150   Section        0  timers.o(.bss.pxCurrentTimerList)
    pxDelayedTaskList                        0x20000154   Data           4  tasks.o(.bss.pxDelayedTaskList)
    [Anonymous Symbol]                       0x20000154   Section        0  tasks.o(.bss.pxDelayedTaskList)
    pxEnd                                    0x20000158   Data           4  heap_4.o(.bss.pxEnd)
    [Anonymous Symbol]                       0x20000158   Section        0  heap_4.o(.bss.pxEnd)
    pxOverflowDelayedTaskList                0x2000015c   Data           4  tasks.o(.bss.pxOverflowDelayedTaskList)
    [Anonymous Symbol]                       0x2000015c   Section        0  tasks.o(.bss.pxOverflowDelayedTaskList)
    pxOverflowTimerList                      0x20000160   Data           4  timers.o(.bss.pxOverflowTimerList)
    [Anonymous Symbol]                       0x20000160   Section        0  timers.o(.bss.pxOverflowTimerList)
    pxReadyTasksLists                        0x20000164   Data         100  tasks.o(.bss.pxReadyTasksLists)
    [Anonymous Symbol]                       0x20000164   Section        0  tasks.o(.bss.pxReadyTasksLists)
    ucCommand_buffer                         0x200001c8   Data          20  main.o(.bss.ucCommand_buffer)
    [Anonymous Symbol]                       0x200001c8   Section        0  main.o(.bss.ucCommand_buffer)
    ucCommand_len                            0x200001dc   Data           1  main.o(.bss.ucCommand_len)
    [Anonymous Symbol]                       0x200001dc   Section        0  main.o(.bss.ucCommand_len)
    ucHeap                                   0x200001dd   Data       17408  heap_4.o(.bss.ucHeap)
    [Anonymous Symbol]                       0x200001dd   Section        0  heap_4.o(.bss.ucHeap)
    ucMaxSysCallPriority                     0x200045dd   Data           1  port.o(.bss.ucMaxSysCallPriority)
    [Anonymous Symbol]                       0x200045dd   Section        0  port.o(.bss.ucMaxSysCallPriority)
    ulMaxPRIGROUPValue                       0x200045e0   Data           4  port.o(.bss.ulMaxPRIGROUPValue)
    [Anonymous Symbol]                       0x200045e0   Section        0  port.o(.bss.ulMaxPRIGROUPValue)
    ulStoppedTimerCompensation               0x200045e4   Data           4  port.o(.bss.ulStoppedTimerCompensation)
    [Anonymous Symbol]                       0x200045e4   Section        0  port.o(.bss.ulStoppedTimerCompensation)
    ulTimerCountsForOneTick                  0x200045e8   Data           4  port.o(.bss.ulTimerCountsForOneTick)
    [Anonymous Symbol]                       0x200045e8   Section        0  port.o(.bss.ulTimerCountsForOneTick)
    uxCurrentNumberOfTasks                   0x200045ec   Data           4  tasks.o(.bss.uxCurrentNumberOfTasks)
    [Anonymous Symbol]                       0x200045ec   Section        0  tasks.o(.bss.uxCurrentNumberOfTasks)
    uxDeletedTasksWaitingCleanUp             0x200045f0   Data           4  tasks.o(.bss.uxDeletedTasksWaitingCleanUp)
    [Anonymous Symbol]                       0x200045f0   Section        0  tasks.o(.bss.uxDeletedTasksWaitingCleanUp)
    uxSchedulerSuspended                     0x200045f4   Data           4  tasks.o(.bss.uxSchedulerSuspended)
    [Anonymous Symbol]                       0x200045f4   Section        0  tasks.o(.bss.uxSchedulerSuspended)
    uxTaskNumber                             0x200045f8   Data           4  tasks.o(.bss.uxTaskNumber)
    [Anonymous Symbol]                       0x200045f8   Section        0  tasks.o(.bss.uxTaskNumber)
    uxTopReadyPriority                       0x200045fc   Data           4  tasks.o(.bss.uxTopReadyPriority)
    [Anonymous Symbol]                       0x200045fc   Section        0  tasks.o(.bss.uxTopReadyPriority)
    xActiveTimerList1                        0x20004600   Data          20  timers.o(.bss.xActiveTimerList1)
    [Anonymous Symbol]                       0x20004600   Section        0  timers.o(.bss.xActiveTimerList1)
    xActiveTimerList2                        0x20004614   Data          20  timers.o(.bss.xActiveTimerList2)
    [Anonymous Symbol]                       0x20004614   Section        0  timers.o(.bss.xActiveTimerList2)
    xBlockAllocatedBit                       0x20004628   Data           4  heap_4.o(.bss.xBlockAllocatedBit)
    [Anonymous Symbol]                       0x20004628   Section        0  heap_4.o(.bss.xBlockAllocatedBit)
    xCmdHandling_Handle                      0x2000462c   Data           4  main.o(.bss.xCmdHandling_Handle)
    [Anonymous Symbol]                       0x2000462c   Section        0  main.o(.bss.xCmdHandling_Handle)
    xCmdProcessing_Handle                    0x20004630   Data           4  main.o(.bss.xCmdProcessing_Handle)
    [Anonymous Symbol]                       0x20004630   Section        0  main.o(.bss.xCmdProcessing_Handle)
    xCommand_Queue                           0x20004634   Data           4  main.o(.bss.xCommand_Queue)
    [Anonymous Symbol]                       0x20004634   Section        0  main.o(.bss.xCommand_Queue)
    xDelayedTaskList1                        0x20004638   Data          20  tasks.o(.bss.xDelayedTaskList1)
    [Anonymous Symbol]                       0x20004638   Section        0  tasks.o(.bss.xDelayedTaskList1)
    xDelayedTaskList2                        0x2000464c   Data          20  tasks.o(.bss.xDelayedTaskList2)
    [Anonymous Symbol]                       0x2000464c   Section        0  tasks.o(.bss.xDelayedTaskList2)
    xFreeBytesRemaining                      0x20004660   Data           4  heap_4.o(.bss.xFreeBytesRemaining)
    [Anonymous Symbol]                       0x20004660   Section        0  heap_4.o(.bss.xFreeBytesRemaining)
    xIdleTaskHandle                          0x20004664   Data           4  tasks.o(.bss.xIdleTaskHandle)
    [Anonymous Symbol]                       0x20004664   Section        0  tasks.o(.bss.xIdleTaskHandle)
    xMaximumPossibleSuppressedTicks          0x20004668   Data           4  port.o(.bss.xMaximumPossibleSuppressedTicks)
    [Anonymous Symbol]                       0x20004668   Section        0  port.o(.bss.xMaximumPossibleSuppressedTicks)
    xMenuDisplay_Handle                      0x2000466c   Data           4  main.o(.bss.xMenuDisplay_Handle)
    [Anonymous Symbol]                       0x2000466c   Section        0  main.o(.bss.xMenuDisplay_Handle)
    xMinimumEverFreeBytesRemaining           0x20004670   Data           4  heap_4.o(.bss.xMinimumEverFreeBytesRemaining)
    [Anonymous Symbol]                       0x20004670   Section        0  heap_4.o(.bss.xMinimumEverFreeBytesRemaining)
    xNextTaskUnblockTime                     0x20004674   Data           4  tasks.o(.bss.xNextTaskUnblockTime)
    [Anonymous Symbol]                       0x20004674   Section        0  tasks.o(.bss.xNextTaskUnblockTime)
    xNumOfOverflows                          0x20004678   Data           4  tasks.o(.bss.xNumOfOverflows)
    [Anonymous Symbol]                       0x20004678   Section        0  tasks.o(.bss.xNumOfOverflows)
    xNumberOfSuccessfulAllocations           0x2000467c   Data           4  heap_4.o(.bss.xNumberOfSuccessfulAllocations)
    [Anonymous Symbol]                       0x2000467c   Section        0  heap_4.o(.bss.xNumberOfSuccessfulAllocations)
    xNumberOfSuccessfulFrees                 0x20004680   Data           4  heap_4.o(.bss.xNumberOfSuccessfulFrees)
    [Anonymous Symbol]                       0x20004680   Section        0  heap_4.o(.bss.xNumberOfSuccessfulFrees)
    xPendedTicks                             0x20004684   Data           4  tasks.o(.bss.xPendedTicks)
    [Anonymous Symbol]                       0x20004684   Section        0  tasks.o(.bss.xPendedTicks)
    xPendingReadyList                        0x20004688   Data          20  tasks.o(.bss.xPendingReadyList)
    [Anonymous Symbol]                       0x20004688   Section        0  tasks.o(.bss.xPendingReadyList)
    xSchedulerRunning                        0x2000469c   Data           4  tasks.o(.bss.xSchedulerRunning)
    [Anonymous Symbol]                       0x2000469c   Section        0  tasks.o(.bss.xSchedulerRunning)
    xStart                                   0x200046a0   Data           8  heap_4.o(.bss.xStart)
    [Anonymous Symbol]                       0x200046a0   Section        0  heap_4.o(.bss.xStart)
    xSuspendedTaskList                       0x200046a8   Data          20  tasks.o(.bss.xSuspendedTaskList)
    [Anonymous Symbol]                       0x200046a8   Section        0  tasks.o(.bss.xSuspendedTaskList)
    xTasksWaitingTermination                 0x200046bc   Data          20  tasks.o(.bss.xTasksWaitingTermination)
    [Anonymous Symbol]                       0x200046bc   Section        0  tasks.o(.bss.xTasksWaitingTermination)
    xTickCount                               0x200046d0   Data           4  tasks.o(.bss.xTickCount)
    [Anonymous Symbol]                       0x200046d0   Section        0  tasks.o(.bss.xTickCount)
    xTimerQueue                              0x200046d4   Data           4  timers.o(.bss.xTimerQueue)
    [Anonymous Symbol]                       0x200046d4   Section        0  timers.o(.bss.xTimerQueue)
    xTimerTaskHandle                         0x200046d8   Data           4  timers.o(.bss.xTimerTaskHandle)
    [Anonymous Symbol]                       0x200046d8   Section        0  timers.o(.bss.xTimerTaskHandle)
    xUartWrite_Handle                        0x200046dc   Data           4  main.o(.bss.xUartWrite_Handle)
    [Anonymous Symbol]                       0x200046dc   Section        0  main.o(.bss.xUartWrite_Handle)
    xUartWrite_Queue                         0x200046e0   Data           4  main.o(.bss.xUartWrite_Queue)
    [Anonymous Symbol]                       0x200046e0   Section        0  main.o(.bss.xUartWrite_Queue)
    xYieldPending                            0x200046e4   Data           4  tasks.o(.bss.xYieldPending)
    [Anonymous Symbol]                       0x200046e4   Section        0  tasks.o(.bss.xYieldPending)
    Heap_Mem                                 0x200046e8   Data        1024  startup_stm32f10x_md.o(HEAP)
    HEAP                                     0x200046e8   Section     1024  startup_stm32f10x_md.o(HEAP)
    Stack_Mem                                0x20004ae8   Data        1024  startup_stm32f10x_md.o(STACK)
    STACK                                    0x20004ae8   Section     1024  startup_stm32f10x_md.o(STACK)
    __initial_sp                             0x20004ee8   Data           0  startup_stm32f10x_md.o(STACK)

    Global Symbols

    Symbol Name                              Value     Ov Type        Size  Object(Section)

    BuildAttributes$$THM_ISAv4$P$D$K$B$S$PE$A:L22UL41UL21$X:L11$S22US41US21$IEEE1$IW$~IW$USESV6$~STKCKD$USESV7$~SHL$OTIME$ROPI$IEEEJ$EBA8$UX$STANDARDLIB$REQ8$PRES8$EABIv2 0x00000000   Number         0  anon$$obj.o ABSOLUTE
    __fp_init_empty                          0x00000000   Number         0  fpinit_empty.o ABSOLUTE
    _printf_flags                            0x00000000   Number         0  printf_stubs.o ABSOLUTE
    _printf_return_value                     0x00000000   Number         0  printf_stubs.o ABSOLUTE
    _printf_sizespec                         0x00000000   Number         0  printf_stubs.o ABSOLUTE
    _printf_widthprec                        0x00000000   Number         0  printf_stubs.o ABSOLUTE
    __ARM_exceptions_init                     - Undefined Weak Reference
    __alloca_initialize                       - Undefined Weak Reference
    __arm_preinit_                            - Undefined Weak Reference
    __cpp_initialize__aeabi_                  - Undefined Weak Reference
    __cxa_finalize                            - Undefined Weak Reference
    __sigvec_lookup                           - Undefined Weak Reference
    _atexit_init                              - Undefined Weak Reference
    _call_atexit_fns                          - Undefined Weak Reference
    _clock_init                               - Undefined Weak Reference
    _fp_trap_init                             - Undefined Weak Reference
    _fp_trap_shutdown                         - Undefined Weak Reference
    _get_lc_collate                           - Undefined Weak Reference
    _get_lc_monetary                          - Undefined Weak Reference
    _get_lc_time                              - Undefined Weak Reference
    _getenv_init                              - Undefined Weak Reference
    _handle_redirection                       - Undefined Weak Reference
    _init_alloc                               - Undefined Weak Reference
    _init_user_alloc                          - Undefined Weak Reference
    _initio                                   - Undefined Weak Reference
    _printf_mbtowc                            - Undefined Weak Reference
    _printf_wc                                - Undefined Weak Reference
    _rand_init                                - Undefined Weak Reference
    _signal_finish                            - Undefined Weak Reference
    _signal_init                              - Undefined Weak Reference
    _terminate_alloc                          - Undefined Weak Reference
    _terminate_user_alloc                     - Undefined Weak Reference
    _terminateio                              - Undefined Weak Reference
    __Vectors_Size                           0x000000ec   Number         0  startup_stm32f10x_md.o ABSOLUTE
    __Vectors                                0x08000000   Data           4  startup_stm32f10x_md.o(RESET)
    __Vectors_End                            0x080000ec   Data           0  startup_stm32f10x_md.o(RESET)
    __main                                   0x080000ed   Thumb Code     8  __main.o(!!!main)
    __scatterload                            0x080000f5   Thumb Code     0  __scatter.o(!!!scatter)
    __scatterload_rt2                        0x080000f5   Thumb Code    44  __scatter.o(!!!scatter)
    __scatterload_rt2_thumb_only             0x080000f5   Thumb Code     0  __scatter.o(!!!scatter)
    __scatterload_null                       0x08000103   Thumb Code     0  __scatter.o(!!!scatter)
    __scatterload_copy                       0x08000129   Thumb Code    26  __scatter_copy.o(!!handler_copy)
    __scatterload_zeroinit                   0x08000145   Thumb Code    28  __scatter_zi.o(!!handler_zi)
    _printf_n                                0x08000161   Thumb Code     0  _printf_n.o(.ARM.Collect$$_printf_percent$$00000001)
    _printf_percent                          0x08000161   Thumb Code     0  _printf_percent.o(.ARM.Collect$$_printf_percent$$00000000)
    _printf_p                                0x08000167   Thumb Code     0  _printf_p.o(.ARM.Collect$$_printf_percent$$00000002)
    _printf_f                                0x0800016d   Thumb Code     0  _printf_f.o(.ARM.Collect$$_printf_percent$$00000003)
    _printf_e                                0x08000173   Thumb Code     0  _printf_e.o(.ARM.Collect$$_printf_percent$$00000004)
    _printf_g                                0x08000179   Thumb Code     0  _printf_g.o(.ARM.Collect$$_printf_percent$$00000005)
    _printf_a                                0x0800017f   Thumb Code     0  _printf_a.o(.ARM.Collect$$_printf_percent$$00000006)
    _printf_ll                               0x08000185   Thumb Code     0  _printf_ll.o(.ARM.Collect$$_printf_percent$$00000007)
    _printf_i                                0x0800018f   Thumb Code     0  _printf_i.o(.ARM.Collect$$_printf_percent$$00000008)
    _printf_d                                0x08000195   Thumb Code     0  _printf_d.o(.ARM.Collect$$_printf_percent$$00000009)
    _printf_u                                0x0800019b   Thumb Code     0  _printf_u.o(.ARM.Collect$$_printf_percent$$0000000A)
    _printf_o                                0x080001a1   Thumb Code     0  _printf_o.o(.ARM.Collect$$_printf_percent$$0000000B)
    _printf_x                                0x080001a7   Thumb Code     0  _printf_x.o(.ARM.Collect$$_printf_percent$$0000000C)
    _printf_lli                              0x080001ad   Thumb Code     0  _printf_lli.o(.ARM.Collect$$_printf_percent$$0000000D)
    _printf_lld                              0x080001b3   Thumb Code     0  _printf_lld.o(.ARM.Collect$$_printf_percent$$0000000E)
    _printf_llu                              0x080001b9   Thumb Code     0  _printf_llu.o(.ARM.Collect$$_printf_percent$$0000000F)
    _printf_llo                              0x080001bf   Thumb Code     0  _printf_llo.o(.ARM.Collect$$_printf_percent$$00000010)
    _printf_llx                              0x080001c5   Thumb Code     0  _printf_llx.o(.ARM.Collect$$_printf_percent$$00000011)
    _printf_l                                0x080001cb   Thumb Code     0  _printf_l.o(.ARM.Collect$$_printf_percent$$00000012)
    _printf_c                                0x080001d5   Thumb Code     0  _printf_c.o(.ARM.Collect$$_printf_percent$$00000013)
    _printf_s                                0x080001db   Thumb Code     0  _printf_s.o(.ARM.Collect$$_printf_percent$$00000014)
    _printf_lc                               0x080001e1   Thumb Code     0  _printf_lc.o(.ARM.Collect$$_printf_percent$$00000015)
    _printf_ls                               0x080001e7   Thumb Code     0  _printf_ls.o(.ARM.Collect$$_printf_percent$$00000016)
    _printf_percent_end                      0x080001ed   Thumb Code     0  _printf_percent_end.o(.ARM.Collect$$_printf_percent$$00000017)
    __rt_lib_init                            0x080001f1   Thumb Code     0  libinit.o(.ARM.Collect$$libinit$$00000000)
    __rt_lib_init_fp_1                       0x080001f3   Thumb Code     0  libinit2.o(.ARM.Collect$$libinit$$00000002)
    __rt_lib_init_heap_1                     0x080001f3   Thumb Code     0  libinit2.o(.ARM.Collect$$libinit$$0000000A)
    __rt_lib_init_lc_common                  0x080001f3   Thumb Code     0  libinit2.o(.ARM.Collect$$libinit$$0000000F)
    __rt_lib_init_preinit_1                  0x080001f3   Thumb Code     0  libinit2.o(.ARM.Collect$$libinit$$00000004)
    __rt_lib_init_rand_1                     0x080001f3   Thumb Code     0  libinit2.o(.ARM.Collect$$libinit$$0000000E)
    __rt_lib_init_user_alloc_1               0x080001f3   Thumb Code     0  libinit2.o(.ARM.Collect$$libinit$$0000000C)
    __rt_lib_init_lc_collate_1               0x080001f9   Thumb Code     0  libinit2.o(.ARM.Collect$$libinit$$00000011)
    __rt_lib_init_lc_ctype_2                 0x080001f9   Thumb Code     0  libinit2.o(.ARM.Collect$$libinit$$00000012)
    __rt_lib_init_lc_ctype_1                 0x08000205   Thumb Code     0  libinit2.o(.ARM.Collect$$libinit$$00000013)
    __rt_lib_init_lc_monetary_1              0x08000205   Thumb Code     0  libinit2.o(.ARM.Collect$$libinit$$00000015)
    __rt_lib_init_lc_numeric_2               0x08000205   Thumb Code     0  libinit2.o(.ARM.Collect$$libinit$$00000016)
    __rt_lib_init_alloca_1                   0x0800020f   Thumb Code     0  libinit2.o(.ARM.Collect$$libinit$$0000002E)
    __rt_lib_init_argv_1                     0x0800020f   Thumb Code     0  libinit2.o(.ARM.Collect$$libinit$$0000002C)
    __rt_lib_init_atexit_1                   0x0800020f   Thumb Code     0  libinit2.o(.ARM.Collect$$libinit$$0000001B)
    __rt_lib_init_clock_1                    0x0800020f   Thumb Code     0  libinit2.o(.ARM.Collect$$libinit$$00000021)
    __rt_lib_init_cpp_1                      0x0800020f   Thumb Code     0  libinit2.o(.ARM.Collect$$libinit$$00000032)
    __rt_lib_init_exceptions_1               0x0800020f   Thumb Code     0  libinit2.o(.ARM.Collect$$libinit$$00000030)
    __rt_lib_init_fp_trap_1                  0x0800020f   Thumb Code     0  libinit2.o(.ARM.Collect$$libinit$$0000001F)
    __rt_lib_init_getenv_1                   0x0800020f   Thumb Code     0  libinit2.o(.ARM.Collect$$libinit$$00000023)
    __rt_lib_init_lc_numeric_1               0x0800020f   Thumb Code     0  libinit2.o(.ARM.Collect$$libinit$$00000017)
    __rt_lib_init_lc_time_1                  0x0800020f   Thumb Code     0  libinit2.o(.ARM.Collect$$libinit$$00000019)
    __rt_lib_init_return                     0x0800020f   Thumb Code     0  libinit2.o(.ARM.Collect$$libinit$$00000033)
    __rt_lib_init_signal_1                   0x0800020f   Thumb Code     0  libinit2.o(.ARM.Collect$$libinit$$0000001D)
    __rt_lib_init_stdio_1                    0x0800020f   Thumb Code     0  libinit2.o(.ARM.Collect$$libinit$$00000025)
    __rt_lib_shutdown                        0x08000211   Thumb Code     0  libshutdown.o(.ARM.Collect$$libshutdown$$00000000)
    __rt_lib_shutdown_cpp_1                  0x08000213   Thumb Code     0  libshutdown2.o(.ARM.Collect$$libshutdown$$00000002)
    __rt_lib_shutdown_fp_trap_1              0x08000213   Thumb Code     0  libshutdown2.o(.ARM.Collect$$libshutdown$$00000007)
    __rt_lib_shutdown_heap_1                 0x08000213   Thumb Code     0  libshutdown2.o(.ARM.Collect$$libshutdown$$0000000F)
    __rt_lib_shutdown_return                 0x08000213   Thumb Code     0  libshutdown2.o(.ARM.Collect$$libshutdown$$00000010)
    __rt_lib_shutdown_signal_1               0x08000213   Thumb Code     0  libshutdown2.o(.ARM.Collect$$libshutdown$$0000000A)
    __rt_lib_shutdown_stdio_1                0x08000213   Thumb Code     0  libshutdown2.o(.ARM.Collect$$libshutdown$$00000004)
    __rt_lib_shutdown_user_alloc_1           0x08000213   Thumb Code     0  libshutdown2.o(.ARM.Collect$$libshutdown$$0000000C)
    __rt_entry                               0x08000215   Thumb Code     0  __rtentry.o(.ARM.Collect$$rtentry$$00000000)
    __rt_entry_presh_1                       0x08000215   Thumb Code     0  __rtentry2.o(.ARM.Collect$$rtentry$$00000002)
    __rt_entry_sh                            0x08000215   Thumb Code     0  __rtentry4.o(.ARM.Collect$$rtentry$$00000004)
    __rt_entry_li                            0x0800021b   Thumb Code     0  __rtentry2.o(.ARM.Collect$$rtentry$$0000000A)
    __rt_entry_postsh_1                      0x0800021b   Thumb Code     0  __rtentry2.o(.ARM.Collect$$rtentry$$00000009)
    __rt_entry_main                          0x0800021f   Thumb Code     0  __rtentry2.o(.ARM.Collect$$rtentry$$0000000D)
    __rt_entry_postli_1                      0x0800021f   Thumb Code     0  __rtentry2.o(.ARM.Collect$$rtentry$$0000000C)
    __rt_exit                                0x08000227   Thumb Code     0  rtexit.o(.ARM.Collect$$rtexit$$00000000)
    __rt_exit_ls                             0x08000229   Thumb Code     0  rtexit2.o(.ARM.Collect$$rtexit$$00000003)
    __rt_exit_prels_1                        0x08000229   Thumb Code     0  rtexit2.o(.ARM.Collect$$rtexit$$00000002)
    __rt_exit_exit                           0x0800022d   Thumb Code     0  rtexit2.o(.ARM.Collect$$rtexit$$00000004)
    Reset_Handler                            0x08000235   Thumb Code     8  startup_stm32f10x_md.o(.text)
    NMI_Handler                              0x0800023d   Thumb Code     2  startup_stm32f10x_md.o(.text)
    HardFault_Handler                        0x0800023f   Thumb Code     2  startup_stm32f10x_md.o(.text)
    MemManage_Handler                        0x08000241   Thumb Code     2  startup_stm32f10x_md.o(.text)
    BusFault_Handler                         0x08000243   Thumb Code     2  startup_stm32f10x_md.o(.text)
    UsageFault_Handler                       0x08000245   Thumb Code     2  startup_stm32f10x_md.o(.text)
    DebugMon_Handler                         0x08000249   Thumb Code     2  startup_stm32f10x_md.o(.text)
    ADC1_2_IRQHandler                        0x0800024f   Thumb Code     0  startup_stm32f10x_md.o(.text)
    CAN1_RX1_IRQHandler                      0x0800024f   Thumb Code     0  startup_stm32f10x_md.o(.text)
    CAN1_SCE_IRQHandler                      0x0800024f   Thumb Code     0  startup_stm32f10x_md.o(.text)
    DMA1_Channel1_IRQHandler                 0x0800024f   Thumb Code     0  startup_stm32f10x_md.o(.text)
    DMA1_Channel2_IRQHandler                 0x0800024f   Thumb Code     0  startup_stm32f10x_md.o(.text)
    DMA1_Channel3_IRQHandler                 0x0800024f   Thumb Code     0  startup_stm32f10x_md.o(.text)
    DMA1_Channel4_IRQHandler                 0x0800024f   Thumb Code     0  startup_stm32f10x_md.o(.text)
    DMA1_Channel5_IRQHandler                 0x0800024f   Thumb Code     0  startup_stm32f10x_md.o(.text)
    DMA1_Channel6_IRQHandler                 0x0800024f   Thumb Code     0  startup_stm32f10x_md.o(.text)
    DMA1_Channel7_IRQHandler                 0x0800024f   Thumb Code     0  startup_stm32f10x_md.o(.text)
    EXTI0_IRQHandler                         0x0800024f   Thumb Code     0  startup_stm32f10x_md.o(.text)
    EXTI15_10_IRQHandler                     0x0800024f   Thumb Code     0  startup_stm32f10x_md.o(.text)
    EXTI1_IRQHandler                         0x0800024f   Thumb Code     0  startup_stm32f10x_md.o(.text)
    EXTI2_IRQHandler                         0x0800024f   Thumb Code     0  startup_stm32f10x_md.o(.text)
    EXTI3_IRQHandler                         0x0800024f   Thumb Code     0  startup_stm32f10x_md.o(.text)
    EXTI4_IRQHandler                         0x0800024f   Thumb Code     0  startup_stm32f10x_md.o(.text)
    EXTI9_5_IRQHandler                       0x0800024f   Thumb Code     0  startup_stm32f10x_md.o(.text)
    FLASH_IRQHandler                         0x0800024f   Thumb Code     0  startup_stm32f10x_md.o(.text)
    I2C1_ER_IRQHandler                       0x0800024f   Thumb Code     0  startup_stm32f10x_md.o(.text)
    I2C1_EV_IRQHandler                       0x0800024f   Thumb Code     0  startup_stm32f10x_md.o(.text)
    I2C2_ER_IRQHandler                       0x0800024f   Thumb Code     0  startup_stm32f10x_md.o(.text)
    I2C2_EV_IRQHandler                       0x0800024f   Thumb Code     0  startup_stm32f10x_md.o(.text)
    PVD_IRQHandler                           0x0800024f   Thumb Code     0  startup_stm32f10x_md.o(.text)
    RCC_IRQHandler                           0x0800024f   Thumb Code     0  startup_stm32f10x_md.o(.text)
    RTCAlarm_IRQHandler                      0x0800024f   Thumb Code     0  startup_stm32f10x_md.o(.text)
    RTC_IRQHandler                           0x0800024f   Thumb Code     0  startup_stm32f10x_md.o(.text)
    SPI1_IRQHandler                          0x0800024f   Thumb Code     0  startup_stm32f10x_md.o(.text)
    SPI2_IRQHandler                          0x0800024f   Thumb Code     0  startup_stm32f10x_md.o(.text)
    TAMPER_IRQHandler                        0x0800024f   Thumb Code     0  startup_stm32f10x_md.o(.text)
    TIM1_BRK_IRQHandler                      0x0800024f   Thumb Code     0  startup_stm32f10x_md.o(.text)
    TIM1_CC_IRQHandler                       0x0800024f   Thumb Code     0  startup_stm32f10x_md.o(.text)
    TIM1_TRG_COM_IRQHandler                  0x0800024f   Thumb Code     0  startup_stm32f10x_md.o(.text)
    TIM1_UP_IRQHandler                       0x0800024f   Thumb Code     0  startup_stm32f10x_md.o(.text)
    TIM2_IRQHandler                          0x0800024f   Thumb Code     0  startup_stm32f10x_md.o(.text)
    TIM3_IRQHandler                          0x0800024f   Thumb Code     0  startup_stm32f10x_md.o(.text)
    TIM4_IRQHandler                          0x0800024f   Thumb Code     0  startup_stm32f10x_md.o(.text)
    USART2_IRQHandler                        0x0800024f   Thumb Code     0  startup_stm32f10x_md.o(.text)
    USART3_IRQHandler                        0x0800024f   Thumb Code     0  startup_stm32f10x_md.o(.text)
    USBWakeUp_IRQHandler                     0x0800024f   Thumb Code     0  startup_stm32f10x_md.o(.text)
    USB_HP_CAN1_TX_IRQHandler                0x0800024f   Thumb Code     0  startup_stm32f10x_md.o(.text)
    USB_LP_CAN1_RX0_IRQHandler               0x0800024f   Thumb Code     0  startup_stm32f10x_md.o(.text)
    WWDG_IRQHandler                          0x0800024f   Thumb Code     0  startup_stm32f10x_md.o(.text)
    __user_initial_stackheap                 0x08000251   Thumb Code     0  startup_stm32f10x_md.o(.text)
    sprintf                                  0x08000275   Thumb Code    38  sprintf.o(.text)
    strlen                                   0x080002a1   Thumb Code    62  strlen.o(.text)
    __aeabi_memcpy                           0x080002df   Thumb Code     0  rt_memcpy_v6.o(.text)
    __rt_memcpy                              0x080002df   Thumb Code   138  rt_memcpy_v6.o(.text)
    _memcpy_lastbytes                        0x08000345   Thumb Code     0  rt_memcpy_v6.o(.text)
    __aeabi_memset4                          0x08000369   Thumb Code    16  aeabi_memset4.o(.text)
    __aeabi_memset8                          0x08000369   Thumb Code     0  aeabi_memset4.o(.text)
    __use_two_region_memory                  0x08000379   Thumb Code     2  heapauxi.o(.text)
    __rt_heap_escrow$2region                 0x0800037b   Thumb Code     2  heapauxi.o(.text)
    __rt_heap_expand$2region                 0x0800037d   Thumb Code     2  heapauxi.o(.text)
    _printf_pre_padding                      0x0800037f   Thumb Code    44  _printf_pad.o(.text)
    _printf_post_padding                     0x080003ab   Thumb Code    34  _printf_pad.o(.text)
    _printf_truncate_signed                  0x080003cd   Thumb Code    18  _printf_truncate.o(.text)
    _printf_truncate_unsigned                0x080003df   Thumb Code    18  _printf_truncate.o(.text)
    _printf_str                              0x080003f1   Thumb Code    82  _printf_str.o(.text)
    _printf_int_dec                          0x08000445   Thumb Code   104  _printf_dec.o(.text)
    _printf_charcount                        0x080004bd   Thumb Code    40  _printf_charcount.o(.text)
    _printf_char_common                      0x080004ef   Thumb Code    32  _printf_char_common.o(.text)
    _sputc                                   0x08000515   Thumb Code    10  _sputc.o(.text)
    _printf_wctomb                           0x08000521   Thumb Code   182  _printf_wctomb.o(.text)
    _printf_longlong_dec                     0x080005dd   Thumb Code   108  _printf_longlong_dec.o(.text)
    _printf_longlong_oct                     0x08000659   Thumb Code    68  _printf_oct_int_ll.o(.text)
    _printf_int_oct                          0x0800069d   Thumb Code    24  _printf_oct_int_ll.o(.text)
    _printf_ll_oct                           0x080006b5   Thumb Code    12  _printf_oct_int_ll.o(.text)
    _printf_longlong_hex                     0x080006c9   Thumb Code    86  _printf_hex_int_ll_ptr.o(.text)
    _printf_int_hex                          0x0800071f   Thumb Code    28  _printf_hex_int_ll_ptr.o(.text)
    _printf_ll_hex                           0x0800073b   Thumb Code    12  _printf_hex_int_ll_ptr.o(.text)
    _printf_hex_ptr                          0x08000747   Thumb Code    18  _printf_hex_int_ll_ptr.o(.text)
    __printf                                 0x0800075d   Thumb Code   388  __printf_flags_ss_wp.o(.text)
    __aeabi_memcpy4                          0x080008e5   Thumb Code     0  rt_memcpy_w.o(.text)
    __aeabi_memcpy8                          0x080008e5   Thumb Code     0  rt_memcpy_w.o(.text)
    __rt_memcpy_w                            0x080008e5   Thumb Code   100  rt_memcpy_w.o(.text)
    _memcpy_lastbytes_aligned                0x0800092d   Thumb Code     0  rt_memcpy_w.o(.text)
    __aeabi_memclr4                          0x08000949   Thumb Code     0  rt_memclr_w.o(.text)
    __aeabi_memclr8                          0x08000949   Thumb Code     0  rt_memclr_w.o(.text)
    __rt_memclr_w                            0x08000949   Thumb Code    78  rt_memclr_w.o(.text)
    _memset_w                                0x0800094d   Thumb Code     0  rt_memclr_w.o(.text)
    _ll_udiv10                               0x08000997   Thumb Code   138  lludiv10.o(.text)
    _printf_int_common                       0x08000a21   Thumb Code   178  _printf_intcommon.o(.text)
    _printf_fp_dec_real                      0x08000c83   Thumb Code   620  _printf_fp_dec.o(.text)
    _printf_fp_hex_real                      0x08000ef1   Thumb Code   756  _printf_fp_hex.o(.text)
    _printf_cs_common                        0x080011ed   Thumb Code    20  _printf_char.o(.text)
    _printf_char                             0x08001201   Thumb Code    16  _printf_char.o(.text)
    _printf_string                           0x08001211   Thumb Code     8  _printf_char.o(.text)
    _printf_lcs_common                       0x08001219   Thumb Code    20  _printf_wchar.o(.text)
    _printf_wchar                            0x0800122d   Thumb Code    16  _printf_wchar.o(.text)
    _printf_wstring                          0x0800123d   Thumb Code     8  _printf_wchar.o(.text)
    _c16rtomb                                0x08001245   Thumb Code    72  _c16rtomb.o(.text)
    _wcrtomb                                 0x08001245   Thumb Code     0  _c16rtomb.o(.text)
    __user_setup_stackheap                   0x0800128d   Thumb Code    74  sys_stackheap_outer.o(.text)
    __rt_ctype_table                         0x080012d9   Thumb Code    16  rt_ctype_table.o(.text)
    __rt_locale                              0x080012e9   Thumb Code     8  rt_locale_intlibspace.o(.text)
    _printf_fp_infnan                        0x080012f1   Thumb Code   112  _printf_fp_infnan.o(.text)
    _btod_etento                             0x08001371   Thumb Code   224  bigflt0.o(.text)
    exit                                     0x08001455   Thumb Code    18  exit.o(.text)
    __user_libspace                          0x08001469   Thumb Code     8  libspace.o(.text)
    __user_perproc_libspace                  0x08001469   Thumb Code     0  libspace.o(.text)
    __user_perthread_libspace                0x08001469   Thumb Code     0  libspace.o(.text)
    strcmp                                   0x08001471   Thumb Code   128  strcmpv7m.o(.text)
    _sys_exit                                0x080014f1   Thumb Code     8  sys_exit.o(.text)
    __I$use$semihosting                      0x080014fd   Thumb Code     0  use_no_semi.o(.text)
    __use_no_semihosting_swi                 0x080014fd   Thumb Code     2  use_no_semi.o(.text)
    __semihosting_library_function           0x080014ff   Thumb Code     0  indicate_semi.o(.text)
    GPIO_Init                                0x08001501   Thumb Code   400  stm32f10x_gpio.o(.text.GPIO_Init)
    GPIO_ReadOutputDataBit                   0x08001691   Thumb Code    54  stm32f10x_gpio.o(.text.GPIO_ReadOutputDataBit)
    GPIO_WriteBit                            0x080016c9   Thumb Code    50  stm32f10x_gpio.o(.text.GPIO_WriteBit)
    PendSV_Handler                           0x08001701   Thumb Code    68  port.o(.text.PendSV_Handler)
    RCC_APB2PeriphClockCmd                   0x08001745   Thumb Code    62  stm32f10x_rcc.o(.text.RCC_APB2PeriphClockCmd)
    RCC_GetClocksFreq                        0x08001785   Thumb Code   374  stm32f10x_rcc.o(.text.RCC_GetClocksFreq)
    SVC_Handler                              0x08001901   Thumb Code    36  port.o(.text.SVC_Handler)
    SysTick_Handler                          0x08001a51   Thumb Code    62  port.o(.text.SysTick_Handler)
    SystemInit                               0x08001a91   Thumb Code   102  system_stm32f10x.o(.text.SystemInit)
    USART1_IRQHandler                        0x08001af9   Thumb Code   196  main.o(.text.USART1_IRQHandler)
    USART_Cmd                                0x08001bbd   Thumb Code    48  stm32f10x_usart.o(.text.USART_Cmd)
    USART_GetFlagStatus                      0x08001bed   Thumb Code    72  stm32f10x_usart.o(.text.USART_GetFlagStatus)
    USART_ITConfig                           0x08001c35   Thumb Code   156  stm32f10x_usart.o(.text.USART_ITConfig)
    USART_Init                               0x08001cd1   Thumb Code   350  stm32f10x_usart.o(.text.USART_Init)
    USART_ReceiveData                        0x08001e31   Thumb Code    16  stm32f10x_usart.o(.text.USART_ReceiveData)
    USART_SendData                           0x08001e41   Thumb Code    26  stm32f10x_usart.o(.text.USART_SendData)
    eTaskConfirmSleepModeStatus              0x08001ed5   Thumb Code   108  tasks.o(.text.eTaskConfirmSleepModeStatus)
    main                                     0x08001f41   Thumb Code   286  main.o(.text.main)
    prvConfigureGPIO                         0x0800234d   Thumb Code    78  prvhardwaresetup.o(.text.prvConfigureGPIO)
    prvConfigureUART1                        0x0800239d   Thumb Code   170  prvhardwaresetup.o(.text.prvConfigureUART1)
    prvHardwareSetup                         0x08002651   Thumb Code    12  prvhardwaresetup.o(.text.prvHardwareSetup)
    prvUART1_Write                           0x08003129   Thumb Code    88  prvhardwareoperations.o(.text.prvUART1_Write)
    pvPortMalloc                             0x08003259   Thumb Code   506  heap_4.o(.text.pvPortMalloc)
    pxPortInitialiseStack                    0x08003455   Thumb Code    80  port.o(.text.pxPortInitialiseStack)
    ucGetCmdCode                             0x080034a5   Thumb Code    16  main.o(.text.ucGetCmdCode)
    uxListRemove                             0x080034b5   Thumb Code    72  list.o(.text.uxListRemove)
    vCmdHandling_TaskHandler                 0x080034fd   Thumb Code   110  main.o(.text.vCmdHandling_TaskHandler)
    vCmdProcessing_TaskHandler               0x0800356d   Thumb Code   160  main.o(.text.vCmdProcessing_TaskHandler)
    vGetCmdArgs                              0x0800360d   Thumb Code     8  main.o(.text.vGetCmdArgs)
    vListInitialise                          0x08003615   Thumb Code    46  list.o(.text.vListInitialise)
    vListInitialiseItem                      0x08003645   Thumb Code    14  list.o(.text.vListInitialiseItem)
    vListInsert                              0x08003655   Thumb Code   108  list.o(.text.vListInsert)
    vListInsertEnd                           0x080036c1   Thumb Code    58  list.o(.text.vListInsertEnd)
    vMenuDisplay_TaskHandler                 0x080036fd   Thumb Code    62  main.o(.text.vMenuDisplay_TaskHandler)
    vPortEnterCritical                       0x0800373d   Thumb Code    88  port.o(.text.vPortEnterCritical)
    vPortExitCritical                        0x08003795   Thumb Code    78  port.o(.text.vPortExitCritical)
    vPortFree                                0x080037e5   Thumb Code   212  heap_4.o(.text.vPortFree)
    vPortSetupTimerInterrupt                 0x080038b9   Thumb Code   138  port.o(.text.vPortSetupTimerInterrupt)
    vPortSuppressTicksAndSleep               0x08003945   Thumb Code   528  port.o(.text.vPortSuppressTicksAndSleep)
    vPortValidateInterruptPriority           0x08003b55   Thumb Code   132  port.o(.text.vPortValidateInterruptPriority)
    vPrintErrorMsg                           0x08003bd9   Thumb Code    58  main.o(.text.vPrintErrorMsg)
    vQueueWaitForMessageRestricted           0x08003c15   Thumb Code   106  queue.o(.text.vQueueWaitForMessageRestricted)
    vReadLedStatus                           0x08003c81   Thumb Code    94  main.o(.text.vReadLedStatus)
    vReadRTC                                 0x08003ce1   Thumb Code     8  main.o(.text.vReadRTC)
    vTaskInternalSetTimeOutState             0x08003ce9   Thumb Code    36  tasks.o(.text.vTaskInternalSetTimeOutState)
    vTaskMissedYield                         0x08003d0d   Thumb Code    14  tasks.o(.text.vTaskMissedYield)
    vTaskPlaceOnEventList                    0x08003d1d   Thumb Code    68  tasks.o(.text.vTaskPlaceOnEventList)
    vTaskPlaceOnEventListRestricted          0x08003d61   Thumb Code    86  tasks.o(.text.vTaskPlaceOnEventListRestricted)
    vTaskStartScheduler                      0x08003db9   Thumb Code   190  tasks.o(.text.vTaskStartScheduler)
    vTaskStepTick                            0x08003e79   Thumb Code    76  tasks.o(.text.vTaskStepTick)
    vTaskSuspendAll                          0x08003ec5   Thumb Code    16  tasks.o(.text.vTaskSuspendAll)
    vTaskSwitchContext                       0x08003ed5   Thumb Code   194  tasks.o(.text.vTaskSwitchContext)
    vTurnLedOff                              0x08003f99   Thumb Code    22  main.o(.text.vTurnLedOff)
    vTurnLedOn                               0x08003fb1   Thumb Code    22  main.o(.text.vTurnLedOn)
    vTurnLedToggleOff                        0x08003fc9   Thumb Code     2  main.o(.text.vTurnLedToggleOff)
    vTurnLedToggleOn                         0x08003fcd   Thumb Code     2  main.o(.text.vTurnLedToggleOn)
    vUartWrite_TaskHandler                   0x08003fd1   Thumb Code    44  main.o(.text.vUartWrite_TaskHandler)
    xPortStartScheduler                      0x08003ffd   Thumb Code   230  port.o(.text.xPortStartScheduler)
    xQueueGenericCreate                      0x080040e5   Thumb Code   114  queue.o(.text.xQueueGenericCreate)
    xQueueGenericReset                       0x08004159   Thumb Code   194  queue.o(.text.xQueueGenericReset)
    xQueueGenericSend                        0x0800421d   Thumb Code   664  queue.o(.text.xQueueGenericSend)
    xQueueGenericSendFromISR                 0x080044b5   Thumb Code   416  queue.o(.text.xQueueGenericSendFromISR)
    xQueueReceive                            0x08004655   Thumb Code   510  queue.o(.text.xQueueReceive)
    xTaskCheckForTimeOut                     0x08004855   Thumb Code   254  tasks.o(.text.xTaskCheckForTimeOut)
    xTaskCreate                              0x08004955   Thumb Code   168  tasks.o(.text.xTaskCreate)
    xTaskGenericNotifyFromISR                0x080049fd   Thumb Code   458  tasks.o(.text.xTaskGenericNotifyFromISR)
    xTaskGetSchedulerState                   0x08004bc9   Thumb Code    60  tasks.o(.text.xTaskGetSchedulerState)
    xTaskGetTickCount                        0x08004c05   Thumb Code    20  tasks.o(.text.xTaskGetTickCount)
    xTaskIncrementTick                       0x08004c19   Thumb Code   456  tasks.o(.text.xTaskIncrementTick)
    xTaskNotifyWait                          0x08004de1   Thumb Code   222  tasks.o(.text.xTaskNotifyWait)
    xTaskPriorityDisinherit                  0x08004ec1   Thumb Code   296  tasks.o(.text.xTaskPriorityDisinherit)
    xTaskRemoveFromEventList                 0x08004fe9   Thumb Code   206  tasks.o(.text.xTaskRemoveFromEventList)
    xTaskResumeAll                           0x080050b9   Thumb Code   396  tasks.o(.text.xTaskResumeAll)
    xTimerCreateTimerTask                    0x08005245   Thumb Code   112  timers.o(.text.xTimerCreateTimerTask)
    xTimerGenericCommand                     0x080052b5   Thumb Code   182  timers.o(.text.xTimerGenericCommand)
    _btod_d2e                                0x0800536b   Thumb Code    62  btod.o(CL$$btod_d2e)
    _d2e_denorm_low                          0x080053a9   Thumb Code    70  btod.o(CL$$btod_d2e_denorm_low)
    _d2e_norm_op1                            0x080053ef   Thumb Code    96  btod.o(CL$$btod_d2e_norm_op1)
    __btod_div_common                        0x0800544f   Thumb Code   696  btod.o(CL$$btod_div_common)
    _e2e                                     0x08005787   Thumb Code   220  btod.o(CL$$btod_e2e)
    _btod_ediv                               0x08005863   Thumb Code    42  btod.o(CL$$btod_ediv)
    _btod_emul                               0x0800588d   Thumb Code    42  btod.o(CL$$btod_emul)
    __btod_mult_common                       0x080058b7   Thumb Code   580  btod.o(CL$$btod_mult_common)
    __ARM_fpclassify                         0x08005afb   Thumb Code    40  fpclassify.o(i.__ARM_fpclassify)
    _is_digit                                0x08005b23   Thumb Code    14  __printf_wp.o(i._is_digit)
    _get_lc_numeric                          0x08005b31   Thumb Code    44  lc_numeric_c.o(locale$$code)
    _get_lc_ctype                            0x08005b5d   Thumb Code    44  lc_ctype_c.o(locale$$code)
    _printf_fp_dec                           0x08005b89   Thumb Code     4  printf1.o(x$fpl$printf1)
    _printf_fp_hex                           0x08005b8d   Thumb Code     4  printf2.o(x$fpl$printf2)
    __I$use$fp                               0x08005b90   Number         0  usenofp.o(x$fpl$usenofp)
    Region$$Table$$Base                      0x08005cf8   Number         0  anon$$obj.o(Region$$Table)
    Region$$Table$$Limit                     0x08005d18   Number         0  anon$$obj.o(Region$$Table)
    __ctype                                  0x08005d41   Data           0  lc_ctype_c.o(locale$$data)
    SystemCoreClock                          0x20000000   Data           4  system_stm32f10x.o(.data.SystemCoreClock)
    menu                                     0x20000004   Data         222  main.o(.data.menu)
    __libspace_start                         0x200000e8   Data          96  libspace.o(.bss)
    __temporary_stack_top$libspace           0x20000148   Data           0  libspace.o(.bss)
    pxCurrentTCB                             0x2000014c   Data           4  tasks.o(.bss.pxCurrentTCB)



==============================================================================

Memory Map of the image

  Image Entry point : 0x080000ed

  Load Region LR_IROM1 (Base: 0x08000000, Size: 0x00005f30, Max: 0x00010000, ABSOLUTE)

    Execution Region ER_IROM1 (Exec base: 0x08000000, Load base: 0x08000000, Size: 0x00005e44, Max: 0x00010000, ABSOLUTE)

    Exec Addr    Load Addr    Size         Type   Attr      Idx    E Section Name        Object

    0x08000000   0x08000000   0x000000ec   Data   RO          302    RESET               startup_stm32f10x_md.o
    0x080000ec   0x080000ec   0x00000008   Code   RO          727  * !!!main             c_w.l(__main.o)
    0x080000f4   0x080000f4   0x00000034   Code   RO         1066    !!!scatter          c_w.l(__scatter.o)
    0x08000128   0x08000128   0x0000001a   Code   RO         1068    !!handler_copy      c_w.l(__scatter_copy.o)
    0x08000142   0x08000142   0x00000002   PAD
    0x08000144   0x08000144   0x0000001c   Code   RO         1070    !!handler_zi        c_w.l(__scatter_zi.o)
    0x08000160   0x08000160   0x00000000   Code   RO          811    .ARM.Collect$$_printf_percent$$00000000  c_w.l(_printf_percent.o)
    0x08000160   0x08000160   0x00000006   Code   RO          800    .ARM.Collect$$_printf_percent$$00000001  c_w.l(_printf_n.o)
    0x08000166   0x08000166   0x00000006   Code   RO          802    .ARM.Collect$$_printf_percent$$00000002  c_w.l(_printf_p.o)
    0x0800016c   0x0800016c   0x00000006   Code   RO          807    .ARM.Collect$$_printf_percent$$00000003  c_w.l(_printf_f.o)
    0x08000172   0x08000172   0x00000006   Code   RO          808    .ARM.Collect$$_printf_percent$$00000004  c_w.l(_printf_e.o)
    0x08000178   0x08000178   0x00000006   Code   RO          809    .ARM.Collect$$_printf_percent$$00000005  c_w.l(_printf_g.o)
    0x0800017e   0x0800017e   0x00000006   Code   RO          810    .ARM.Collect$$_printf_percent$$00000006  c_w.l(_printf_a.o)
    0x08000184   0x08000184   0x0000000a   Code   RO          815    .ARM.Collect$$_printf_percent$$00000007  c_w.l(_printf_ll.o)
    0x0800018e   0x0800018e   0x00000006   Code   RO          804    .ARM.Collect$$_printf_percent$$00000008  c_w.l(_printf_i.o)
    0x08000194   0x08000194   0x00000006   Code   RO          805    .ARM.Collect$$_printf_percent$$00000009  c_w.l(_printf_d.o)
    0x0800019a   0x0800019a   0x00000006   Code   RO          806    .ARM.Collect$$_printf_percent$$0000000A  c_w.l(_printf_u.o)
    0x080001a0   0x080001a0   0x00000006   Code   RO          803    .ARM.Collect$$_printf_percent$$0000000B  c_w.l(_printf_o.o)
    0x080001a6   0x080001a6   0x00000006   Code   RO          801    .ARM.Collect$$_printf_percent$$0000000C  c_w.l(_printf_x.o)
    0x080001ac   0x080001ac   0x00000006   Code   RO          812    .ARM.Collect$$_printf_percent$$0000000D  c_w.l(_printf_lli.o)
    0x080001b2   0x080001b2   0x00000006   Code   RO          813    .ARM.Collect$$_printf_percent$$0000000E  c_w.l(_printf_lld.o)
    0x080001b8   0x080001b8   0x00000006   Code   RO          814    .ARM.Collect$$_printf_percent$$0000000F  c_w.l(_printf_llu.o)
    0x080001be   0x080001be   0x00000006   Code   RO          819    .ARM.Collect$$_printf_percent$$00000010  c_w.l(_printf_llo.o)
    0x080001c4   0x080001c4   0x00000006   Code   RO          820    .ARM.Collect$$_printf_percent$$00000011  c_w.l(_printf_llx.o)
    0x080001ca   0x080001ca   0x0000000a   Code   RO          816    .ARM.Collect$$_printf_percent$$00000012  c_w.l(_printf_l.o)
    0x080001d4   0x080001d4   0x00000006   Code   RO          798    .ARM.Collect$$_printf_percent$$00000013  c_w.l(_printf_c.o)
    0x080001da   0x080001da   0x00000006   Code   RO          799    .ARM.Collect$$_printf_percent$$00000014  c_w.l(_printf_s.o)
    0x080001e0   0x080001e0   0x00000006   Code   RO          817    .ARM.Collect$$_printf_percent$$00000015  c_w.l(_printf_lc.o)
    0x080001e6   0x080001e6   0x00000006   Code   RO          818    .ARM.Collect$$_printf_percent$$00000016  c_w.l(_printf_ls.o)
    0x080001ec   0x080001ec   0x00000004   Code   RO          865    .ARM.Collect$$_printf_percent$$00000017  c_w.l(_printf_percent_end.o)
    0x080001f0   0x080001f0   0x00000002   Code   RO          916    .ARM.Collect$$libinit$$00000000  c_w.l(libinit.o)
    0x080001f2   0x080001f2   0x00000000   Code   RO          935    .ARM.Collect$$libinit$$00000002  c_w.l(libinit2.o)
    0x080001f2   0x080001f2   0x00000000   Code   RO          937    .ARM.Collect$$libinit$$00000004  c_w.l(libinit2.o)
    0x080001f2   0x080001f2   0x00000000   Code   RO          940    .ARM.Collect$$libinit$$0000000A  c_w.l(libinit2.o)
    0x080001f2   0x080001f2   0x00000000   Code   RO          942    .ARM.Collect$$libinit$$0000000C  c_w.l(libinit2.o)
    0x080001f2   0x080001f2   0x00000000   Code   RO          944    .ARM.Collect$$libinit$$0000000E  c_w.l(libinit2.o)
    0x080001f2   0x080001f2   0x00000006   Code   RO          945    .ARM.Collect$$libinit$$0000000F  c_w.l(libinit2.o)
    0x080001f8   0x080001f8   0x00000000   Code   RO          947    .ARM.Collect$$libinit$$00000011  c_w.l(libinit2.o)
    0x080001f8   0x080001f8   0x0000000c   Code   RO          948    .ARM.Collect$$libinit$$00000012  c_w.l(libinit2.o)
    0x08000204   0x08000204   0x00000000   Code   RO          949    .ARM.Collect$$libinit$$00000013  c_w.l(libinit2.o)
    0x08000204   0x08000204   0x00000000   Code   RO          951    .ARM.Collect$$libinit$$00000015  c_w.l(libinit2.o)
    0x08000204   0x08000204   0x0000000a   Code   RO          952    .ARM.Collect$$libinit$$00000016  c_w.l(libinit2.o)
    0x0800020e   0x0800020e   0x00000000   Code   RO          953    .ARM.Collect$$libinit$$00000017  c_w.l(libinit2.o)
    0x0800020e   0x0800020e   0x00000000   Code   RO          955    .ARM.Collect$$libinit$$00000019  c_w.l(libinit2.o)
    0x0800020e   0x0800020e   0x00000000   Code   RO          957    .ARM.Collect$$libinit$$0000001B  c_w.l(libinit2.o)
    0x0800020e   0x0800020e   0x00000000   Code   RO          959    .ARM.Collect$$libinit$$0000001D  c_w.l(libinit2.o)
    0x0800020e   0x0800020e   0x00000000   Code   RO          961    .ARM.Collect$$libinit$$0000001F  c_w.l(libinit2.o)
    0x0800020e   0x0800020e   0x00000000   Code   RO          963    .ARM.Collect$$libinit$$00000021  c_w.l(libinit2.o)
    0x0800020e   0x0800020e   0x00000000   Code   RO          965    .ARM.Collect$$libinit$$00000023  c_w.l(libinit2.o)
    0x0800020e   0x0800020e   0x00000000   Code   RO          967    .ARM.Collect$$libinit$$00000025  c_w.l(libinit2.o)
    0x0800020e   0x0800020e   0x00000000   Code   RO          971    .ARM.Collect$$libinit$$0000002C  c_w.l(libinit2.o)
    0x0800020e   0x0800020e   0x00000000   Code   RO          973    .ARM.Collect$$libinit$$0000002E  c_w.l(libinit2.o)
    0x0800020e   0x0800020e   0x00000000   Code   RO          975    .ARM.Collect$$libinit$$00000030  c_w.l(libinit2.o)
    0x0800020e   0x0800020e   0x00000000   Code   RO          977    .ARM.Collect$$libinit$$00000032  c_w.l(libinit2.o)
    0x0800020e   0x0800020e   0x00000002   Code   RO          978    .ARM.Collect$$libinit$$00000033  c_w.l(libinit2.o)
    0x08000210   0x08000210   0x00000002   Code   RO         1002    .ARM.Collect$$libshutdown$$00000000  c_w.l(libshutdown.o)
    0x08000212   0x08000212   0x00000000   Code   RO         1017    .ARM.Collect$$libshutdown$$00000002  c_w.l(libshutdown2.o)
    0x08000212   0x08000212   0x00000000   Code   RO         1019    .ARM.Collect$$libshutdown$$00000004  c_w.l(libshutdown2.o)
    0x08000212   0x08000212   0x00000000   Code   RO         1022    .ARM.Collect$$libshutdown$$00000007  c_w.l(libshutdown2.o)
    0x08000212   0x08000212   0x00000000   Code   RO         1025    .ARM.Collect$$libshutdown$$0000000A  c_w.l(libshutdown2.o)
    0x08000212   0x08000212   0x00000000   Code   RO         1027    .ARM.Collect$$libshutdown$$0000000C  c_w.l(libshutdown2.o)
    0x08000212   0x08000212   0x00000000   Code   RO         1030    .ARM.Collect$$libshutdown$$0000000F  c_w.l(libshutdown2.o)
    0x08000212   0x08000212   0x00000002   Code   RO         1031    .ARM.Collect$$libshutdown$$00000010  c_w.l(libshutdown2.o)
    0x08000214   0x08000214   0x00000000   Code   RO          729    .ARM.Collect$$rtentry$$00000000  c_w.l(__rtentry.o)
    0x08000214   0x08000214   0x00000000   Code   RO          834    .ARM.Collect$$rtentry$$00000002  c_w.l(__rtentry2.o)
    0x08000214   0x08000214   0x00000006   Code   RO          846    .ARM.Collect$$rtentry$$00000004  c_w.l(__rtentry4.o)
    0x0800021a   0x0800021a   0x00000000   Code   RO          836    .ARM.Collect$$rtentry$$00000009  c_w.l(__rtentry2.o)
    0x0800021a   0x0800021a   0x00000004   Code   RO          837    .ARM.Collect$$rtentry$$0000000A  c_w.l(__rtentry2.o)
    0x0800021e   0x0800021e   0x00000000   Code   RO          839    .ARM.Collect$$rtentry$$0000000C  c_w.l(__rtentry2.o)
    0x0800021e   0x0800021e   0x00000008   Code   RO          840    .ARM.Collect$$rtentry$$0000000D  c_w.l(__rtentry2.o)
    0x08000226   0x08000226   0x00000002   Code   RO          925    .ARM.Collect$$rtexit$$00000000  c_w.l(rtexit.o)
    0x08000228   0x08000228   0x00000000   Code   RO          980    .ARM.Collect$$rtexit$$00000002  c_w.l(rtexit2.o)
    0x08000228   0x08000228   0x00000004   Code   RO          981    .ARM.Collect$$rtexit$$00000003  c_w.l(rtexit2.o)
    0x0800022c   0x0800022c   0x00000006   Code   RO          982    .ARM.Collect$$rtexit$$00000004  c_w.l(rtexit2.o)
    0x08000232   0x08000232   0x00000002   PAD
    0x08000234   0x08000234   0x00000040   Code   RO          303    .text               startup_stm32f10x_md.o
    0x08000274   0x08000274   0x0000002c   Code   RO          717    .text               c_w.l(sprintf.o)
    0x080002a0   0x080002a0   0x0000003e   Code   RO          719    .text               c_w.l(strlen.o)
    0x080002de   0x080002de   0x0000008a   Code   RO          721    .text               c_w.l(rt_memcpy_v6.o)
    0x08000368   0x08000368   0x00000010   Code   RO          723    .text               c_w.l(aeabi_memset4.o)
    0x08000378   0x08000378   0x00000006   Code   RO          725    .text               c_w.l(heapauxi.o)
    0x0800037e   0x0800037e   0x0000004e   Code   RO          732    .text               c_w.l(_printf_pad.o)
    0x080003cc   0x080003cc   0x00000024   Code   RO          734    .text               c_w.l(_printf_truncate.o)
    0x080003f0   0x080003f0   0x00000052   Code   RO          736    .text               c_w.l(_printf_str.o)
    0x08000442   0x08000442   0x00000002   PAD
    0x08000444   0x08000444   0x00000078   Code   RO          738    .text               c_w.l(_printf_dec.o)
    0x080004bc   0x080004bc   0x00000028   Code   RO          740    .text               c_w.l(_printf_charcount.o)
    0x080004e4   0x080004e4   0x00000030   Code   RO          742    .text               c_w.l(_printf_char_common.o)
    0x08000514   0x08000514   0x0000000a   Code   RO          744    .text               c_w.l(_sputc.o)
    0x0800051e   0x0800051e   0x00000002   PAD
    0x08000520   0x08000520   0x000000bc   Code   RO          746    .text               c_w.l(_printf_wctomb.o)
    0x080005dc   0x080005dc   0x0000007c   Code   RO          749    .text               c_w.l(_printf_longlong_dec.o)
    0x08000658   0x08000658   0x00000070   Code   RO          755    .text               c_w.l(_printf_oct_int_ll.o)
    0x080006c8   0x080006c8   0x00000094   Code   RO          775    .text               c_w.l(_printf_hex_int_ll_ptr.o)
    0x0800075c   0x0800075c   0x00000188   Code   RO          795    .text               c_w.l(__printf_flags_ss_wp.o)
    0x080008e4   0x080008e4   0x00000064   Code   RO          821    .text               c_w.l(rt_memcpy_w.o)
    0x08000948   0x08000948   0x0000004e   Code   RO          823    .text               c_w.l(rt_memclr_w.o)
    0x08000996   0x08000996   0x0000008a   Code   RO          848    .text               c_w.l(lludiv10.o)
    0x08000a20   0x08000a20   0x000000b2   Code   RO          850    .text               c_w.l(_printf_intcommon.o)
    0x08000ad2   0x08000ad2   0x0000041c   Code   RO          852    .text               c_w.l(_printf_fp_dec.o)
    0x08000eee   0x08000eee   0x00000002   PAD
    0x08000ef0   0x08000ef0   0x000002fc   Code   RO          856    .text               c_w.l(_printf_fp_hex.o)
    0x080011ec   0x080011ec   0x0000002c   Code   RO          861    .text               c_w.l(_printf_char.o)
    0x08001218   0x08001218   0x0000002c   Code   RO          863    .text               c_w.l(_printf_wchar.o)
    0x08001244   0x08001244   0x00000048   Code   RO          866    .text               c_w.l(_c16rtomb.o)
    0x0800128c   0x0800128c   0x0000004a   Code   RO          868    .text               c_w.l(sys_stackheap_outer.o)
    0x080012d6   0x080012d6   0x00000002   PAD
    0x080012d8   0x080012d8   0x00000010   Code   RO          870    .text               c_w.l(rt_ctype_table.o)
    0x080012e8   0x080012e8   0x00000008   Code   RO          875    .text               c_w.l(rt_locale_intlibspace.o)
    0x080012f0   0x080012f0   0x00000080   Code   RO          877    .text               c_w.l(_printf_fp_infnan.o)
    0x08001370   0x08001370   0x000000e4   Code   RO          879    .text               c_w.l(bigflt0.o)
    0x08001454   0x08001454   0x00000012   Code   RO          909    .text               c_w.l(exit.o)
    0x08001466   0x08001466   0x00000002   PAD
    0x08001468   0x08001468   0x00000008   Code   RO          922    .text               c_w.l(libspace.o)
    0x08001470   0x08001470   0x00000080   Code   RO          932    .text               c_w.l(strcmpv7m.o)
    0x080014f0   0x080014f0   0x0000000c   Code   RO          992    .text               c_w.l(sys_exit.o)
    0x080014fc   0x080014fc   0x00000002   Code   RO         1007    .text               c_w.l(use_no_semi.o)
    0x080014fe   0x080014fe   0x00000000   Code   RO         1009    .text               c_w.l(indicate_semi.o)
    0x080014fe   0x080014fe   0x00000002   PAD
    0x08001500   0x08001500   0x00000190   Code   RO          124    .text.GPIO_Init     stm32f10x_gpio.o
    0x08001690   0x08001690   0x00000036   Code   RO          132    .text.GPIO_ReadOutputDataBit  stm32f10x_gpio.o
    0x080016c6   0x080016c6   0x00000002   PAD
    0x080016c8   0x080016c8   0x00000032   Code   RO          140    .text.GPIO_WriteBit  stm32f10x_gpio.o
    0x080016fa   0x080016fa   0x00000006   PAD
    0x08001700   0x08001700   0x00000044   Code   RO          363    .text.PendSV_Handler  port.o
    0x08001744   0x08001744   0x0000003e   Code   RO          207    .text.RCC_APB2PeriphClockCmd  stm32f10x_rcc.o
    0x08001782   0x08001782   0x00000002   PAD
    0x08001784   0x08001784   0x00000176   Code   RO          203    .text.RCC_GetClocksFreq  stm32f10x_rcc.o
    0x080018fa   0x080018fa   0x00000006   PAD
    0x08001900   0x08001900   0x00000024   Code   RO          349    .text.SVC_Handler   port.o
    0x08001924   0x08001924   0x00000008   Code   RO          312    .text.SetSysClock   system_stm32f10x.o
    0x0800192c   0x0800192c   0x00000122   Code   RO          316    .text.SetSysClockTo72  system_stm32f10x.o
    0x08001a4e   0x08001a4e   0x00000002   PAD
    0x08001a50   0x08001a50   0x0000003e   Code   RO          365    .text.SysTick_Handler  port.o
    0x08001a8e   0x08001a8e   0x00000002   PAD
    0x08001a90   0x08001a90   0x00000066   Code   RO          310    .text.SystemInit    system_stm32f10x.o
    0x08001af6   0x08001af6   0x00000002   PAD
    0x08001af8   0x08001af8   0x000000c4   Code   RO           30    .text.USART1_IRQHandler  main.o
    0x08001bbc   0x08001bbc   0x00000030   Code   RO          246    .text.USART_Cmd     stm32f10x_usart.o
    0x08001bec   0x08001bec   0x00000048   Code   RO          286    .text.USART_GetFlagStatus  stm32f10x_usart.o
    0x08001c34   0x08001c34   0x0000009c   Code   RO          248    .text.USART_ITConfig  stm32f10x_usart.o
    0x08001cd0   0x08001cd0   0x0000015e   Code   RO          238    .text.USART_Init    stm32f10x_usart.o
    0x08001e2e   0x08001e2e   0x00000002   PAD
    0x08001e30   0x08001e30   0x00000010   Code   RO          264    .text.USART_ReceiveData  stm32f10x_usart.o
    0x08001e40   0x08001e40   0x0000001a   Code   RO          262    .text.USART_SendData  stm32f10x_usart.o
    0x08001e5a   0x08001e5a   0x00000002   PAD
    0x08001e5c   0x08001e5c   0x00000034   Code   RO           60    .text.__NVIC_EnableIRQ  prvhardwaresetup.o
    0x08001e90   0x08001e90   0x00000044   Code   RO           58    .text.__NVIC_SetPriority  prvhardwaresetup.o
    0x08001ed4   0x08001ed4   0x0000006c   Code   RO          582    .text.eTaskConfirmSleepModeStatus  tasks.o
    0x08001f40   0x08001f40   0x0000011e   Code   RO            2    .text.main          main.o
    0x0800205e   0x0800205e   0x00000002   PAD
    0x08002060   0x08002060   0x00000104   Code   RO          512    .text.prvAddCurrentTaskToDelayedList  tasks.o
    0x08002164   0x08002164   0x0000011c   Code   RO          500    .text.prvAddNewTaskToReadyList  tasks.o
    0x08002280   0x08002280   0x0000006c   Code   RO          655    .text.prvCheckForValidListAndQueue  timers.o
    0x080022ec   0x080022ec   0x0000005e   Code   RO          620    .text.prvCheckTasksWaitingTermination  tasks.o
    0x0800234a   0x0800234a   0x00000002   PAD
    0x0800234c   0x0800234c   0x0000004e   Code   RO           56    .text.prvConfigureGPIO  prvhardwaresetup.o
    0x0800239a   0x0800239a   0x00000002   PAD
    0x0800239c   0x0800239c   0x000000aa   Code   RO           54    .text.prvConfigureUART1  prvhardwaresetup.o
    0x08002446   0x08002446   0x00000002   PAD
    0x08002448   0x08002448   0x0000004a   Code   RO          453    .text.prvCopyDataFromQueue  queue.o
    0x08002492   0x08002492   0x00000002   PAD
    0x08002494   0x08002494   0x000000e0   Code   RO          439    .text.prvCopyDataToQueue  queue.o
    0x08002574   0x08002574   0x00000018   Code   RO          504    .text.prvDeleteTCB  tasks.o
    0x0800258c   0x0800258c   0x00000080   Code   RO          622    .text.prvGetExpectedIdleTime  tasks.o
    0x0800260c   0x0800260c   0x00000042   Code   RO          687    .text.prvGetNextExpireTime  timers.o
    0x0800264e   0x0800264e   0x00000002   PAD
    0x08002650   0x08002650   0x0000000c   Code   RO           52    .text.prvHardwareSetup  prvhardwaresetup.o
    0x0800265c   0x0800265c   0x000000be   Code   RO          386    .text.prvHeapInit   heap_4.o
    0x0800271a   0x0800271a   0x00000002   PAD
    0x0800271c   0x0800271c   0x0000009a   Code   RO          538    .text.prvIdleTask   tasks.o
    0x080027b6   0x080027b6   0x00000002   PAD
    0x080027b8   0x080027b8   0x00000048   Code   RO          419    .text.prvInitialiseNewQueue  queue.o
    0x08002800   0x08002800   0x00000138   Code   RO          498    .text.prvInitialiseNewTask  tasks.o
    0x08002938   0x08002938   0x0000008e   Code   RO          618    .text.prvInitialiseTaskLists  tasks.o
    0x080029c6   0x080029c6   0x00000002   PAD
    0x080029c8   0x080029c8   0x000000c6   Code   RO          388    .text.prvInsertBlockIntoFreeList  heap_4.o
    0x08002a8e   0x08002a8e   0x00000002   PAD
    0x08002a90   0x08002a90   0x00000086   Code   RO          699    .text.prvInsertTimerInActiveList  timers.o
    0x08002b16   0x08002b16   0x00000002   PAD
    0x08002b18   0x08002b18   0x0000002a   Code   RO          455    .text.prvIsQueueEmpty  queue.o
    0x08002b42   0x08002b42   0x00000002   PAD
    0x08002b44   0x08002b44   0x0000002e   Code   RO          443    .text.prvIsQueueFull  queue.o
    0x08002b72   0x08002b72   0x00000002   PAD
    0x08002b74   0x08002b74   0x000000c0   Code   RO          441    .text.prvNotifyQueueSetContainer  queue.o
    0x08002c34   0x08002c34   0x00000020   Code   RO          355    .text.prvPortStartFirstTask  port.o
    0x08002c54   0x08002c54   0x0000009a   Code   RO          695    .text.prvProcessExpiredTimer  timers.o
    0x08002cee   0x08002cee   0x00000002   PAD
    0x08002cf0   0x08002cf0   0x000001b6   Code   RO          691    .text.prvProcessReceivedCommands  timers.o
    0x08002ea6   0x08002ea6   0x00000002   PAD
    0x08002ea8   0x08002ea8   0x000000a8   Code   RO          689    .text.prvProcessTimerOrBlockTask  timers.o
    0x08002f50   0x08002f50   0x00000048   Code   RO          506    .text.prvResetNextTaskUnblockTime  tasks.o
    0x08002f98   0x08002f98   0x00000044   Code   RO          693    .text.prvSampleTimeNow  timers.o
    0x08002fdc   0x08002fdc   0x000000da   Code   RO          697    .text.prvSwitchTimerLists  timers.o
    0x080030b6   0x080030b6   0x00000002   PAD
    0x080030b8   0x080030b8   0x00000050   Code   RO          347    .text.prvTaskExitError  port.o
    0x08003108   0x08003108   0x0000001e   Code   RO          657    .text.prvTimerTask  timers.o
    0x08003126   0x08003126   0x00000002   PAD
    0x08003128   0x08003128   0x00000058   Code   RO           69    .text.prvUART1_Write  prvhardwareoperations.o
    0x08003180   0x08003180   0x000000d8   Code   RO          445    .text.prvUnlockQueue  queue.o
    0x08003258   0x08003258   0x000001fa   Code   RO          384    .text.pvPortMalloc  heap_4.o
    0x08003452   0x08003452   0x00000002   PAD
    0x08003454   0x08003454   0x00000050   Code   RO          345    .text.pxPortInitialiseStack  port.o
    0x080034a4   0x080034a4   0x00000010   Code   RO           12    .text.ucGetCmdCode  main.o
    0x080034b4   0x080034b4   0x00000048   Code   RO          336    .text.uxListRemove  list.o
    0x080034fc   0x080034fc   0x0000006e   Code   RO            6    .text.vCmdHandling_TaskHandler  main.o
    0x0800356a   0x0800356a   0x00000002   PAD
    0x0800356c   0x0800356c   0x000000a0   Code   RO            8    .text.vCmdProcessing_TaskHandler  main.o
    0x0800360c   0x0800360c   0x00000008   Code   RO           14    .text.vGetCmdArgs   main.o
    0x08003614   0x08003614   0x0000002e   Code   RO          328    .text.vListInitialise  list.o
    0x08003642   0x08003642   0x00000002   PAD
    0x08003644   0x08003644   0x0000000e   Code   RO          330    .text.vListInitialiseItem  list.o
    0x08003652   0x08003652   0x00000002   PAD
    0x08003654   0x08003654   0x0000006c   Code   RO          334    .text.vListInsert   list.o
    0x080036c0   0x080036c0   0x0000003a   Code   RO          332    .text.vListInsertEnd  list.o
    0x080036fa   0x080036fa   0x00000002   PAD
    0x080036fc   0x080036fc   0x0000003e   Code   RO            4    .text.vMenuDisplay_TaskHandler  main.o
    0x0800373a   0x0800373a   0x00000002   PAD
    0x0800373c   0x0800373c   0x00000058   Code   RO          359    .text.vPortEnterCritical  port.o
    0x08003794   0x08003794   0x0000004e   Code   RO          361    .text.vPortExitCritical  port.o
    0x080037e2   0x080037e2   0x00000002   PAD
    0x080037e4   0x080037e4   0x000000d4   Code   RO          390    .text.vPortFree     heap_4.o
    0x080038b8   0x080038b8   0x0000008a   Code   RO          353    .text.vPortSetupTimerInterrupt  port.o
    0x08003942   0x08003942   0x00000002   PAD
    0x08003944   0x08003944   0x00000210   Code   RO          367    .text.vPortSuppressTicksAndSleep  port.o
    0x08003b54   0x08003b54   0x00000084   Code   RO          369    .text.vPortValidateInterruptPriority  port.o
    0x08003bd8   0x08003bd8   0x0000003a   Code   RO           28    .text.vPrintErrorMsg  main.o
    0x08003c12   0x08003c12   0x00000002   PAD
    0x08003c14   0x08003c14   0x0000006a   Code   RO          477    .text.vQueueWaitForMessageRestricted  queue.o
    0x08003c7e   0x08003c7e   0x00000002   PAD
    0x08003c80   0x08003c80   0x0000005e   Code   RO           24    .text.vReadLedStatus  main.o
    0x08003cde   0x08003cde   0x00000002   PAD
    0x08003ce0   0x08003ce0   0x00000008   Code   RO           26    .text.vReadRTC      main.o
    0x08003ce8   0x08003ce8   0x00000024   Code   RO          576    .text.vTaskInternalSetTimeOutState  tasks.o
    0x08003d0c   0x08003d0c   0x0000000e   Code   RO          580    .text.vTaskMissedYield  tasks.o
    0x08003d1a   0x08003d1a   0x00000002   PAD
    0x08003d1c   0x08003d1c   0x00000044   Code   RO          564    .text.vTaskPlaceOnEventList  tasks.o
    0x08003d60   0x08003d60   0x00000056   Code   RO          568    .text.vTaskPlaceOnEventListRestricted  tasks.o
    0x08003db6   0x08003db6   0x00000002   PAD
    0x08003db8   0x08003db8   0x000000be   Code   RO          536    .text.vTaskStartScheduler  tasks.o
    0x08003e76   0x08003e76   0x00000002   PAD
    0x08003e78   0x08003e78   0x0000004c   Code   RO          558    .text.vTaskStepTick  tasks.o
    0x08003ec4   0x08003ec4   0x00000010   Code   RO          510    .text.vTaskSuspendAll  tasks.o
    0x08003ed4   0x08003ed4   0x000000c2   Code   RO          528    .text.vTaskSwitchContext  tasks.o
    0x08003f96   0x08003f96   0x00000002   PAD
    0x08003f98   0x08003f98   0x00000016   Code   RO           18    .text.vTurnLedOff   main.o
    0x08003fae   0x08003fae   0x00000002   PAD
    0x08003fb0   0x08003fb0   0x00000016   Code   RO           16    .text.vTurnLedOn    main.o
    0x08003fc6   0x08003fc6   0x00000002   PAD
    0x08003fc8   0x08003fc8   0x00000002   Code   RO           22    .text.vTurnLedToggleOff  main.o
    0x08003fca   0x08003fca   0x00000002   PAD
    0x08003fcc   0x08003fcc   0x00000002   Code   RO           20    .text.vTurnLedToggleOn  main.o
    0x08003fce   0x08003fce   0x00000002   PAD
    0x08003fd0   0x08003fd0   0x0000002c   Code   RO           10    .text.vUartWrite_TaskHandler  main.o
    0x08003ffc   0x08003ffc   0x000000e6   Code   RO          351    .text.xPortStartScheduler  port.o
    0x080040e2   0x080040e2   0x00000002   PAD
    0x080040e4   0x080040e4   0x00000072   Code   RO          417    .text.xQueueGenericCreate  queue.o
    0x08004156   0x08004156   0x00000002   PAD
    0x08004158   0x08004158   0x000000c2   Code   RO          415    .text.xQueueGenericReset  queue.o
    0x0800421a   0x0800421a   0x00000002   PAD
    0x0800421c   0x0800421c   0x00000298   Code   RO          431    .text.xQueueGenericSend  queue.o
    0x080044b4   0x080044b4   0x000001a0   Code   RO          447    .text.xQueueGenericSendFromISR  queue.o
    0x08004654   0x08004654   0x000001fe   Code   RO          451    .text.xQueueReceive  queue.o
    0x08004852   0x08004852   0x00000002   PAD
    0x08004854   0x08004854   0x000000fe   Code   RO          578    .text.xTaskCheckForTimeOut  tasks.o
    0x08004952   0x08004952   0x00000002   PAD
    0x08004954   0x08004954   0x000000a8   Code   RO          496    .text.xTaskCreate   tasks.o
    0x080049fc   0x080049fc   0x000001ca   Code   RO          610    .text.xTaskGenericNotifyFromISR  tasks.o
    0x08004bc6   0x08004bc6   0x00000002   PAD
    0x08004bc8   0x08004bc8   0x0000003c   Code   RO          592    .text.xTaskGetSchedulerState  tasks.o
    0x08004c04   0x08004c04   0x00000014   Code   RO          544    .text.xTaskGetTickCount  tasks.o
    0x08004c18   0x08004c18   0x000001c8   Code   RO          542    .text.xTaskIncrementTick  tasks.o
    0x08004de0   0x08004de0   0x000000de   Code   RO          606    .text.xTaskNotifyWait  tasks.o
    0x08004ebe   0x08004ebe   0x00000002   PAD
    0x08004ec0   0x08004ec0   0x00000128   Code   RO          596    .text.xTaskPriorityDisinherit  tasks.o
    0x08004fe8   0x08004fe8   0x000000ce   Code   RO          570    .text.xTaskRemoveFromEventList  tasks.o
    0x080050b6   0x080050b6   0x00000002   PAD
    0x080050b8   0x080050b8   0x0000018c   Code   RO          514    .text.xTaskResumeAll  tasks.o
    0x08005244   0x08005244   0x00000070   Code   RO          653    .text.xTimerCreateTimerTask  timers.o
    0x080052b4   0x080052b4   0x000000b6   Code   RO          663    .text.xTimerGenericCommand  timers.o
    0x0800536a   0x0800536a   0x0000003e   Code   RO          882    CL$$btod_d2e        c_w.l(btod.o)
    0x080053a8   0x080053a8   0x00000046   Code   RO          884    CL$$btod_d2e_denorm_low  c_w.l(btod.o)
    0x080053ee   0x080053ee   0x00000060   Code   RO          883    CL$$btod_d2e_norm_op1  c_w.l(btod.o)
    0x0800544e   0x0800544e   0x00000338   Code   RO          892    CL$$btod_div_common  c_w.l(btod.o)
    0x08005786   0x08005786   0x000000dc   Code   RO          889    CL$$btod_e2e        c_w.l(btod.o)
    0x08005862   0x08005862   0x0000002a   Code   RO          886    CL$$btod_ediv       c_w.l(btod.o)
    0x0800588c   0x0800588c   0x0000002a   Code   RO          885    CL$$btod_emul       c_w.l(btod.o)
    0x080058b6   0x080058b6   0x00000244   Code   RO          891    CL$$btod_mult_common  c_w.l(btod.o)
    0x08005afa   0x08005afa   0x00000028   Code   RO          920    i.__ARM_fpclassify  m_ws.l(fpclassify.o)
    0x08005b22   0x08005b22   0x0000000e   Code   RO          788    i._is_digit         c_w.l(__printf_wp.o)
    0x08005b30   0x08005b30   0x0000002c   Code   RO          907    locale$$code        c_w.l(lc_numeric_c.o)
    0x08005b5c   0x08005b5c   0x0000002c   Code   RO          930    locale$$code        c_w.l(lc_ctype_c.o)
    0x08005b88   0x08005b88   0x00000004   Code   RO          825    x$fpl$printf1       fz_ws.l(printf1.o)
    0x08005b8c   0x08005b8c   0x00000004   Code   RO          827    x$fpl$printf2       fz_ws.l(printf2.o)
    0x08005b90   0x08005b90   0x00000000   Code   RO          919    x$fpl$usenofp       fz_ws.l(usenofp.o)
    0x08005b90   0x08005b90   0x00000008   Data   RO          747    .constdata          c_w.l(_printf_wctomb.o)
    0x08005b98   0x08005b98   0x00000028   Data   RO          776    .constdata          c_w.l(_printf_hex_int_ll_ptr.o)
    0x08005bc0   0x08005bc0   0x00000011   Data   RO          796    .constdata          c_w.l(__printf_flags_ss_wp.o)
    0x08005bd1   0x08005bd1   0x00000026   Data   RO          857    .constdata          c_w.l(_printf_fp_hex.o)
    0x08005bf7   0x08005bf7   0x00000001   PAD
    0x08005bf8   0x08005bf8   0x00000094   Data   RO          880    .constdata          c_w.l(bigflt0.o)
    0x08005c8c   0x08005c8c   0x00000004   Data   RO          228    .rodata.ADCPrescTable  stm32f10x_rcc.o
    0x08005c90   0x08005c90   0x00000010   Data   RO          227    .rodata.APBAHBPrescTable  stm32f10x_rcc.o
    0x08005ca0   0x08005ca0   0x0000004a   Data   RO           37    .rodata.str1.1      main.o
    0x08005cea   0x08005cea   0x00000005   Data   RO          638    .rodata.str1.1      tasks.o
    0x08005cef   0x08005cef   0x00000008   Data   RO          702    .rodata.str1.1      timers.o
    0x08005cf7   0x08005cf7   0x00000001   PAD
    0x08005cf8   0x08005cf8   0x00000020   Data   RO         1065    Region$$Table       anon$$obj.o
    0x08005d18   0x08005d18   0x0000001c   Data   RO          906    locale$$data        c_w.l(lc_numeric_c.o)
    0x08005d34   0x08005d34   0x00000110   Data   RO          929    locale$$data        c_w.l(lc_ctype_c.o)


    Execution Region RW_IRAM1 (Exec base: 0x20000000, Load base: 0x08005e48, Size: 0x00004ee8, Max: 0x00005000, ABSOLUTE)

    Exec Addr    Load Addr    Size         Type   Attr      Idx    E Section Name        Object

    0x20000000   0x08005e48   0x00000004   Data   RW          318    .data.SystemCoreClock  system_stm32f10x.o
    0x20000004   0x08005e4c   0x000000de   Data   RW           34    .data.menu          main.o
    0x200000e2   0x08005f2a   0x00000002   PAD
    0x200000e4   0x08005f2c   0x00000004   Data   RW          373    .data.uxCriticalNesting  port.o
    0x200000e8        -       0x00000060   Zero   RW          923    .bss                c_w.l(libspace.o)
    0x20000148        -       0x00000004   Zero   RW          706    .bss.prvSampleTimeNow.xLastTime  timers.o
    0x2000014c        -       0x00000004   Zero   RW          624    .bss.pxCurrentTCB   tasks.o
    0x20000150        -       0x00000004   Zero   RW          704    .bss.pxCurrentTimerList  timers.o
    0x20000154        -       0x00000004   Zero   RW          634    .bss.pxDelayedTaskList  tasks.o
    0x20000158        -       0x00000004   Zero   RW          400    .bss.pxEnd          heap_4.o
    0x2000015c        -       0x00000004   Zero   RW          635    .bss.pxOverflowDelayedTaskList  tasks.o
    0x20000160        -       0x00000004   Zero   RW          705    .bss.pxOverflowTimerList  timers.o
    0x20000164        -       0x00000064   Zero   RW          625    .bss.pxReadyTasksLists  tasks.o
    0x200001c8        -       0x00000014   Zero   RW           42    .bss.ucCommand_buffer  main.o
    0x200001dc        -       0x00000001   Zero   RW           43    .bss.ucCommand_len  main.o
    0x200001dd        -       0x00004400   Zero   RW          407    .bss.ucHeap         heap_4.o
    0x200045dd        -       0x00000001   Zero   RW          371    .bss.ucMaxSysCallPriority  port.o
    0x200045de   0x08005f30   0x00000002   PAD
    0x200045e0        -       0x00000004   Zero   RW          372    .bss.ulMaxPRIGROUPValue  port.o
    0x200045e4        -       0x00000004   Zero   RW          376    .bss.ulStoppedTimerCompensation  port.o
    0x200045e8        -       0x00000004   Zero   RW          375    .bss.ulTimerCountsForOneTick  port.o
    0x200045ec        -       0x00000004   Zero   RW          630    .bss.uxCurrentNumberOfTasks  tasks.o
    0x200045f0        -       0x00000004   Zero   RW          629    .bss.uxDeletedTasksWaitingCleanUp  tasks.o
    0x200045f4        -       0x00000004   Zero   RW          632    .bss.uxSchedulerSuspended  tasks.o
    0x200045f8        -       0x00000004   Zero   RW          627    .bss.uxTaskNumber   tasks.o
    0x200045fc        -       0x00000004   Zero   RW          626    .bss.uxTopReadyPriority  tasks.o
    0x20004600        -       0x00000014   Zero   RW          707    .bss.xActiveTimerList1  timers.o
    0x20004614        -       0x00000014   Zero   RW          708    .bss.xActiveTimerList2  timers.o
    0x20004628        -       0x00000004   Zero   RW          401    .bss.xBlockAllocatedBit  heap_4.o
    0x2000462c        -       0x00000004   Zero   RW           39    .bss.xCmdHandling_Handle  main.o
    0x20004630        -       0x00000004   Zero   RW           40    .bss.xCmdProcessing_Handle  main.o
    0x20004634        -       0x00000004   Zero   RW           35    .bss.xCommand_Queue  main.o
    0x20004638        -       0x00000014   Zero   RW          644    .bss.xDelayedTaskList1  tasks.o
    0x2000464c        -       0x00000014   Zero   RW          645    .bss.xDelayedTaskList2  tasks.o
    0x20004660        -       0x00000004   Zero   RW          402    .bss.xFreeBytesRemaining  heap_4.o
    0x20004664        -       0x00000004   Zero   RW          639    .bss.xIdleTaskHandle  tasks.o
    0x20004668        -       0x00000004   Zero   RW          374    .bss.xMaximumPossibleSuppressedTicks  port.o
    0x2000466c        -       0x00000004   Zero   RW           38    .bss.xMenuDisplay_Handle  main.o
    0x20004670        -       0x00000004   Zero   RW          404    .bss.xMinimumEverFreeBytesRemaining  heap_4.o
    0x20004674        -       0x00000004   Zero   RW          640    .bss.xNextTaskUnblockTime  tasks.o
    0x20004678        -       0x00000004   Zero   RW          643    .bss.xNumOfOverflows  tasks.o
    0x2000467c        -       0x00000004   Zero   RW          405    .bss.xNumberOfSuccessfulAllocations  heap_4.o
    0x20004680        -       0x00000004   Zero   RW          406    .bss.xNumberOfSuccessfulFrees  heap_4.o
    0x20004684        -       0x00000004   Zero   RW          642    .bss.xPendedTicks   tasks.o
    0x20004688        -       0x00000014   Zero   RW          637    .bss.xPendingReadyList  tasks.o
    0x2000469c        -       0x00000004   Zero   RW          631    .bss.xSchedulerRunning  tasks.o
    0x200046a0        -       0x00000008   Zero   RW          403    .bss.xStart         heap_4.o
    0x200046a8        -       0x00000014   Zero   RW          636    .bss.xSuspendedTaskList  tasks.o
    0x200046bc        -       0x00000014   Zero   RW          628    .bss.xTasksWaitingTermination  tasks.o
    0x200046d0        -       0x00000004   Zero   RW          633    .bss.xTickCount     tasks.o
    0x200046d4        -       0x00000004   Zero   RW          701    .bss.xTimerQueue    timers.o
    0x200046d8        -       0x00000004   Zero   RW          703    .bss.xTimerTaskHandle  timers.o
    0x200046dc        -       0x00000004   Zero   RW           41    .bss.xUartWrite_Handle  main.o
    0x200046e0        -       0x00000004   Zero   RW           36    .bss.xUartWrite_Queue  main.o
    0x200046e4        -       0x00000004   Zero   RW          641    .bss.xYieldPending  tasks.o
    0x200046e8        -       0x00000400   Zero   RW          301    HEAP                startup_stm32f10x_md.o
    0x20004ae8        -       0x00000400   Zero   RW          300    STACK               startup_stm32f10x_md.o


==============================================================================

Image component sizes


      Code (inc. data)   RO Data    RW Data    ZI Data      Debug   Object Name

      1106          0          0          0      17440       4592   heap_4.o
       298          0          0          0          0       2356   list.o
      1090          0         74        222         45       4918   main.o
      1552         12          0          4         17       4696   port.o
        88          0          0          0          0       1790   prvhardwareoperations.o
       380          0          0          0          0       4963   prvhardwaresetup.o
      2870          0          0          0          0      16223   queue.o
        64         26        236          0       2048        860   startup_stm32f10x_md.o
       504          0          0          0          0       5759   stm32f10x_gpio.o
       436          0         20          0          0       7098   stm32f10x_rcc.o
       668          0          0          0          0       7562   stm32f10x_usart.o
       400          0          0          4          0       2895   system_stm32f10x.o
      4794          6          5          0        260      23885   tasks.o
      1678         10          8          0         60       9443   timers.o

    ----------------------------------------------------------------------
     16042         54        376        232      19872      97040   Object Totals
         0          0         32          0          0          0   (incl. Generated)
       114          0          1          2          2          0   (incl. Padding)

    ----------------------------------------------------------------------

      Code (inc. data)   RO Data    RW Data    ZI Data      Debug   Library Member Name

         8          0          0          0          0         68   __main.o
       392          4         17          0          0         92   __printf_flags_ss_wp.o
        14          0          0          0          0         68   __printf_wp.o
         0          0          0          0          0          0   __rtentry.o
        12          0          0          0          0          0   __rtentry2.o
         6          0          0          0          0          0   __rtentry4.o
        52          8          0          0          0          0   __scatter.o
        26          0          0          0          0          0   __scatter_copy.o
        28          0          0          0          0          0   __scatter_zi.o
        72          0          0          0          0         96   _c16rtomb.o
         6          0          0          0          0          0   _printf_a.o
         6          0          0          0          0          0   _printf_c.o
        44          0          0          0          0        108   _printf_char.o
        48          6          0          0          0         96   _printf_char_common.o
        40          0          0          0          0         68   _printf_charcount.o
         6          0          0          0          0          0   _printf_d.o
       120         16          0          0          0         92   _printf_dec.o
         6          0          0          0          0          0   _printf_e.o
         6          0          0          0          0          0   _printf_f.o
      1052          0          0          0          0        148   _printf_fp_dec.o
       764          8         38          0          0        100   _printf_fp_hex.o
       128         16          0          0          0         84   _printf_fp_infnan.o
         6          0          0          0          0          0   _printf_g.o
       148          4         40          0          0        160   _printf_hex_int_ll_ptr.o
         6          0          0          0          0          0   _printf_i.o
       178          0          0          0          0         88   _printf_intcommon.o
        10          0          0          0          0          0   _printf_l.o
         6          0          0          0          0          0   _printf_lc.o
        10          0          0          0          0          0   _printf_ll.o
         6          0          0          0          0          0   _printf_lld.o
         6          0          0          0          0          0   _printf_lli.o
         6          0          0          0          0          0   _printf_llo.o
         6          0          0          0          0          0   _printf_llu.o
         6          0          0          0          0          0   _printf_llx.o
       124         16          0          0          0         92   _printf_longlong_dec.o
         6          0          0          0          0          0   _printf_ls.o
         6          0          0          0          0          0   _printf_n.o
         6          0          0          0          0          0   _printf_o.o
       112          8          0          0          0        124   _printf_oct_int_ll.o
         6          0          0          0          0          0   _printf_p.o
        78          0          0          0          0        108   _printf_pad.o
         0          0          0          0          0          0   _printf_percent.o
         4          0          0          0          0          0   _printf_percent_end.o
         6          0          0          0          0          0   _printf_s.o
        82          0          0          0          0         80   _printf_str.o
        36          0          0          0          0         84   _printf_truncate.o
         6          0          0          0          0          0   _printf_u.o
        44          0          0          0          0        108   _printf_wchar.o
       188          6          8          0          0         92   _printf_wctomb.o
         6          0          0          0          0          0   _printf_x.o
        10          0          0          0          0         68   _sputc.o
        16          0          0          0          0         68   aeabi_memset4.o
       228          4        148          0          0         96   bigflt0.o
      1936        128          0          0          0        672   btod.o
        18          0          0          0          0         80   exit.o
         6          0          0          0          0        152   heapauxi.o
         0          0          0          0          0          0   indicate_semi.o
        44         10        272          0          0         76   lc_ctype_c.o
        44         10         28          0          0         76   lc_numeric_c.o
         2          0          0          0          0          0   libinit.o
        30          0          0          0          0          0   libinit2.o
         2          0          0          0          0          0   libshutdown.o
         2          0          0          0          0          0   libshutdown2.o
         8          4          0          0         96         68   libspace.o
       138          0          0          0          0         80   lludiv10.o
        16          4          0          0          0         76   rt_ctype_table.o
         8          4          0          0          0         68   rt_locale_intlibspace.o
        78          0          0          0          0         80   rt_memclr_w.o
       138          0          0          0          0         68   rt_memcpy_v6.o
       100          0          0          0          0         80   rt_memcpy_w.o
         2          0          0          0          0          0   rtexit.o
        10          0          0          0          0          0   rtexit2.o
        44          6          0          0          0         84   sprintf.o
       128          0          0          0          0         68   strcmpv7m.o
        62          0          0          0          0         76   strlen.o
        12          4          0          0          0         68   sys_exit.o
        74          0          0          0          0         80   sys_stackheap_outer.o
         2          0          0          0          0         68   use_no_semi.o
         4          0          0          0          0         68   printf1.o
         4          0          0          0          0         68   printf2.o
         0          0          0          0          0          0   usenofp.o
        40          0          0          0          0         68   fpclassify.o

    ----------------------------------------------------------------------
      7162        266        552          0         96       4412   Library Totals
        16          0          1          0          0          0   (incl. Padding)

    ----------------------------------------------------------------------

      Code (inc. data)   RO Data    RW Data    ZI Data      Debug   Library Name

      7098        266        551          0         96       4208   c_w.l
         8          0          0          0          0        136   fz_ws.l
        40          0          0          0          0         68   m_ws.l

    ----------------------------------------------------------------------
      7162        266        552          0         96       4412   Library Totals

    ----------------------------------------------------------------------

==============================================================================


      Code (inc. data)   RO Data    RW Data    ZI Data      Debug   

     23204        320        928        232      19968      98864   Grand Totals
     23204        320        928        232      19968      98864   ELF Image Totals
     23204        320        928        232          0          0   ROM Totals

==============================================================================

    Total RO  Size (Code + RO Data)                24132 (  23.57kB)
    Total RW  Size (RW Data + ZI Data)             20200 (  19.73kB)
    Total ROM Size (Code + RO Data + RW Data)      24364 (  23.79kB)

==============================================================================

