Component: ARM Compiler 6.15 Tool: armlink [5dd79300]

==============================================================================

Section Cross References

    main.o(.text.main) refers to prv_periph.o(.text.prvPeriph_Init) for prvPeriph_Init
    main.o(.text.main) refers to main.o(.bss.xLed_TaskHandle) for xLed_TaskHandle
    main.o(.text.main) refers to main.o(.text.vLed_TaskHandler) for vLed_TaskHandler
    main.o(.text.main) refers to main.o(.rodata.str1.1) for .L.str
    main.o(.text.main) refers to tasks.o(.text.xTaskCreate) for xTaskCreate
    main.o(.text.main) refers to main.o(.bss.xButton_TaskHandle) for xButton_TaskHandle
    main.o(.text.main) refers to main.o(.text.vButton_TaskHandler) for vButton_TaskHandler
    main.o(.text.main) refers to tasks.o(.text.vTaskStartScheduler) for vTaskStartScheduler
    main.o(.ARM.exidx.text.main) refers to main.o(.text.main) for [Anonymous Symbol]
    main.o(.text.vLed_TaskHandler) refers to tasks.o(.text.xTaskNotifyWait) for xTaskNotifyWait
    main.o(.text.vLed_TaskHandler) refers to main.o(.bss.ucLed_status_flag) for ucLed_status_flag
    main.o(.text.vLed_TaskHandler) refers to main.o(.rodata.str1.1) for .L.str.2
    main.o(.text.vLed_TaskHandler) refers to sprintf.o(.text) for sprintf
    main.o(.text.vLed_TaskHandler) refers to prv_periph.o(.text.prvUART1_Write) for prvUART1_Write
    main.o(.text.vLed_TaskHandler) refers to stm32f10x_gpio.o(.text.GPIO_WriteBit) for GPIO_WriteBit
    main.o(.ARM.exidx.text.vLed_TaskHandler) refers to main.o(.text.vLed_TaskHandler) for [Anonymous Symbol]
    main.o(.text.vButton_TaskHandler) refers to stm32f10x_gpio.o(.text.GPIO_ReadInputDataBit) for GPIO_ReadInputDataBit
    main.o(.text.vButton_TaskHandler) refers to main.o(.text.vRTOS_delay) for vRTOS_delay
    main.o(.text.vButton_TaskHandler) refers to main.o(.bss.xLed_TaskHandle) for xLed_TaskHandle
    main.o(.text.vButton_TaskHandler) refers to tasks.o(.text.xTaskGenericNotify) for xTaskGenericNotify
    main.o(.ARM.exidx.text.vButton_TaskHandler) refers to main.o(.text.vButton_TaskHandler) for [Anonymous Symbol]
    main.o(.text.vRTOS_delay) refers to tasks.o(.text.xTaskGetTickCount) for xTaskGetTickCount
    main.o(.ARM.exidx.text.vRTOS_delay) refers to main.o(.text.vRTOS_delay) for [Anonymous Symbol]
    prv_periph.o(.text.prvPeriph_Init) refers to prv_periph.o(.text.prvUART1_Init) for prvUART1_Init
    prv_periph.o(.text.prvPeriph_Init) refers to prv_periph.o(.text.prvGPIO_Init) for prvGPIO_Init
    prv_periph.o(.ARM.exidx.text.prvPeriph_Init) refers to prv_periph.o(.text.prvPeriph_Init) for [Anonymous Symbol]
    prv_periph.o(.text.prvUART1_Init) refers to stm32f10x_rcc.o(.text.RCC_APB2PeriphClockCmd) for RCC_APB2PeriphClockCmd
    prv_periph.o(.text.prvUART1_Init) refers to stm32f10x_gpio.o(.text.GPIO_Init) for GPIO_Init
    prv_periph.o(.text.prvUART1_Init) refers to stm32f10x_usart.o(.text.USART_Init) for USART_Init
    prv_periph.o(.text.prvUART1_Init) refers to stm32f10x_usart.o(.text.USART_Cmd) for USART_Cmd
    prv_periph.o(.ARM.exidx.text.prvUART1_Init) refers to prv_periph.o(.text.prvUART1_Init) for [Anonymous Symbol]
    prv_periph.o(.text.prvGPIO_Init) refers to stm32f10x_rcc.o(.text.RCC_APB2PeriphClockCmd) for RCC_APB2PeriphClockCmd
    prv_periph.o(.text.prvGPIO_Init) refers to stm32f10x_gpio.o(.text.GPIO_Init) for GPIO_Init
    prv_periph.o(.ARM.exidx.text.prvGPIO_Init) refers to prv_periph.o(.text.prvGPIO_Init) for [Anonymous Symbol]
    prv_periph.o(.text.prvUART1_Write) refers to strlen.o(.text) for strlen
    prv_periph.o(.text.prvUART1_Write) refers to stm32f10x_usart.o(.text.USART_GetFlagStatus) for USART_GetFlagStatus
    prv_periph.o(.text.prvUART1_Write) refers to stm32f10x_usart.o(.text.USART_SendData) for USART_SendData
    prv_periph.o(.ARM.exidx.text.prvUART1_Write) refers to prv_periph.o(.text.prvUART1_Write) for [Anonymous Symbol]
    misc.o(.ARM.exidx.text.NVIC_PriorityGroupConfig) refers to misc.o(.text.NVIC_PriorityGroupConfig) for [Anonymous Symbol]
    misc.o(.ARM.exidx.text.NVIC_Init) refers to misc.o(.text.NVIC_Init) for [Anonymous Symbol]
    misc.o(.ARM.exidx.text.NVIC_SetVectorTable) refers to misc.o(.text.NVIC_SetVectorTable) for [Anonymous Symbol]
    misc.o(.ARM.exidx.text.NVIC_SystemLPConfig) refers to misc.o(.text.NVIC_SystemLPConfig) for [Anonymous Symbol]
    misc.o(.ARM.exidx.text.SysTick_CLKSourceConfig) refers to misc.o(.text.SysTick_CLKSourceConfig) for [Anonymous Symbol]
    stm32f10x_exti.o(.ARM.exidx.text.EXTI_DeInit) refers to stm32f10x_exti.o(.text.EXTI_DeInit) for [Anonymous Symbol]
    stm32f10x_exti.o(.ARM.exidx.text.EXTI_Init) refers to stm32f10x_exti.o(.text.EXTI_Init) for [Anonymous Symbol]
    stm32f10x_exti.o(.ARM.exidx.text.EXTI_StructInit) refers to stm32f10x_exti.o(.text.EXTI_StructInit) for [Anonymous Symbol]
    stm32f10x_exti.o(.ARM.exidx.text.EXTI_GenerateSWInterrupt) refers to stm32f10x_exti.o(.text.EXTI_GenerateSWInterrupt) for [Anonymous Symbol]
[...]
    [Anonymous Symbol]                       0x080039f4   Section        0  tasks.o(.text.vTaskStartScheduler)
    [Anonymous Symbol]                       0x08003ab4   Section        0  tasks.o(.text.vTaskStepTick)
    [Anonymous Symbol]                       0x08003b00   Section        0  tasks.o(.text.vTaskSuspendAll)
    [Anonymous Symbol]                       0x08003b10   Section        0  tasks.o(.text.vTaskSwitchContext)
    [Anonymous Symbol]                       0x08003bd4   Section        0  port.o(.text.xPortStartScheduler)
    [Anonymous Symbol]                       0x08003cbc   Section        0  queue.o(.text.xQueueGenericCreate)
    [Anonymous Symbol]                       0x08003d30   Section        0  queue.o(.text.xQueueGenericReset)
    [Anonymous Symbol]                       0x08003df4   Section        0  queue.o(.text.xQueueGenericSend)
    [Anonymous Symbol]                       0x0800408c   Section        0  queue.o(.text.xQueueGenericSendFromISR)
    [Anonymous Symbol]                       0x0800422c   Section        0  queue.o(.text.xQueueReceive)
    [Anonymous Symbol]                       0x0800442c   Section        0  tasks.o(.text.xTaskCheckForTimeOut)
    [Anonymous Symbol]                       0x0800452c   Section        0  tasks.o(.text.xTaskCreate)
    [Anonymous Symbol]                       0x080045d4   Section        0  tasks.o(.text.xTaskGenericNotify)
    [Anonymous Symbol]                       0x08004754   Section        0  tasks.o(.text.xTaskGetSchedulerState)
    [Anonymous Symbol]                       0x08004790   Section        0  tasks.o(.text.xTaskGetTickCount)
    [Anonymous Symbol]                       0x080047a4   Section        0  tasks.o(.text.xTaskIncrementTick)
    [Anonymous Symbol]                       0x0800496c   Section        0  tasks.o(.text.xTaskNotifyWait)
    [Anonymous Symbol]                       0x08004a4c   Section        0  tasks.o(.text.xTaskPriorityDisinherit)
    [Anonymous Symbol]                       0x08004b74   Section        0  tasks.o(.text.xTaskRemoveFromEventList)
    [Anonymous Symbol]                       0x08004c44   Section        0  tasks.o(.text.xTaskResumeAll)
    [Anonymous Symbol]                       0x08004dd0   Section        0  timers.o(.text.xTimerCreateTimerTask)
    [Anonymous Symbol]                       0x08004e40   Section        0  timers.o(.text.xTimerGenericCommand)
    CL$$btod_d2e                             0x08004ef6   Section       62  btod.o(CL$$btod_d2e)
    CL$$btod_d2e_denorm_low                  0x08004f34   Section       70  btod.o(CL$$btod_d2e_denorm_low)
    CL$$btod_d2e_norm_op1                    0x08004f7a   Section       96  btod.o(CL$$btod_d2e_norm_op1)
    CL$$btod_div_common                      0x08004fda   Section      824  btod.o(CL$$btod_div_common)
    CL$$btod_e2e                             0x08005312   Section      220  btod.o(CL$$btod_e2e)
    CL$$btod_ediv                            0x080053ee   Section       42  btod.o(CL$$btod_ediv)
    CL$$btod_emul                            0x08005418   Section       42  btod.o(CL$$btod_emul)
    CL$$btod_mult_common                     0x08005442   Section      580  btod.o(CL$$btod_mult_common)
    i.__ARM_fpclassify                       0x08005686   Section        0  fpclassify.o(i.__ARM_fpclassify)
    i._is_digit                              0x080056ae   Section        0  __printf_wp.o(i._is_digit)
    locale$$code                             0x080056bc   Section       44  lc_numeric_c.o(locale$$code)
    locale$$code                             0x080056e8   Section       44  lc_ctype_c.o(locale$$code)
    x$fpl$printf1                            0x08005714   Section        4  printf1.o(x$fpl$printf1)
    x$fpl$printf2                            0x08005718   Section        4  printf2.o(x$fpl$printf2)
    initial_mbstate                          0x0800571c   Data           8  _printf_wctomb.o(.constdata)
    .constdata                               0x0800571c   Section        8  _printf_wctomb.o(.constdata)
    x$fpl$usenofp                            0x0800571c   Section        0  usenofp.o(x$fpl$usenofp)
    uc_hextab                                0x08005724   Data          20  _printf_hex_int_ll_ptr.o(.constdata)
    .constdata                               0x08005724   Section       40  _printf_hex_int_ll_ptr.o(.constdata)
    lc_hextab                                0x08005738   Data          20  _printf_hex_int_ll_ptr.o(.constdata)
    maptable                                 0x0800574c   Data          17  __printf_flags_ss_wp.o(.constdata)
    .constdata                               0x0800574c   Section       17  __printf_flags_ss_wp.o(.constdata)
    lc_hextab                                0x0800575d   Data          19  _printf_fp_hex.o(.constdata)
    .constdata                               0x0800575d   Section       38  _printf_fp_hex.o(.constdata)
    uc_hextab                                0x08005770   Data          19  _printf_fp_hex.o(.constdata)
    tenpwrs_x                                0x08005784   Data          60  bigflt0.o(.constdata)
    .constdata                               0x08005784   Section      148  bigflt0.o(.constdata)
    tenpwrs_i                                0x080057c0   Data          64  bigflt0.o(.constdata)
    ADCPrescTable                            0x08005818   Data           4  stm32f10x_rcc.o(.rodata.ADCPrescTable)
    [Anonymous Symbol]                       0x08005818   Section        0  stm32f10x_rcc.o(.rodata.ADCPrescTable)
    APBAHBPrescTable                         0x0800581c   Data          16  stm32f10x_rcc.o(.rodata.APBAHBPrescTable)
    [Anonymous Symbol]                       0x0800581c   Section        0  stm32f10x_rcc.o(.rodata.APBAHBPrescTable)
    .L.str.2                                 0x0800582c   Data          20  main.o(.rodata.str1.1)
    [Anonymous Symbol]                       0x0800582c   Section        0  main.o(.rodata.str1.1)
    .L.str                                   0x08005840   Data           9  main.o(.rodata.str1.1)
    .L.str.1                                 0x08005849   Data          12  main.o(.rodata.str1.1)
    .L.str                                   0x08005855   Data           5  tasks.o(.rodata.str1.1)
    [Anonymous Symbol]                       0x08005855   Section        0  tasks.o(.rodata.str1.1)
    .L.str                                   0x0800585a   Data           8  timers.o(.rodata.str1.1)
    [Anonymous Symbol]                       0x0800585a   Section        0  timers.o(.rodata.str1.1)
    locale$$data                             0x08005884   Section       28  lc_numeric_c.o(locale$$data)
    __lcnum_c_name                           0x08005888   Data           2  lc_numeric_c.o(locale$$data)
    __lcnum_c_start                          0x08005890   Data           0  lc_numeric_c.o(locale$$data)
    __lcnum_c_point                          0x0800589c   Data           0  lc_numeric_c.o(locale$$data)
    __lcnum_c_thousands                      0x0800589e   Data           0  lc_numeric_c.o(locale$$data)
    __lcnum_c_grouping                       0x0800589f   Data           0  lc_numeric_c.o(locale$$data)
    __lcnum_c_end                            0x080058a0   Data           0  lc_numeric_c.o(locale$$data)
    locale$$data                             0x080058a0   Section      272  lc_ctype_c.o(locale$$data)
    __lcctype_c_name                         0x080058a4   Data           2  lc_ctype_c.o(locale$$data)
    __lcctype_c_start                        0x080058ac   Data           0  lc_ctype_c.o(locale$$data)
    __lcctype_c_end                          0x080059b0   Data           0  lc_ctype_c.o(locale$$data)
    uxCriticalNesting                        0x20000004   Data           4  port.o(.data.uxCriticalNesting)
    [Anonymous Symbol]                       0x20000004   Section        0  port.o(.data.uxCriticalNesting)
    .bss                                     0x20000008   Section       96  libspace.o(.bss)
    prvSampleTimeNow.xLastTime               0x20000068   Data           4  timers.o(.bss.prvSampleTimeNow.xLastTime)
    [Anonymous Symbol]                       0x20000068   Section        0  timers.o(.bss.prvSampleTimeNow.xLastTime)
    pxCurrentTimerList                       0x20000070   Data           4  timers.o(.bss.pxCurrentTimerList)
    [Anonymous Symbol]                       0x20000070   Section        0  timers.o(.bss.pxCurrentTimerList)
    pxDelayedTaskList                        0x20000074   Data           4  tasks.o(.bss.pxDelayedTaskList)
    [Anonymous Symbol]                       0x20000074   Section        0  tasks.o(.bss.pxDelayedTaskList)
    pxEnd                                    0x20000078   Data           4  heap_4.o(.bss.pxEnd)
    [Anonymous Symbol]                       0x20000078   Section        0  heap_4.o(.bss.pxEnd)
    pxOverflowDelayedTaskList                0x2000007c   Data           4  tasks.o(.bss.pxOverflowDelayedTaskList)
    [Anonymous Symbol]                       0x2000007c   Section        0  tasks.o(.bss.pxOverflowDelayedTaskList)
    pxOverflowTimerList                      0x20000080   Data           4  timers.o(.bss.pxOverflowTimerList)
    [Anonymous Symbol]                       0x20000080   Section        0  timers.o(.bss.pxOverflowTimerList)
    pxReadyTasksLists                        0x20000084   Data         100  tasks.o(.bss.pxReadyTasksLists)
    [Anonymous Symbol]                       0x20000084   Section        0  tasks.o(.bss.pxReadyTasksLists)
    ucHeap                                   0x200000e8   Data       17408  heap_4.o(.bss.ucHeap)
    [Anonymous Symbol]                       0x200000e8   Section        0  heap_4.o(.bss.ucHeap)
    ucMaxSysCallPriority                     0x200044e9   Data           1  port.o(.bss.ucMaxSysCallPriority)
    [Anonymous Symbol]                       0x200044e9   Section        0  port.o(.bss.ucMaxSysCallPriority)
    ulMaxPRIGROUPValue                       0x200044ec   Data           4  port.o(.bss.ulMaxPRIGROUPValue)
    [Anonymous Symbol]                       0x200044ec   Section        0  port.o(.bss.ulMaxPRIGROUPValue)
    ulStoppedTimerCompensation               0x200044f0   Data           4  port.o(.bss.ulStoppedTimerCompensation)
    [Anonymous Symbol]                       0x200044f0   Section        0  port.o(.bss.ulStoppedTimerCompensation)
    ulTimerCountsForOneTick                  0x200044f4   Data           4  port.o(.bss.ulTimerCountsForOneTick)
    [Anonymous Symbol]                       0x200044f4   Section        0  port.o(.bss.ulTimerCountsForOneTick)
    uxCurrentNumberOfTasks                   0x200044f8   Data           4  tasks.o(.bss.uxCurrentNumberOfTasks)
    [Anonymous Symbol]                       0x200044f8   Section        0  tasks.o(.bss.uxCurrentNumberOfTasks)
    uxDeletedTasksWaitingCleanUp             0x200044fc   Data           4  tasks.o(.bss.uxDeletedTasksWaitingCleanUp)
    [Anonymous Symbol]                       0x200044fc   Section        0  tasks.o(.bss.uxDeletedTasksWaitingCleanUp)
    uxSchedulerSuspended                     0x20004500   Data           4  tasks.o(.bss.uxSchedulerSuspended)
    [Anonymous Symbol]                       0x20004500   Section        0  tasks.o(.bss.uxSchedulerSuspended)
    uxTaskNumber                             0x20004504   Data           4  tasks.o(.bss.uxTaskNumber)
    [Anonymous Symbol]                       0x20004504   Section        0  tasks.o(.bss.uxTaskNumber)
    uxTopReadyPriority                       0x20004508   Data           4  tasks.o(.bss.uxTopReadyPriority)
    [Anonymous Symbol]                       0x20004508   Section        0  tasks.o(.bss.uxTopReadyPriority)
    xActiveTimerList1                        0x2000450c   Data          20  timers.o(.bss.xActiveTimerList1)
    [Anonymous Symbol]                       0x2000450c   Section        0  timers.o(.bss.xActiveTimerList1)
    xActiveTimerList2                        0x20004520   Data          20  timers.o(.bss.xActiveTimerList2)
    [Anonymous Symbol]                       0x20004520   Section        0  timers.o(.bss.xActiveTimerList2)
    xBlockAllocatedBit                       0x20004534   Data           4  heap_4.o(.bss.xBlockAllocatedBit)
    [Anonymous Symbol]                       0x20004534   Section        0  heap_4.o(.bss.xBlockAllocatedBit)
    xDelayedTaskList1                        0x2000453c   Data          20  tasks.o(.bss.xDelayedTaskList1)
    [Anonymous Symbol]                       0x2000453c   Section        0  tasks.o(.bss.xDelayedTaskList1)
    xDelayedTaskList2                        0x20004550   Data          20  tasks.o(.bss.xDelayedTaskList2)
    [Anonymous Symbol]                       0x20004550   Section        0  tasks.o(.bss.xDelayedTaskList2)
    xFreeBytesRemaining                      0x20004564   Data           4  heap_4.o(.bss.xFreeBytesRemaining)
    [Anonymous Symbol]                       0x20004564   Section        0  heap_4.o(.bss.xFreeBytesRemaining)
    xIdleTaskHandle                          0x20004568   Data           4  tasks.o(.bss.xIdleTaskHandle)
    [Anonymous Symbol]                       0x20004568   Section        0  tasks.o(.bss.xIdleTaskHandle)
    xMaximumPossibleSuppressedTicks          0x20004570   Data           4  port.o(.bss.xMaximumPossibleSuppressedTicks)
    [Anonymous Symbol]                       0x20004570   Section        0  port.o(.bss.xMaximumPossibleSuppressedTicks)
    xMinimumEverFreeBytesRemaining           0x20004574   Data           4  heap_4.o(.bss.xMinimumEverFreeBytesRemaining)
    [Anonymous Symbol]                       0x20004574   Section        0  heap_4.o(.bss.xMinimumEverFreeBytesRemaining)
    xNextTaskUnblockTime                     0x20004578   Data           4  tasks.o(.bss.xNextTaskUnblockTime)
    [Anonymous Symbol]                       0x20004578   Section        0  tasks.o(.bss.xNextTaskUnblockTime)
    xNumOfOverflows                          0x2000457c   Data           4  tasks.o(.bss.xNumOfOverflows)
    [Anonymous Symbol]                       0x2000457c   Section        0  tasks.o(.bss.xNumOfOverflows)
    xNumberOfSuccessfulAllocations           0x20004580   Data           4  heap_4.o(.bss.xNumberOfSuccessfulAllocations)
    [Anonymous Symbol]                       0x20004580   Section        0  heap_4.o(.bss.xNumberOfSuccessfulAllocations)
    xNumberOfSuccessfulFrees                 0x20004584   Data           4  heap_4.o(.bss.xNumberOfSuccessfulFrees)
    [Anonymous Symbol]                       0x20004584   Section        0  heap_4.o(.bss.xNumberOfSuccessfulFrees)
    xPendedTicks                             0x20004588   Data           4  tasks.o(.bss.xPendedTicks)
    [Anonymous Symbol]                       0x20004588   Section        0  tasks.o(.bss.xPendedTicks)
    xPendingReadyList                        0x2000458c   Data          20  tasks.o(.bss.xPendingReadyList)
    [Anonymous Symbol]                       0x2000458c   Section        0  tasks.o(.bss.xPendingReadyList)
    xSchedulerRunning                        0x200045a0   Data           4  tasks.o(.bss.xSchedulerRunning)
    [Anonymous Symbol]                       0x200045a0   Section        0  tasks.o(.bss.xSchedulerRunning)
    xStart                                   0x200045a4   Data           8  heap_4.o(.bss.xStart)
    [Anonymous Symbol]                       0x200045a4   Section        0  heap_4.o(.bss.xStart)
    xSuspendedTaskList                       0x200045ac   Data          20  tasks.o(.bss.xSuspendedTaskList)
    [Anonymous Symbol]                       0x200045ac   Section        0  tasks.o(.bss.xSuspendedTaskList)
    xTasksWaitingTermination                 0x200045c0   Data          20  tasks.o(.bss.xTasksWaitingTermination)
    [Anonymous Symbol]                       0x200045c0   Section        0  tasks.o(.bss.xTasksWaitingTermination)
    xTickCount                               0x200045d4   Data           4  tasks.o(.bss.xTickCount)
    [Anonymous Symbol]                       0x200045d4   Section        0  tasks.o(.bss.xTickCount)
    xTimerQueue                              0x200045d8   Data           4  timers.o(.bss.xTimerQueue)
    [Anonymous Symbol]                       0x200045d8   Section        0  timers.o(.bss.xTimerQueue)
    xTimerTaskHandle                         0x200045dc   Data           4  timers.o(.bss.xTimerTaskHandle)
    [Anonymous Symbol]                       0x200045dc   Section        0  timers.o(.bss.xTimerTaskHandle)
    xYieldPending                            0x200045e0   Data           4  tasks.o(.bss.xYieldPending)
    [Anonymous Symbol]                       0x200045e0   Section        0  tasks.o(.bss.xYieldPending)
    Heap_Mem                                 0x200045e8   Data        1024  startup_stm32f10x_md.o(HEAP)
    HEAP                                     0x200045e8   Section     1024  startup_stm32f10x_md.o(HEAP)
    Stack_Mem                                0x200049e8   Data        1024  startup_stm32f10x_md.o(STACK)
    STACK                                    0x200049e8   Section     1024  startup_stm32f10x_md.o(STACK)
    __initial_sp                             0x20004de8   Data           0  startup_stm32f10x_md.o(STACK)

    Global Symbols

    Symbol Name                              Value     Ov Type        Size  Object(Section)

    BuildAttributes$$THM_ISAv4$P$D$K$B$S$PE$A:L22UL41UL21$X:L11$S22US41US21$IEEE1$IW$~IW$USESV6$~STKCKD$USESV7$~SHL$OTIME$ROPI$IEEEJ$EBA8$UX$STANDARDLIB$REQ8$PRES8$EABIv2 0x00000000   Number         0  anon$$obj.o ABSOLUTE
    __fp_init_empty                          0x00000000   Number         0  fpinit_empty.o ABSOLUTE
    _printf_flags                            0x00000000   Number         0  printf_stubs.o ABSOLUTE
    _printf_return_value                     0x00000000   Number         0  printf_stubs.o ABSOLUTE
    _printf_sizespec                         0x00000000   Number         0  printf_stubs.o ABSOLUTE
    _printf_widthprec                        0x00000000   Number         0  printf_stubs.o ABSOLUTE
    __ARM_exceptions_init                     - Undefined Weak Reference
    __alloca_initialize                       - Undefined Weak Reference
    __arm_preinit_                            - Undefined Weak Reference
    __cpp_initialize__aeabi_                  - Undefined Weak Reference
    __cxa_finalize                            - Undefined Weak Reference
    __sigvec_lookup                           - Undefined Weak Reference
    _atexit_init                              - Undefined Weak Reference
    _call_atexit_fns                          - Undefined Weak Reference
    _clock_init                               - Undefined Weak Reference
    _fp_trap_init                             - Undefined Weak Reference
    _fp_trap_shutdown                         - Undefined Weak Reference
    _get_lc_collate                           - Undefined Weak Reference
    _get_lc_monetary                          - Undefined Weak Reference
    _get_lc_time                              - Undefined Weak Reference
    _getenv_init                              - Undefined Weak Reference
    _handle_redirection                       - Undefined Weak Reference
    _init_alloc                               - Undefined Weak Reference
    _init_user_alloc                          - Undefined Weak Reference
    _initio                                   - Undefined Weak Reference
    _printf_mbtowc                            - Undefined Weak Reference
    _printf_wc                                - Undefined Weak Reference
    _rand_init                                - Undefined Weak Reference
    _signal_finish                            - Undefined Weak Reference
    _signal_init                              - Undefined Weak Reference
    _terminate_alloc                          - Undefined Weak Reference
    _terminate_user_alloc                     - Undefined Weak Reference
    _terminateio                              - Undefined Weak Reference
    __Vectors_Size                           0x000000ec   Number         0  startup_stm32f10x_md.o ABSOLUTE
    __Vectors                                0x08000000   Data           4  startup_stm32f10x_md.o(RESET)
    __Vectors_End                            0x080000ec   Data           0  startup_stm32f10x_md.o(RESET)
    __main                                   0x080000ed   Thumb Code     8  __main.o(!!!main)
    __scatterload                            0x080000f5   Thumb Code     0  __scatter.o(!!!scatter)
    __scatterload_rt2                        0x080000f5   Thumb Code    44  __scatter.o(!!!scatter)
    __scatterload_rt2_thumb_only             0x080000f5   Thumb Code     0  __scatter.o(!!!scatter)
    __scatterload_null                       0x08000103   Thumb Code     0  __scatter.o(!!!scatter)
    __scatterload_copy                       0x08000129   Thumb Code    26  __scatter_copy.o(!!handler_copy)
    __scatterload_zeroinit                   0x08000145   Thumb Code    28  __scatter_zi.o(!!handler_zi)
    _printf_n                                0x08000161   Thumb Code     0  _printf_n.o(.ARM.Collect$$_printf_percent$$00000001)
    _printf_percent                          0x08000161   Thumb Code     0  _printf_percent.o(.ARM.Collect$$_printf_percent$$00000000)
    _printf_p                                0x08000167   Thumb Code     0  _printf_p.o(.ARM.Collect$$_printf_percent$$00000002)
    _printf_f                                0x0800016d   Thumb Code     0  _printf_f.o(.ARM.Collect$$_printf_percent$$00000003)
    _printf_e                                0x08000173   Thumb Code     0  _printf_e.o(.ARM.Collect$$_printf_percent$$00000004)
    _printf_g                                0x08000179   Thumb Code     0  _printf_g.o(.ARM.Collect$$_printf_percent$$00000005)
    _printf_a                                0x0800017f   Thumb Code     0  _printf_a.o(.ARM.Collect$$_printf_percent$$00000006)
    _printf_ll                               0x08000185   Thumb Code     0  _printf_ll.o(.ARM.Collect$$_printf_percent$$00000007)
    _printf_i                                0x0800018f   Thumb Code     0  _printf_i.o(.ARM.Collect$$_printf_percent$$00000008)
    _printf_d                                0x08000195   Thumb Code     0  _printf_d.o(.ARM.Collect$$_printf_percent$$00000009)
    _printf_u                                0x0800019b   Thumb Code     0  _printf_u.o(.ARM.Collect$$_printf_percent$$0000000A)
    _printf_o                                0x080001a1   Thumb Code     0  _printf_o.o(.ARM.Collect$$_printf_percent$$0000000B)
    _printf_x                                0x080001a7   Thumb Code     0  _printf_x.o(.ARM.Collect$$_printf_percent$$0000000C)
    _printf_lli                              0x080001ad   Thumb Code     0  _printf_lli.o(.ARM.Collect$$_printf_percent$$0000000D)
    _printf_lld                              0x080001b3   Thumb Code     0  _printf_lld.o(.ARM.Collect$$_printf_percent$$0000000E)
    _printf_llu                              0x080001b9   Thumb Code     0  _printf_llu.o(.ARM.Collect$$_printf_percent$$0000000F)
    _printf_llo                              0x080001bf   Thumb Code     0  _printf_llo.o(.ARM.Collect$$_printf_percent$$00000010)
    _printf_llx                              0x080001c5   Thumb Code     0  _printf_llx.o(.ARM.Collect$$_printf_percent$$00000011)
    _printf_l                                0x080001cb   Thumb Code     0  _printf_l.o(.ARM.Collect$$_printf_percent$$00000012)
    _printf_c                                0x080001d5   Thumb Code     0  _printf_c.o(.ARM.Collect$$_printf_percent$$00000013)
    _printf_s                                0x080001db   Thumb Code     0  _printf_s.o(.ARM.Collect$$_printf_percent$$00000014)
    _printf_lc                               0x080001e1   Thumb Code     0  _printf_lc.o(.ARM.Collect$$_printf_percent$$00000015)
    _printf_ls                               0x080001e7   Thumb Code     0  _printf_ls.o(.ARM.Collect$$_printf_percent$$00000016)
    _printf_percent_end                      0x080001ed   Thumb Code     0  _printf_percent_end.o(.ARM.Collect$$_printf_percent$$00000017)
    __rt_lib_init                            0x080001f1   Thumb Code     0  libinit.o(.ARM.Collect$$libinit$$00000000)
    __rt_lib_init_fp_1                       0x080001f3   Thumb Code     0  libinit2.o(.ARM.Collect$$libinit$$00000002)
    __rt_lib_init_heap_1                     0x080001f3   Thumb Code     0  libinit2.o(.ARM.Collect$$libinit$$0000000A)
    __rt_lib_init_lc_common                  0x080001f3   Thumb Code     0  libinit2.o(.ARM.Collect$$libinit$$0000000F)
    __rt_lib_init_preinit_1                  0x080001f3   Thumb Code     0  libinit2.o(.ARM.Collect$$libinit$$00000004)
    __rt_lib_init_rand_1                     0x080001f3   Thumb Code     0  libinit2.o(.ARM.Collect$$libinit$$0000000E)
    __rt_lib_init_user_alloc_1               0x080001f3   Thumb Code     0  libinit2.o(.ARM.Collect$$libinit$$0000000C)
    __rt_lib_init_lc_collate_1               0x080001f9   Thumb Code     0  libinit2.o(.ARM.Collect$$libinit$$00000011)
    __rt_lib_init_lc_ctype_2                 0x080001f9   Thumb Code     0  libinit2.o(.ARM.Collect$$libinit$$00000012)
    __rt_lib_init_lc_ctype_1                 0x08000205   Thumb Code     0  libinit2.o(.ARM.Collect$$libinit$$00000013)
    __rt_lib_init_lc_monetary_1              0x08000205   Thumb Code     0  libinit2.o(.ARM.Collect$$libinit$$00000015)
    __rt_lib_init_lc_numeric_2               0x08000205   Thumb Code     0  libinit2.o(.ARM.Collect$$libinit$$00000016)
    __rt_lib_init_alloca_1                   0x0800020f   Thumb Code     0  libinit2.o(.ARM.Collect$$libinit$$0000002E)
    __rt_lib_init_argv_1                     0x0800020f   Thumb Code     0  libinit2.o(.ARM.Collect$$libinit$$0000002C)
    __rt_lib_init_atexit_1                   0x0800020f   Thumb Code     0  libinit2.o(.ARM.Collect$$libinit$$0000001B)
    __rt_lib_init_clock_1                    0x0800020f   Thumb Code     0  libinit2.o(.ARM.Collect$$libinit$$00000021)
    __rt_lib_init_cpp_1                      0x0800020f   Thumb Code     0  libinit2.o(.ARM.Collect$$libinit$$00000032)
    __rt_lib_init_exceptions_1               0x0800020f   Thumb Code     0  libinit2.o(.ARM.Collect$$libinit$$00000030)
    __rt_lib_init_fp_trap_1                  0x0800020f   Thumb Code     0  libinit2.o(.ARM.Collect$$libinit$$0000001F)
    __rt_lib_init_getenv_1                   0x0800020f   Thumb Code     0  libinit2.o(.ARM.Collect$$libinit$$00000023)
    __rt_lib_init_lc_numeric_1               0x0800020f   Thumb Code     0  libinit2.o(.ARM.Collect$$libinit$$00000017)
    __rt_lib_init_lc_time_1                  0x0800020f   Thumb Code     0  libinit2.o(.ARM.Collect$$libinit$$00000019)
    __rt_lib_init_return                     0x0800020f   Thumb Code     0  libinit2.o(.ARM.Collect$$libinit$$00000033)
    __rt_lib_init_signal_1                   0x0800020f   Thumb Code     0  libinit2.o(.ARM.Collect$$libinit$$0000001D)
    __rt_lib_init_stdio_1                    0x0800020f   Thumb Code     0  libinit2.o(.ARM.Collect$$libinit$$00000025)
    __rt_lib_shutdown                        0x08000211   Thumb Code     0  libshutdown.o(.ARM.Collect$$libshutdown$$00000000)
    __rt_lib_shutdown_cpp_1                  0x08000213   Thumb Code     0  libshutdown2.o(.ARM.Collect$$libshutdown$$00000002)
    __rt_lib_shutdown_fp_trap_1              0x08000213   Thumb Code     0  libshutdown2.o(.ARM.Collect$$libshutdown$$00000007)
    __rt_lib_shutdown_heap_1                 0x08000213   Thumb Code     0  libshutdown2.o(.ARM.Collect$$libshutdown$$0000000F)
    __rt_lib_shutdown_return                 0x08000213   Thumb Code     0  libshutdown2.o(.ARM.Collect$$libshutdown$$00000010)
    __rt_lib_shutdown_signal_1               0x08000213   Thumb Code     0  libshutdown2.o(.ARM.Collect$$libshutdown$$0000000A)
    __rt_lib_shutdown_stdio_1                0x08000213   Thumb Code     0  libshutdown2.o(.ARM.Collect$$libshutdown$$00000004)
    __rt_lib_shutdown_user_alloc_1           0x08000213   Thumb Code     0  libshutdown2.o(.ARM.Collect$$libshutdown$$0000000C)
    __rt_entry                               0x08000215   Thumb Code     0  __rtentry.o(.ARM.Collect$$rtentry$$00000000)
    __rt_entry_presh_1                       0x08000215   Thumb Code     0  __rtentry2.o(.ARM.Collect$$rtentry$$00000002)
    __rt_entry_sh                            0x08000215   Thumb Code     0  __rtentry4.o(.ARM.Collect$$rtentry$$00000004)
    __rt_entry_li                            0x0800021b   Thumb Code     0  __rtentry2.o(.ARM.Collect$$rtentry$$0000000A)
    __rt_entry_postsh_1                      0x0800021b   Thumb Code     0  __rtentry2.o(.ARM.Collect$$rtentry$$00000009)
    __rt_entry_main                          0x0800021f   Thumb Code     0  __rtentry2.o(.ARM.Collect$$rtentry$$0000000D)
    __rt_entry_postli_1                      0x0800021f   Thumb Code     0  __rtentry2.o(.ARM.Collect$$rtentry$$0000000C)
    __rt_exit                                0x08000227   Thumb Code     0  rtexit.o(.ARM.Collect$$rtexit$$00000000)
    __rt_exit_ls                             0x08000229   Thumb Code     0  rtexit2.o(.ARM.Collect$$rtexit$$00000003)
    __rt_exit_prels_1                        0x08000229   Thumb Code     0  rtexit2.o(.ARM.Collect$$rtexit$$00000002)
    __rt_exit_exit                           0x0800022d   Thumb Code     0  rtexit2.o(.ARM.Collect$$rtexit$$00000004)
    Reset_Handler                            0x08000235   Thumb Code     8  startup_stm32f10x_md.o(.text)
    NMI_Handler                              0x0800023d   Thumb Code     2  startup_stm32f10x_md.o(.text)
    HardFault_Handler                        0x0800023f   Thumb Code     2  startup_stm32f10x_md.o(.text)
    MemManage_Handler                        0x08000241   Thumb Code     2  startup_stm32f10x_md.o(.text)
    BusFault_Handler                         0x08000243   Thumb Code     2  startup_stm32f10x_md.o(.text)
    UsageFault_Handler                       0x08000245   Thumb Code     2  startup_stm32f10x_md.o(.text)
    DebugMon_Handler                         0x08000249   Thumb Code     2  startup_stm32f10x_md.o(.text)
    ADC1_2_IRQHandler                        0x0800024f   Thumb Code     0  startup_stm32f10x_md.o(.text)
    CAN1_RX1_IRQHandler                      0x0800024f   Thumb Code     0  startup_stm32f10x_md.o(.text)
    CAN1_SCE_IRQHandler                      0x0800024f   Thumb Code     0  startup_stm32f10x_md.o(.text)
    DMA1_Channel1_IRQHandler                 0x0800024f   Thumb Code     0  startup_stm32f10x_md.o(.text)
    DMA1_Channel2_IRQHandler                 0x0800024f   Thumb Code     0  startup_stm32f10x_md.o(.text)
    DMA1_Channel3_IRQHandler                 0x0800024f   Thumb Code     0  startup_stm32f10x_md.o(.text)
    DMA1_Channel4_IRQHandler                 0x0800024f   Thumb Code     0  startup_stm32f10x_md.o(.text)
    DMA1_Channel5_IRQHandler                 0x0800024f   Thumb Code     0  startup_stm32f10x_md.o(.text)
    DMA1_Channel6_IRQHandler                 0x0800024f   Thumb Code     0  startup_stm32f10x_md.o(.text)
    DMA1_Channel7_IRQHandler                 0x0800024f   Thumb Code     0  startup_stm32f10x_md.o(.text)
    EXTI0_IRQHandler                         0x0800024f   Thumb Code     0  startup_stm32f10x_md.o(.text)
    EXTI15_10_IRQHandler                     0x0800024f   Thumb Code     0  startup_stm32f10x_md.o(.text)
    EXTI1_IRQHandler                         0x0800024f   Thumb Code     0  startup_stm32f10x_md.o(.text)
    EXTI2_IRQHandler                         0x0800024f   Thumb Code     0  startup_stm32f10x_md.o(.text)
    EXTI3_IRQHandler                         0x0800024f   Thumb Code     0  startup_stm32f10x_md.o(.text)
    EXTI4_IRQHandler                         0x0800024f   Thumb Code     0  startup_stm32f10x_md.o(.text)
    EXTI9_5_IRQHandler                       0x0800024f   Thumb Code     0  startup_stm32f10x_md.o(.text)
    FLASH_IRQHandler                         0x0800024f   Thumb Code     0  startup_stm32f10x_md.o(.text)
    I2C1_ER_IRQHandler                       0x0800024f   Thumb Code     0  startup_stm32f10x_md.o(.text)
    I2C1_EV_IRQHandler                       0x0800024f   Thumb Code     0  startup_stm32f10x_md.o(.text)
    I2C2_ER_IRQHandler                       0x0800024f   Thumb Code     0  startup_stm32f10x_md.o(.text)
    I2C2_EV_IRQHandler                       0x0800024f   Thumb Code     0  startup_stm32f10x_md.o(.text)
    PVD_IRQHandler                           0x0800024f   Thumb Code     0  startup_stm32f10x_md.o(.text)
    RCC_IRQHandler                           0x0800024f   Thumb Code     0  startup_stm32f10x_md.o(.text)
    RTCAlarm_IRQHandler                      0x0800024f   Thumb Code     0  startup_stm32f10x_md.o(.text)
    RTC_IRQHandler                           0x0800024f   Thumb Code     0  startup_stm32f10x_md.o(.text)
    SPI1_IRQHandler                          0x0800024f   Thumb Code     0  startup_stm32f10x_md.o(.text)
    SPI2_IRQHandler                          0x0800024f   Thumb Code     0  startup_stm32f10x_md.o(.text)
    TAMPER_IRQHandler                        0x0800024f   Thumb Code     0  startup_stm32f10x_md.o(.text)
    TIM1_BRK_IRQHandler                      0x0800024f   Thumb Code     0  startup_stm32f10x_md.o(.text)
    TIM1_CC_IRQHandler                       0x0800024f   Thumb Code     0  startup_stm32f10x_md.o(.text)
    TIM1_TRG_COM_IRQHandler                  0x0800024f   Thumb Code     0  startup_stm32f10x_md.o(.text)
    TIM1_UP_IRQHandler                       0x0800024f   Thumb Code     0  startup_stm32f10x_md.o(.text)
    TIM2_IRQHandler                          0x0800024f   Thumb Code     0  startup_stm32f10x_md.o(.text)
    TIM3_IRQHandler                          0x0800024f   Thumb Code     0  startup_stm32f10x_md.o(.text)
    TIM4_IRQHandler                          0x0800024f   Thumb Code     0  startup_stm32f10x_md.o(.text)
    USART1_IRQHandler                        0x0800024f   Thumb Code     0  startup_stm32f10x_md.o(.text)
    USART2_IRQHandler                        0x0800024f   Thumb Code     0  startup_stm32f10x_md.o(.text)
    USART3_IRQHandler                        0x0800024f   Thumb Code     0  startup_stm32f10x_md.o(.text)
    USBWakeUp_IRQHandler                     0x0800024f   Thumb Code     0  startup_stm32f10x_md.o(.text)
    USB_HP_CAN1_TX_IRQHandler                0x0800024f   Thumb Code     0  startup_stm32f10x_md.o(.text)
    USB_LP_CAN1_RX0_IRQHandler               0x0800024f   Thumb Code     0  startup_stm32f10x_md.o(.text)
    WWDG_IRQHandler                          0x0800024f   Thumb Code     0  startup_stm32f10x_md.o(.text)
    __user_initial_stackheap                 0x08000251   Thumb Code     0  startup_stm32f10x_md.o(.text)
    sprintf                                  0x08000275   Thumb Code    38  sprintf.o(.text)
    strlen                                   0x080002a1   Thumb Code    62  strlen.o(.text)
    __aeabi_memcpy                           0x080002df   Thumb Code     0  rt_memcpy_v6.o(.text)
    __rt_memcpy                              0x080002df   Thumb Code   138  rt_memcpy_v6.o(.text)
    _memcpy_lastbytes                        0x08000345   Thumb Code     0  rt_memcpy_v6.o(.text)
    __aeabi_memset4                          0x08000369   Thumb Code    16  aeabi_memset4.o(.text)
    __aeabi_memset8                          0x08000369   Thumb Code     0  aeabi_memset4.o(.text)
    __use_two_region_memory                  0x08000379   Thumb Code     2  heapauxi.o(.text)
    __rt_heap_escrow$2region                 0x0800037b   Thumb Code     2  heapauxi.o(.text)
    __rt_heap_expand$2region                 0x0800037d   Thumb Code     2  heapauxi.o(.text)
    _printf_pre_padding                      0x0800037f   Thumb Code    44  _printf_pad.o(.text)
    _printf_post_padding                     0x080003ab   Thumb Code    34  _printf_pad.o(.text)
    _printf_truncate_signed                  0x080003cd   Thumb Code    18  _printf_truncate.o(.text)
    _printf_truncate_unsigned                0x080003df   Thumb Code    18  _printf_truncate.o(.text)
    _printf_str                              0x080003f1   Thumb Code    82  _printf_str.o(.text)
    _printf_int_dec                          0x08000445   Thumb Code   104  _printf_dec.o(.text)
    _printf_charcount                        0x080004bd   Thumb Code    40  _printf_charcount.o(.text)
    _printf_char_common                      0x080004ef   Thumb Code    32  _printf_char_common.o(.text)
    _sputc                                   0x08000515   Thumb Code    10  _sputc.o(.text)
    _printf_wctomb                           0x08000521   Thumb Code   182  _printf_wctomb.o(.text)
    _printf_longlong_dec                     0x080005dd   Thumb Code   108  _printf_longlong_dec.o(.text)
    _printf_longlong_oct                     0x08000659   Thumb Code    68  _printf_oct_int_ll.o(.text)
    _printf_int_oct                          0x0800069d   Thumb Code    24  _printf_oct_int_ll.o(.text)
    _printf_ll_oct                           0x080006b5   Thumb Code    12  _printf_oct_int_ll.o(.text)
    _printf_longlong_hex                     0x080006c9   Thumb Code    86  _printf_hex_int_ll_ptr.o(.text)
    _printf_int_hex                          0x0800071f   Thumb Code    28  _printf_hex_int_ll_ptr.o(.text)
    _printf_ll_hex                           0x0800073b   Thumb Code    12  _printf_hex_int_ll_ptr.o(.text)
    _printf_hex_ptr                          0x08000747   Thumb Code    18  _printf_hex_int_ll_ptr.o(.text)
    __printf                                 0x0800075d   Thumb Code   388  __printf_flags_ss_wp.o(.text)
    __aeabi_memcpy4                          0x080008e5   Thumb Code     0  rt_memcpy_w.o(.text)
    __aeabi_memcpy8                          0x080008e5   Thumb Code     0  rt_memcpy_w.o(.text)
    __rt_memcpy_w                            0x080008e5   Thumb Code   100  rt_memcpy_w.o(.text)
    _memcpy_lastbytes_aligned                0x0800092d   Thumb Code     0  rt_memcpy_w.o(.text)
    __aeabi_memclr4                          0x08000949   Thumb Code     0  rt_memclr_w.o(.text)
    __aeabi_memclr8                          0x08000949   Thumb Code     0  rt_memclr_w.o(.text)
    __rt_memclr_w                            0x08000949   Thumb Code    78  rt_memclr_w.o(.text)
    _memset_w                                0x0800094d   Thumb Code     0  rt_memclr_w.o(.text)
    _ll_udiv10                               0x08000997   Thumb Code   138  lludiv10.o(.text)
    _printf_int_common                       0x08000a21   Thumb Code   178  _printf_intcommon.o(.text)
    _printf_fp_dec_real                      0x08000c83   Thumb Code   620  _printf_fp_dec.o(.text)
    _printf_fp_hex_real                      0x08000ef1   Thumb Code   756  _printf_fp_hex.o(.text)
    _printf_cs_common                        0x080011ed   Thumb Code    20  _printf_char.o(.text)
    _printf_char                             0x08001201   Thumb Code    16  _printf_char.o(.text)
    _printf_string                           0x08001211   Thumb Code     8  _printf_char.o(.text)
    _printf_lcs_common                       0x08001219   Thumb Code    20  _printf_wchar.o(.text)
    _printf_wchar                            0x0800122d   Thumb Code    16  _printf_wchar.o(.text)
    _printf_wstring                          0x0800123d   Thumb Code     8  _printf_wchar.o(.text)
    _c16rtomb                                0x08001245   Thumb Code    72  _c16rtomb.o(.text)
    _wcrtomb                                 0x08001245   Thumb Code     0  _c16rtomb.o(.text)
    __user_setup_stackheap                   0x0800128d   Thumb Code    74  sys_stackheap_outer.o(.text)
    __rt_ctype_table                         0x080012d9   Thumb Code    16  rt_ctype_table.o(.text)
    __rt_locale                              0x080012e9   Thumb Code     8  rt_locale_intlibspace.o(.text)
    _printf_fp_infnan                        0x080012f1   Thumb Code   112  _printf_fp_infnan.o(.text)
    _btod_etento                             0x08001371   Thumb Code   224  bigflt0.o(.text)
    exit                                     0x08001455   Thumb Code    18  exit.o(.text)
    __user_libspace                          0x08001469   Thumb Code     8  libspace.o(.text)
    __user_perproc_libspace                  0x08001469   Thumb Code     0  libspace.o(.text)
    __user_perthread_libspace                0x08001469   Thumb Code     0  libspace.o(.text)
    strcmp                                   0x08001471   Thumb Code   128  strcmpv7m.o(.text)
    _sys_exit                                0x080014f1   Thumb Code     8  sys_exit.o(.text)
    __I$use$semihosting                      0x080014fd   Thumb Code     0  use_no_semi.o(.text)
    __use_no_semihosting_swi                 0x080014fd   Thumb Code     2  use_no_semi.o(.text)
    __semihosting_library_function           0x080014ff   Thumb Code     0  indicate_semi.o(.text)
    GPIO_Init                                0x08001501   Thumb Code   400  stm32f10x_gpio.o(.text.GPIO_Init)
    GPIO_ReadInputDataBit                    0x08001691   Thumb Code    54  stm32f10x_gpio.o(.text.GPIO_ReadInputDataBit)
    GPIO_WriteBit                            0x080016c9   Thumb Code    50  stm32f10x_gpio.o(.text.GPIO_WriteBit)
    PendSV_Handler                           0x08001701   Thumb Code    68  port.o(.text.PendSV_Handler)
    RCC_APB2PeriphClockCmd                   0x08001745   Thumb Code    62  stm32f10x_rcc.o(.text.RCC_APB2PeriphClockCmd)
    RCC_GetClocksFreq                        0x08001785   Thumb Code   374  stm32f10x_rcc.o(.text.RCC_GetClocksFreq)
    SVC_Handler                              0x08001901   Thumb Code    36  port.o(.text.SVC_Handler)
    SysTick_Handler                          0x08001a51   Thumb Code    62  port.o(.text.SysTick_Handler)
    SystemInit                               0x08001a91   Thumb Code   102  system_stm32f10x.o(.text.SystemInit)
    USART_Cmd                                0x08001af9   Thumb Code    48  stm32f10x_usart.o(.text.USART_Cmd)
    USART_GetFlagStatus                      0x08001b29   Thumb Code    72  stm32f10x_usart.o(.text.USART_GetFlagStatus)
    USART_Init                               0x08001b71   Thumb Code   350  stm32f10x_usart.o(.text.USART_Init)
    USART_SendData                           0x08001cd1   Thumb Code    26  stm32f10x_usart.o(.text.USART_SendData)
    eTaskConfirmSleepModeStatus              0x08001ced   Thumb Code   108  tasks.o(.text.eTaskConfirmSleepModeStatus)
    main                                     0x08001d59   Thumb Code   124  main.o(.text.main)
    prvPeriph_Init                           0x080028f1   Thumb Code    12  prv_periph.o(.text.prvPeriph_Init)
    prvUART1_Write                           0x08002e65   Thumb Code    88  prv_periph.o(.text.prvUART1_Write)
    pvPortMalloc                             0x08002f95   Thumb Code   506  heap_4.o(.text.pvPortMalloc)
    pxPortInitialiseStack                    0x08003191   Thumb Code    80  port.o(.text.pxPortInitialiseStack)
    uxListRemove                             0x080031e1   Thumb Code    72  list.o(.text.uxListRemove)
    vButton_TaskHandler                      0x08003229   Thumb Code    60  main.o(.text.vButton_TaskHandler)
    vLed_TaskHandler                         0x08003265   Thumb Code   148  main.o(.text.vLed_TaskHandler)
    vListInitialise                          0x080032f9   Thumb Code    46  list.o(.text.vListInitialise)
    vListInitialiseItem                      0x08003329   Thumb Code    14  list.o(.text.vListInitialiseItem)
    vListInsert                              0x08003339   Thumb Code   108  list.o(.text.vListInsert)
    vListInsertEnd                           0x080033a5   Thumb Code    58  list.o(.text.vListInsertEnd)
    vPortEnterCritical                       0x080033e1   Thumb Code    88  port.o(.text.vPortEnterCritical)
    vPortExitCritical                        0x08003439   Thumb Code    78  port.o(.text.vPortExitCritical)
    vPortFree                                0x08003489   Thumb Code   212  heap_4.o(.text.vPortFree)
    vPortSetupTimerInterrupt                 0x0800355d   Thumb Code   138  port.o(.text.vPortSetupTimerInterrupt)
    vPortSuppressTicksAndSleep               0x080035e9   Thumb Code   528  port.o(.text.vPortSuppressTicksAndSleep)
    vPortValidateInterruptPriority           0x080037f9   Thumb Code   132  port.o(.text.vPortValidateInterruptPriority)
    vQueueWaitForMessageRestricted           0x0800387d   Thumb Code   106  queue.o(.text.vQueueWaitForMessageRestricted)
    vRTOS_delay                              0x080038e9   Thumb Code    60  main.o(.text.vRTOS_delay)
    vTaskInternalSetTimeOutState             0x08003925   Thumb Code    36  tasks.o(.text.vTaskInternalSetTimeOutState)
    vTaskMissedYield                         0x08003949   Thumb Code    14  tasks.o(.text.vTaskMissedYield)
    vTaskPlaceOnEventList                    0x08003959   Thumb Code    68  tasks.o(.text.vTaskPlaceOnEventList)
    vTaskPlaceOnEventListRestricted          0x0800399d   Thumb Code    86  tasks.o(.text.vTaskPlaceOnEventListRestricted)
    vTaskStartScheduler                      0x080039f5   Thumb Code   190  tasks.o(.text.vTaskStartScheduler)
    vTaskStepTick                            0x08003ab5   Thumb Code    76  tasks.o(.text.vTaskStepTick)
    vTaskSuspendAll                          0x08003b01   Thumb Code    16  tasks.o(.text.vTaskSuspendAll)
    vTaskSwitchContext                       0x08003b11   Thumb Code   194  tasks.o(.text.vTaskSwitchContext)
    xPortStartScheduler                      0x08003bd5   Thumb Code   230  port.o(.text.xPortStartScheduler)
    xQueueGenericCreate                      0x08003cbd   Thumb Code   114  queue.o(.text.xQueueGenericCreate)
    xQueueGenericReset                       0x08003d31   Thumb Code   194  queue.o(.text.xQueueGenericReset)
    xQueueGenericSend                        0x08003df5   Thumb Code   664  queue.o(.text.xQueueGenericSend)
    xQueueGenericSendFromISR                 0x0800408d   Thumb Code   416  queue.o(.text.xQueueGenericSendFromISR)
    xQueueReceive                            0x0800422d   Thumb Code   510  queue.o(.text.xQueueReceive)
    xTaskCheckForTimeOut                     0x0800442d   Thumb Code   254  tasks.o(.text.xTaskCheckForTimeOut)
    xTaskCreate                              0x0800452d   Thumb Code   168  tasks.o(.text.xTaskCreate)
    xTaskGenericNotify                       0x080045d5   Thumb Code   382  tasks.o(.text.xTaskGenericNotify)
    xTaskGetSchedulerState                   0x08004755   Thumb Code    60  tasks.o(.text.xTaskGetSchedulerState)
    xTaskGetTickCount                        0x08004791   Thumb Code    20  tasks.o(.text.xTaskGetTickCount)
    xTaskIncrementTick                       0x080047a5   Thumb Code   456  tasks.o(.text.xTaskIncrementTick)
    xTaskNotifyWait                          0x0800496d   Thumb Code   222  tasks.o(.text.xTaskNotifyWait)
    xTaskPriorityDisinherit                  0x08004a4d   Thumb Code   296  tasks.o(.text.xTaskPriorityDisinherit)
    xTaskRemoveFromEventList                 0x08004b75   Thumb Code   206  tasks.o(.text.xTaskRemoveFromEventList)
    xTaskResumeAll                           0x08004c45   Thumb Code   396  tasks.o(.text.xTaskResumeAll)
    xTimerCreateTimerTask                    0x08004dd1   Thumb Code   112  timers.o(.text.xTimerCreateTimerTask)
    xTimerGenericCommand                     0x08004e41   Thumb Code   182  timers.o(.text.xTimerGenericCommand)
    _btod_d2e                                0x08004ef7   Thumb Code    62  btod.o(CL$$btod_d2e)
    _d2e_denorm_low                          0x08004f35   Thumb Code    70  btod.o(CL$$btod_d2e_denorm_low)
    _d2e_norm_op1                            0x08004f7b   Thumb Code    96  btod.o(CL$$btod_d2e_norm_op1)
    __btod_div_common                        0x08004fdb   Thumb Code   696  btod.o(CL$$btod_div_common)
    _e2e                                     0x08005313   Thumb Code   220  btod.o(CL$$btod_e2e)
    _btod_ediv                               0x080053ef   Thumb Code    42  btod.o(CL$$btod_ediv)
    _btod_emul                               0x08005419   Thumb Code    42  btod.o(CL$$btod_emul)
    __btod_mult_common                       0x08005443   Thumb Code   580  btod.o(CL$$btod_mult_common)
    __ARM_fpclassify                         0x08005687   Thumb Code    40  fpclassify.o(i.__ARM_fpclassify)
    _is_digit                                0x080056af   Thumb Code    14  __printf_wp.o(i._is_digit)
    _get_lc_numeric                          0x080056bd   Thumb Code    44  lc_numeric_c.o(locale$$code)
    _get_lc_ctype                            0x080056e9   Thumb Code    44  lc_ctype_c.o(locale$$code)
    _printf_fp_dec                           0x08005715   Thumb Code     4  printf1.o(x$fpl$printf1)
    _printf_fp_hex                           0x08005719   Thumb Code     4  printf2.o(x$fpl$printf2)
    __I$use$fp                               0x0800571c   Number         0  usenofp.o(x$fpl$usenofp)
    Region$$Table$$Base                      0x08005864   Number         0  anon$$obj.o(Region$$Table)
    Region$$Table$$Limit                     0x08005884   Number         0  anon$$obj.o(Region$$Table)
    __ctype                                  0x080058ad   Data           0  lc_ctype_c.o(locale$$data)
    SystemCoreClock                          0x20000000   Data           4  system_stm32f10x.o(.data.SystemCoreClock)
    __libspace_start                         0x20000008   Data          96  libspace.o(.bss)
    __temporary_stack_top$libspace           0x20000068   Data           0  libspace.o(.bss)
    pxCurrentTCB                             0x2000006c   Data           4  tasks.o(.bss.pxCurrentTCB)
    ucLed_status_flag                        0x200044e8   Data           1  main.o(.bss.ucLed_status_flag)
    xButton_TaskHandle                       0x20004538   Data           4  main.o(.bss.xButton_TaskHandle)
    xLed_TaskHandle                          0x2000456c   Data           4  main.o(.bss.xLed_TaskHandle)



==============================================================================

Memory Map of the image

  Image Entry point : 0x080000ed

  Load Region LR_IROM1 (Base: 0x08000000, Size: 0x000059b8, Max: 0x00010000, ABSOLUTE)

    Execution Region ER_IROM1 (Exec base: 0x08000000, Load base: 0x08000000, Size: 0x000059b0, Max: 0x00010000, ABSOLUTE)

    Exec Addr    Load Addr    Size         Type   Attr      Idx    E Section Name        Object

    0x08000000   0x08000000   0x000000ec   Data   RO          259    RESET               startup_stm32f10x_md.o
    0x080000ec   0x080000ec   0x00000008   Code   RO          684  * !!!main             c_w.l(__main.o)
    0x080000f4   0x080000f4   0x00000034   Code   RO         1023    !!!scatter          c_w.l(__scatter.o)
    0x08000128   0x08000128   0x0000001a   Code   RO         1025    !!handler_copy      c_w.l(__scatter_copy.o)
    0x08000142   0x08000142   0x00000002   PAD
    0x08000144   0x08000144   0x0000001c   Code   RO         1027    !!handler_zi        c_w.l(__scatter_zi.o)
    0x08000160   0x08000160   0x00000000   Code   RO          768    .ARM.Collect$$_printf_percent$$00000000  c_w.l(_printf_percent.o)
    0x08000160   0x08000160   0x00000006   Code   RO          757    .ARM.Collect$$_printf_percent$$00000001  c_w.l(_printf_n.o)
    0x08000166   0x08000166   0x00000006   Code   RO          759    .ARM.Collect$$_printf_percent$$00000002  c_w.l(_printf_p.o)
    0x0800016c   0x0800016c   0x00000006   Code   RO          764    .ARM.Collect$$_printf_percent$$00000003  c_w.l(_printf_f.o)
    0x08000172   0x08000172   0x00000006   Code   RO          765    .ARM.Collect$$_printf_percent$$00000004  c_w.l(_printf_e.o)
    0x08000178   0x08000178   0x00000006   Code   RO          766    .ARM.Collect$$_printf_percent$$00000005  c_w.l(_printf_g.o)
    0x0800017e   0x0800017e   0x00000006   Code   RO          767    .ARM.Collect$$_printf_percent$$00000006  c_w.l(_printf_a.o)
    0x08000184   0x08000184   0x0000000a   Code   RO          772    .ARM.Collect$$_printf_percent$$00000007  c_w.l(_printf_ll.o)
    0x0800018e   0x0800018e   0x00000006   Code   RO          761    .ARM.Collect$$_printf_percent$$00000008  c_w.l(_printf_i.o)
    0x08000194   0x08000194   0x00000006   Code   RO          762    .ARM.Collect$$_printf_percent$$00000009  c_w.l(_printf_d.o)
    0x0800019a   0x0800019a   0x00000006   Code   RO          763    .ARM.Collect$$_printf_percent$$0000000A  c_w.l(_printf_u.o)
    0x080001a0   0x080001a0   0x00000006   Code   RO          760    .ARM.Collect$$_printf_percent$$0000000B  c_w.l(_printf_o.o)
    0x080001a6   0x080001a6   0x00000006   Code   RO          758    .ARM.Collect$$_printf_percent$$0000000C  c_w.l(_printf_x.o)
    0x080001ac   0x080001ac   0x00000006   Code   RO          769    .ARM.Collect$$_printf_percent$$0000000D  c_w.l(_printf_lli.o)
    0x080001b2   0x080001b2   0x00000006   Code   RO          770    .ARM.Collect$$_printf_percent$$0000000E  c_w.l(_printf_lld.o)
    0x080001b8   0x080001b8   0x00000006   Code   RO          771    .ARM.Collect$$_printf_percent$$0000000F  c_w.l(_printf_llu.o)
    0x080001be   0x080001be   0x00000006   Code   RO          776    .ARM.Collect$$_printf_percent$$00000010  c_w.l(_printf_llo.o)
    0x080001c4   0x080001c4   0x00000006   Code   RO          777    .ARM.Collect$$_printf_percent$$00000011  c_w.l(_printf_llx.o)
    0x080001ca   0x080001ca   0x0000000a   Code   RO          773    .ARM.Collect$$_printf_percent$$00000012  c_w.l(_printf_l.o)
    0x080001d4   0x080001d4   0x00000006   Code   RO          755    .ARM.Collect$$_printf_percent$$00000013  c_w.l(_printf_c.o)
    0x080001da   0x080001da   0x00000006   Code   RO          756    .ARM.Collect$$_printf_percent$$00000014  c_w.l(_printf_s.o)
    0x080001e0   0x080001e0   0x00000006   Code   RO          774    .ARM.Collect$$_printf_percent$$00000015  c_w.l(_printf_lc.o)
    0x080001e6   0x080001e6   0x00000006   Code   RO          775    .ARM.Collect$$_printf_percent$$00000016  c_w.l(_printf_ls.o)
    0x080001ec   0x080001ec   0x00000004   Code   RO          822    .ARM.Collect$$_printf_percent$$00000017  c_w.l(_printf_percent_end.o)
    0x080001f0   0x080001f0   0x00000002   Code   RO          873    .ARM.Collect$$libinit$$00000000  c_w.l(libinit.o)
    0x080001f2   0x080001f2   0x00000000   Code   RO          892    .ARM.Collect$$libinit$$00000002  c_w.l(libinit2.o)
    0x080001f2   0x080001f2   0x00000000   Code   RO          894    .ARM.Collect$$libinit$$00000004  c_w.l(libinit2.o)
    0x080001f2   0x080001f2   0x00000000   Code   RO          897    .ARM.Collect$$libinit$$0000000A  c_w.l(libinit2.o)
    0x080001f2   0x080001f2   0x00000000   Code   RO          899    .ARM.Collect$$libinit$$0000000C  c_w.l(libinit2.o)
    0x080001f2   0x080001f2   0x00000000   Code   RO          901    .ARM.Collect$$libinit$$0000000E  c_w.l(libinit2.o)
    0x080001f2   0x080001f2   0x00000006   Code   RO          902    .ARM.Collect$$libinit$$0000000F  c_w.l(libinit2.o)
    0x080001f8   0x080001f8   0x00000000   Code   RO          904    .ARM.Collect$$libinit$$00000011  c_w.l(libinit2.o)
    0x080001f8   0x080001f8   0x0000000c   Code   RO          905    .ARM.Collect$$libinit$$00000012  c_w.l(libinit2.o)
    0x08000204   0x08000204   0x00000000   Code   RO          906    .ARM.Collect$$libinit$$00000013  c_w.l(libinit2.o)
    0x08000204   0x08000204   0x00000000   Code   RO          908    .ARM.Collect$$libinit$$00000015  c_w.l(libinit2.o)
    0x08000204   0x08000204   0x0000000a   Code   RO          909    .ARM.Collect$$libinit$$00000016  c_w.l(libinit2.o)
    0x0800020e   0x0800020e   0x00000000   Code   RO          910    .ARM.Collect$$libinit$$00000017  c_w.l(libinit2.o)
    0x0800020e   0x0800020e   0x00000000   Code   RO          912    .ARM.Collect$$libinit$$00000019  c_w.l(libinit2.o)
    0x0800020e   0x0800020e   0x00000000   Code   RO          914    .ARM.Collect$$libinit$$0000001B  c_w.l(libinit2.o)
    0x0800020e   0x0800020e   0x00000000   Code   RO          916    .ARM.Collect$$libinit$$0000001D  c_w.l(libinit2.o)
    0x0800020e   0x0800020e   0x00000000   Code   RO          918    .ARM.Collect$$libinit$$0000001F  c_w.l(libinit2.o)
    0x0800020e   0x0800020e   0x00000000   Code   RO          920    .ARM.Collect$$libinit$$00000021  c_w.l(libinit2.o)
    0x0800020e   0x0800020e   0x00000000   Code   RO          922    .ARM.Collect$$libinit$$00000023  c_w.l(libinit2.o)
    0x0800020e   0x0800020e   0x00000000   Code   RO          924    .ARM.Collect$$libinit$$00000025  c_w.l(libinit2.o)
    0x0800020e   0x0800020e   0x00000000   Code   RO          928    .ARM.Collect$$libinit$$0000002C  c_w.l(libinit2.o)
    0x0800020e   0x0800020e   0x00000000   Code   RO          930    .ARM.Collect$$libinit$$0000002E  c_w.l(libinit2.o)
    0x0800020e   0x0800020e   0x00000000   Code   RO          932    .ARM.Collect$$libinit$$00000030  c_w.l(libinit2.o)
    0x0800020e   0x0800020e   0x00000000   Code   RO          934    .ARM.Collect$$libinit$$00000032  c_w.l(libinit2.o)
    0x0800020e   0x0800020e   0x00000002   Code   RO          935    .ARM.Collect$$libinit$$00000033  c_w.l(libinit2.o)
    0x08000210   0x08000210   0x00000002   Code   RO          959    .ARM.Collect$$libshutdown$$00000000  c_w.l(libshutdown.o)
    0x08000212   0x08000212   0x00000000   Code   RO          974    .ARM.Collect$$libshutdown$$00000002  c_w.l(libshutdown2.o)
    0x08000212   0x08000212   0x00000000   Code   RO          976    .ARM.Collect$$libshutdown$$00000004  c_w.l(libshutdown2.o)
    0x08000212   0x08000212   0x00000000   Code   RO          979    .ARM.Collect$$libshutdown$$00000007  c_w.l(libshutdown2.o)
    0x08000212   0x08000212   0x00000000   Code   RO          982    .ARM.Collect$$libshutdown$$0000000A  c_w.l(libshutdown2.o)
    0x08000212   0x08000212   0x00000000   Code   RO          984    .ARM.Collect$$libshutdown$$0000000C  c_w.l(libshutdown2.o)
    0x08000212   0x08000212   0x00000000   Code   RO          987    .ARM.Collect$$libshutdown$$0000000F  c_w.l(libshutdown2.o)
    0x08000212   0x08000212   0x00000002   Code   RO          988    .ARM.Collect$$libshutdown$$00000010  c_w.l(libshutdown2.o)
    0x08000214   0x08000214   0x00000000   Code   RO          686    .ARM.Collect$$rtentry$$00000000  c_w.l(__rtentry.o)
    0x08000214   0x08000214   0x00000000   Code   RO          791    .ARM.Collect$$rtentry$$00000002  c_w.l(__rtentry2.o)
    0x08000214   0x08000214   0x00000006   Code   RO          803    .ARM.Collect$$rtentry$$00000004  c_w.l(__rtentry4.o)
    0x0800021a   0x0800021a   0x00000000   Code   RO          793    .ARM.Collect$$rtentry$$00000009  c_w.l(__rtentry2.o)
    0x0800021a   0x0800021a   0x00000004   Code   RO          794    .ARM.Collect$$rtentry$$0000000A  c_w.l(__rtentry2.o)
    0x0800021e   0x0800021e   0x00000000   Code   RO          796    .ARM.Collect$$rtentry$$0000000C  c_w.l(__rtentry2.o)
    0x0800021e   0x0800021e   0x00000008   Code   RO          797    .ARM.Collect$$rtentry$$0000000D  c_w.l(__rtentry2.o)
    0x08000226   0x08000226   0x00000002   Code   RO          882    .ARM.Collect$$rtexit$$00000000  c_w.l(rtexit.o)
    0x08000228   0x08000228   0x00000000   Code   RO          937    .ARM.Collect$$rtexit$$00000002  c_w.l(rtexit2.o)
    0x08000228   0x08000228   0x00000004   Code   RO          938    .ARM.Collect$$rtexit$$00000003  c_w.l(rtexit2.o)
    0x0800022c   0x0800022c   0x00000006   Code   RO          939    .ARM.Collect$$rtexit$$00000004  c_w.l(rtexit2.o)
    0x08000232   0x08000232   0x00000002   PAD
    0x08000234   0x08000234   0x00000040   Code   RO          260    .text               startup_stm32f10x_md.o
    0x08000274   0x08000274   0x0000002c   Code   RO          674    .text               c_w.l(sprintf.o)
    0x080002a0   0x080002a0   0x0000003e   Code   RO          676    .text               c_w.l(strlen.o)
    0x080002de   0x080002de   0x0000008a   Code   RO          678    .text               c_w.l(rt_memcpy_v6.o)
    0x08000368   0x08000368   0x00000010   Code   RO          680    .text               c_w.l(aeabi_memset4.o)
    0x08000378   0x08000378   0x00000006   Code   RO          682    .text               c_w.l(heapauxi.o)
    0x0800037e   0x0800037e   0x0000004e   Code   RO          689    .text               c_w.l(_printf_pad.o)
    0x080003cc   0x080003cc   0x00000024   Code   RO          691    .text               c_w.l(_printf_truncate.o)
    0x080003f0   0x080003f0   0x00000052   Code   RO          693    .text               c_w.l(_printf_str.o)
    0x08000442   0x08000442   0x00000002   PAD
    0x08000444   0x08000444   0x00000078   Code   RO          695    .text               c_w.l(_printf_dec.o)
    0x080004bc   0x080004bc   0x00000028   Code   RO          697    .text               c_w.l(_printf_charcount.o)
    0x080004e4   0x080004e4   0x00000030   Code   RO          699    .text               c_w.l(_printf_char_common.o)
    0x08000514   0x08000514   0x0000000a   Code   RO          701    .text               c_w.l(_sputc.o)
    0x0800051e   0x0800051e   0x00000002   PAD
    0x08000520   0x08000520   0x000000bc   Code   RO          703    .text               c_w.l(_printf_wctomb.o)
    0x080005dc   0x080005dc   0x0000007c   Code   RO          706    .text               c_w.l(_printf_longlong_dec.o)
    0x08000658   0x08000658   0x00000070   Code   RO          712    .text               c_w.l(_printf_oct_int_ll.o)
    0x080006c8   0x080006c8   0x00000094   Code   RO          732    .text               c_w.l(_printf_hex_int_ll_ptr.o)
    0x0800075c   0x0800075c   0x00000188   Code   RO          752    .text               c_w.l(__printf_flags_ss_wp.o)
    0x080008e4   0x080008e4   0x00000064   Code   RO          778    .text               c_w.l(rt_memcpy_w.o)
    0x08000948   0x08000948   0x0000004e   Code   RO          780    .text               c_w.l(rt_memclr_w.o)
    0x08000996   0x08000996   0x0000008a   Code   RO          805    .text               c_w.l(lludiv10.o)
    0x08000a20   0x08000a20   0x000000b2   Code   RO          807    .text               c_w.l(_printf_intcommon.o)
    0x08000ad2   0x08000ad2   0x0000041c   Code   RO          809    .text               c_w.l(_printf_fp_dec.o)
    0x08000eee   0x08000eee   0x00000002   PAD
    0x08000ef0   0x08000ef0   0x000002fc   Code   RO          813    .text               c_w.l(_printf_fp_hex.o)
    0x080011ec   0x080011ec   0x0000002c   Code   RO          818    .text               c_w.l(_printf_char.o)
    0x08001218   0x08001218   0x0000002c   Code   RO          820    .text               c_w.l(_printf_wchar.o)
    0x08001244   0x08001244   0x00000048   Code   RO          823    .text               c_w.l(_c16rtomb.o)
    0x0800128c   0x0800128c   0x0000004a   Code   RO          825    .text               c_w.l(sys_stackheap_outer.o)
    0x080012d6   0x080012d6   0x00000002   PAD
    0x080012d8   0x080012d8   0x00000010   Code   RO          827    .text               c_w.l(rt_ctype_table.o)
    0x080012e8   0x080012e8   0x00000008   Code   RO          832    .text               c_w.l(rt_locale_intlibspace.o)
    0x080012f0   0x080012f0   0x00000080   Code   RO          834    .text               c_w.l(_printf_fp_infnan.o)
    0x08001370   0x08001370   0x000000e4   Code   RO          836    .text               c_w.l(bigflt0.o)
    0x08001454   0x08001454   0x00000012   Code   RO          866    .text               c_w.l(exit.o)
    0x08001466   0x08001466   0x00000002   PAD
    0x08001468   0x08001468   0x00000008   Code   RO          879    .text               c_w.l(libspace.o)
    0x08001470   0x08001470   0x00000080   Code   RO          889    .text               c_w.l(strcmpv7m.o)
    0x080014f0   0x080014f0   0x0000000c   Code   RO          949    .text               c_w.l(sys_exit.o)
    0x080014fc   0x080014fc   0x00000002   Code   RO          964    .text               c_w.l(use_no_semi.o)
    0x080014fe   0x080014fe   0x00000000   Code   RO          966    .text               c_w.l(indicate_semi.o)
    0x080014fe   0x080014fe   0x00000002   PAD
    0x08001500   0x08001500   0x00000190   Code   RO           81    .text.GPIO_Init     stm32f10x_gpio.o
    0x08001690   0x08001690   0x00000036   Code   RO           85    .text.GPIO_ReadInputDataBit  stm32f10x_gpio.o
    0x080016c6   0x080016c6   0x00000002   PAD
    0x080016c8   0x080016c8   0x00000032   Code   RO           97    .text.GPIO_WriteBit  stm32f10x_gpio.o
    0x080016fa   0x080016fa   0x00000006   PAD
    0x08001700   0x08001700   0x00000044   Code   RO          320    .text.PendSV_Handler  port.o
    0x08001744   0x08001744   0x0000003e   Code   RO          164    .text.RCC_APB2PeriphClockCmd  stm32f10x_rcc.o
    0x08001782   0x08001782   0x00000002   PAD
    0x08001784   0x08001784   0x00000176   Code   RO          160    .text.RCC_GetClocksFreq  stm32f10x_rcc.o
    0x080018fa   0x080018fa   0x00000006   PAD
    0x08001900   0x08001900   0x00000024   Code   RO          306    .text.SVC_Handler   port.o
    0x08001924   0x08001924   0x00000008   Code   RO          269    .text.SetSysClock   system_stm32f10x.o
    0x0800192c   0x0800192c   0x00000122   Code   RO          273    .text.SetSysClockTo72  system_stm32f10x.o
    0x08001a4e   0x08001a4e   0x00000002   PAD
    0x08001a50   0x08001a50   0x0000003e   Code   RO          322    .text.SysTick_Handler  port.o
    0x08001a8e   0x08001a8e   0x00000002   PAD
    0x08001a90   0x08001a90   0x00000066   Code   RO          267    .text.SystemInit    system_stm32f10x.o
    0x08001af6   0x08001af6   0x00000002   PAD
    0x08001af8   0x08001af8   0x00000030   Code   RO          203    .text.USART_Cmd     stm32f10x_usart.o
    0x08001b28   0x08001b28   0x00000048   Code   RO          243    .text.USART_GetFlagStatus  stm32f10x_usart.o
    0x08001b70   0x08001b70   0x0000015e   Code   RO          195    .text.USART_Init    stm32f10x_usart.o
    0x08001cce   0x08001cce   0x00000002   PAD
    0x08001cd0   0x08001cd0   0x0000001a   Code   RO          219    .text.USART_SendData  stm32f10x_usart.o
    0x08001cea   0x08001cea   0x00000002   PAD
    0x08001cec   0x08001cec   0x0000006c   Code   RO          539    .text.eTaskConfirmSleepModeStatus  tasks.o
    0x08001d58   0x08001d58   0x0000007c   Code   RO            2    .text.main          main.o
    0x08001dd4   0x08001dd4   0x00000104   Code   RO          469    .text.prvAddCurrentTaskToDelayedList  tasks.o
    0x08001ed8   0x08001ed8   0x0000011c   Code   RO          457    .text.prvAddNewTaskToReadyList  tasks.o
    0x08001ff4   0x08001ff4   0x0000006c   Code   RO          612    .text.prvCheckForValidListAndQueue  timers.o
    0x08002060   0x08002060   0x0000005e   Code   RO          577    .text.prvCheckTasksWaitingTermination  tasks.o
    0x080020be   0x080020be   0x00000002   PAD
    0x080020c0   0x080020c0   0x0000004a   Code   RO          410    .text.prvCopyDataFromQueue  queue.o
    0x0800210a   0x0800210a   0x00000002   PAD
    0x0800210c   0x0800210c   0x000000e0   Code   RO          396    .text.prvCopyDataToQueue  queue.o
    0x080021ec   0x080021ec   0x00000018   Code   RO          461    .text.prvDeleteTCB  tasks.o
    0x08002204   0x08002204   0x0000004e   Code   RO           26    .text.prvGPIO_Init  prv_periph.o
    0x08002252   0x08002252   0x00000002   PAD
    0x08002254   0x08002254   0x00000080   Code   RO          579    .text.prvGetExpectedIdleTime  tasks.o
    0x080022d4   0x080022d4   0x00000042   Code   RO          644    .text.prvGetNextExpireTime  timers.o
    0x08002316   0x08002316   0x00000002   PAD
    0x08002318   0x08002318   0x000000be   Code   RO          343    .text.prvHeapInit   heap_4.o
    0x080023d6   0x080023d6   0x00000002   PAD
    0x080023d8   0x080023d8   0x0000009a   Code   RO          495    .text.prvIdleTask   tasks.o
    0x08002472   0x08002472   0x00000002   PAD
    0x08002474   0x08002474   0x00000048   Code   RO          376    .text.prvInitialiseNewQueue  queue.o
    0x080024bc   0x080024bc   0x00000138   Code   RO          455    .text.prvInitialiseNewTask  tasks.o
    0x080025f4   0x080025f4   0x0000008e   Code   RO          575    .text.prvInitialiseTaskLists  tasks.o
    0x08002682   0x08002682   0x00000002   PAD
    0x08002684   0x08002684   0x000000c6   Code   RO          345    .text.prvInsertBlockIntoFreeList  heap_4.o
    0x0800274a   0x0800274a   0x00000002   PAD
    0x0800274c   0x0800274c   0x00000086   Code   RO          656    .text.prvInsertTimerInActiveList  timers.o
    0x080027d2   0x080027d2   0x00000002   PAD
    0x080027d4   0x080027d4   0x0000002a   Code   RO          412    .text.prvIsQueueEmpty  queue.o
    0x080027fe   0x080027fe   0x00000002   PAD
    0x08002800   0x08002800   0x0000002e   Code   RO          400    .text.prvIsQueueFull  queue.o
    0x0800282e   0x0800282e   0x00000002   PAD
    0x08002830   0x08002830   0x000000c0   Code   RO          398    .text.prvNotifyQueueSetContainer  queue.o
    0x080028f0   0x080028f0   0x0000000c   Code   RO           22    .text.prvPeriph_Init  prv_periph.o
    0x080028fc   0x080028fc   0x00000020   Code   RO          312    .text.prvPortStartFirstTask  port.o
    0x0800291c   0x0800291c   0x0000009a   Code   RO          652    .text.prvProcessExpiredTimer  timers.o
    0x080029b6   0x080029b6   0x00000002   PAD
    0x080029b8   0x080029b8   0x000001b6   Code   RO          648    .text.prvProcessReceivedCommands  timers.o
    0x08002b6e   0x08002b6e   0x00000002   PAD
    0x08002b70   0x08002b70   0x000000a8   Code   RO          646    .text.prvProcessTimerOrBlockTask  timers.o
    0x08002c18   0x08002c18   0x00000048   Code   RO          463    .text.prvResetNextTaskUnblockTime  tasks.o
    0x08002c60   0x08002c60   0x00000044   Code   RO          650    .text.prvSampleTimeNow  timers.o
    0x08002ca4   0x08002ca4   0x000000da   Code   RO          654    .text.prvSwitchTimerLists  timers.o
    0x08002d7e   0x08002d7e   0x00000002   PAD
    0x08002d80   0x08002d80   0x00000050   Code   RO          304    .text.prvTaskExitError  port.o
    0x08002dd0   0x08002dd0   0x0000001e   Code   RO          614    .text.prvTimerTask  timers.o
    0x08002dee   0x08002dee   0x00000002   PAD
    0x08002df0   0x08002df0   0x00000072   Code   RO           24    .text.prvUART1_Init  prv_periph.o
    0x08002e62   0x08002e62   0x00000002   PAD
    0x08002e64   0x08002e64   0x00000058   Code   RO           28    .text.prvUART1_Write  prv_periph.o
    0x08002ebc   0x08002ebc   0x000000d8   Code   RO          402    .text.prvUnlockQueue  queue.o
    0x08002f94   0x08002f94   0x000001fa   Code   RO          341    .text.pvPortMalloc  heap_4.o
    0x0800318e   0x0800318e   0x00000002   PAD
    0x08003190   0x08003190   0x00000050   Code   RO          302    .text.pxPortInitialiseStack  port.o
    0x080031e0   0x080031e0   0x00000048   Code   RO          293    .text.uxListRemove  list.o
    0x08003228   0x08003228   0x0000003c   Code   RO            6    .text.vButton_TaskHandler  main.o
    0x08003264   0x08003264   0x00000094   Code   RO            4    .text.vLed_TaskHandler  main.o
    0x080032f8   0x080032f8   0x0000002e   Code   RO          285    .text.vListInitialise  list.o
    0x08003326   0x08003326   0x00000002   PAD
    0x08003328   0x08003328   0x0000000e   Code   RO          287    .text.vListInitialiseItem  list.o
    0x08003336   0x08003336   0x00000002   PAD
    0x08003338   0x08003338   0x0000006c   Code   RO          291    .text.vListInsert   list.o
    0x080033a4   0x080033a4   0x0000003a   Code   RO          289    .text.vListInsertEnd  list.o
    0x080033de   0x080033de   0x00000002   PAD
    0x080033e0   0x080033e0   0x00000058   Code   RO          316    .text.vPortEnterCritical  port.o
    0x08003438   0x08003438   0x0000004e   Code   RO          318    .text.vPortExitCritical  port.o
    0x08003486   0x08003486   0x00000002   PAD
    0x08003488   0x08003488   0x000000d4   Code   RO          347    .text.vPortFree     heap_4.o
    0x0800355c   0x0800355c   0x0000008a   Code   RO          310    .text.vPortSetupTimerInterrupt  port.o
    0x080035e6   0x080035e6   0x00000002   PAD
    0x080035e8   0x080035e8   0x00000210   Code   RO          324    .text.vPortSuppressTicksAndSleep  port.o
    0x080037f8   0x080037f8   0x00000084   Code   RO          326    .text.vPortValidateInterruptPriority  port.o
    0x0800387c   0x0800387c   0x0000006a   Code   RO          434    .text.vQueueWaitForMessageRestricted  queue.o
    0x080038e6   0x080038e6   0x00000002   PAD
    0x080038e8   0x080038e8   0x0000003c   Code   RO            8    .text.vRTOS_delay   main.o
    0x08003924   0x08003924   0x00000024   Code   RO          533    .text.vTaskInternalSetTimeOutState  tasks.o
    0x08003948   0x08003948   0x0000000e   Code   RO          537    .text.vTaskMissedYield  tasks.o
    0x08003956   0x08003956   0x00000002   PAD
    0x08003958   0x08003958   0x00000044   Code   RO          521    .text.vTaskPlaceOnEventList  tasks.o
    0x0800399c   0x0800399c   0x00000056   Code   RO          525    .text.vTaskPlaceOnEventListRestricted  tasks.o
    0x080039f2   0x080039f2   0x00000002   PAD
    0x080039f4   0x080039f4   0x000000be   Code   RO          493    .text.vTaskStartScheduler  tasks.o
    0x08003ab2   0x08003ab2   0x00000002   PAD
    0x08003ab4   0x08003ab4   0x0000004c   Code   RO          515    .text.vTaskStepTick  tasks.o
    0x08003b00   0x08003b00   0x00000010   Code   RO          467    .text.vTaskSuspendAll  tasks.o
    0x08003b10   0x08003b10   0x000000c2   Code   RO          485    .text.vTaskSwitchContext  tasks.o
    0x08003bd2   0x08003bd2   0x00000002   PAD
    0x08003bd4   0x08003bd4   0x000000e6   Code   RO          308    .text.xPortStartScheduler  port.o
    0x08003cba   0x08003cba   0x00000002   PAD
    0x08003cbc   0x08003cbc   0x00000072   Code   RO          374    .text.xQueueGenericCreate  queue.o
    0x08003d2e   0x08003d2e   0x00000002   PAD
    0x08003d30   0x08003d30   0x000000c2   Code   RO          372    .text.xQueueGenericReset  queue.o
    0x08003df2   0x08003df2   0x00000002   PAD
    0x08003df4   0x08003df4   0x00000298   Code   RO          388    .text.xQueueGenericSend  queue.o
    0x0800408c   0x0800408c   0x000001a0   Code   RO          404    .text.xQueueGenericSendFromISR  queue.o
    0x0800422c   0x0800422c   0x000001fe   Code   RO          408    .text.xQueueReceive  queue.o
    0x0800442a   0x0800442a   0x00000002   PAD
    0x0800442c   0x0800442c   0x000000fe   Code   RO          535    .text.xTaskCheckForTimeOut  tasks.o
    0x0800452a   0x0800452a   0x00000002   PAD
    0x0800452c   0x0800452c   0x000000a8   Code   RO          453    .text.xTaskCreate   tasks.o
    0x080045d4   0x080045d4   0x0000017e   Code   RO          565    .text.xTaskGenericNotify  tasks.o
    0x08004752   0x08004752   0x00000002   PAD
    0x08004754   0x08004754   0x0000003c   Code   RO          549    .text.xTaskGetSchedulerState  tasks.o
    0x08004790   0x08004790   0x00000014   Code   RO          501    .text.xTaskGetTickCount  tasks.o
    0x080047a4   0x080047a4   0x000001c8   Code   RO          499    .text.xTaskIncrementTick  tasks.o
    0x0800496c   0x0800496c   0x000000de   Code   RO          563    .text.xTaskNotifyWait  tasks.o
    0x08004a4a   0x08004a4a   0x00000002   PAD
    0x08004a4c   0x08004a4c   0x00000128   Code   RO          553    .text.xTaskPriorityDisinherit  tasks.o
    0x08004b74   0x08004b74   0x000000ce   Code   RO          527    .text.xTaskRemoveFromEventList  tasks.o
    0x08004c42   0x08004c42   0x00000002   PAD
    0x08004c44   0x08004c44   0x0000018c   Code   RO          471    .text.xTaskResumeAll  tasks.o
    0x08004dd0   0x08004dd0   0x00000070   Code   RO          610    .text.xTimerCreateTimerTask  timers.o
    0x08004e40   0x08004e40   0x000000b6   Code   RO          620    .text.xTimerGenericCommand  timers.o
    0x08004ef6   0x08004ef6   0x0000003e   Code   RO          839    CL$$btod_d2e        c_w.l(btod.o)
    0x08004f34   0x08004f34   0x00000046   Code   RO          841    CL$$btod_d2e_denorm_low  c_w.l(btod.o)
    0x08004f7a   0x08004f7a   0x00000060   Code   RO          840    CL$$btod_d2e_norm_op1  c_w.l(btod.o)
    0x08004fda   0x08004fda   0x00000338   Code   RO          849    CL$$btod_div_common  c_w.l(btod.o)
    0x08005312   0x08005312   0x000000dc   Code   RO          846    CL$$btod_e2e        c_w.l(btod.o)
    0x080053ee   0x080053ee   0x0000002a   Code   RO          843    CL$$btod_ediv       c_w.l(btod.o)
    0x08005418   0x08005418   0x0000002a   Code   RO          842    CL$$btod_emul       c_w.l(btod.o)
    0x08005442   0x08005442   0x00000244   Code   RO          848    CL$$btod_mult_common  c_w.l(btod.o)
    0x08005686   0x08005686   0x00000028   Code   RO          877    i.__ARM_fpclassify  m_ws.l(fpclassify.o)
    0x080056ae   0x080056ae   0x0000000e   Code   RO          745    i._is_digit         c_w.l(__printf_wp.o)
    0x080056bc   0x080056bc   0x0000002c   Code   RO          864    locale$$code        c_w.l(lc_numeric_c.o)
    0x080056e8   0x080056e8   0x0000002c   Code   RO          887    locale$$code        c_w.l(lc_ctype_c.o)
    0x08005714   0x08005714   0x00000004   Code   RO          782    x$fpl$printf1       fz_ws.l(printf1.o)
    0x08005718   0x08005718   0x00000004   Code   RO          784    x$fpl$printf2       fz_ws.l(printf2.o)
    0x0800571c   0x0800571c   0x00000000   Code   RO          876    x$fpl$usenofp       fz_ws.l(usenofp.o)
    0x0800571c   0x0800571c   0x00000008   Data   RO          704    .constdata          c_w.l(_printf_wctomb.o)
    0x08005724   0x08005724   0x00000028   Data   RO          733    .constdata          c_w.l(_printf_hex_int_ll_ptr.o)
    0x0800574c   0x0800574c   0x00000011   Data   RO          753    .constdata          c_w.l(__printf_flags_ss_wp.o)
    0x0800575d   0x0800575d   0x00000026   Data   RO          814    .constdata          c_w.l(_printf_fp_hex.o)
    0x08005783   0x08005783   0x00000001   PAD
    0x08005784   0x08005784   0x00000094   Data   RO          837    .constdata          c_w.l(bigflt0.o)
    0x08005818   0x08005818   0x00000004   Data   RO          185    .rodata.ADCPrescTable  stm32f10x_rcc.o
    0x0800581c   0x0800581c   0x00000010   Data   RO          184    .rodata.APBAHBPrescTable  stm32f10x_rcc.o
    0x0800582c   0x0800582c   0x00000029   Data   RO           13    .rodata.str1.1      main.o
    0x08005855   0x08005855   0x00000005   Data   RO          595    .rodata.str1.1      tasks.o
    0x0800585a   0x0800585a   0x00000008   Data   RO          659    .rodata.str1.1      timers.o
    0x08005862   0x08005862   0x00000002   PAD
    0x08005864   0x08005864   0x00000020   Data   RO         1022    Region$$Table       anon$$obj.o
    0x08005884   0x08005884   0x0000001c   Data   RO          863    locale$$data        c_w.l(lc_numeric_c.o)
    0x080058a0   0x080058a0   0x00000110   Data   RO          886    locale$$data        c_w.l(lc_ctype_c.o)


    Execution Region RW_IRAM1 (Exec base: 0x20000000, Load base: 0x080059b0, Size: 0x00004de8, Max: 0x00005000, ABSOLUTE)

    Exec Addr    Load Addr    Size         Type   Attr      Idx    E Section Name        Object

    0x20000000   0x080059b0   0x00000004   Data   RW          275    .data.SystemCoreClock  system_stm32f10x.o
    0x20000004   0x080059b4   0x00000004   Data   RW          330    .data.uxCriticalNesting  port.o
    0x20000008        -       0x00000060   Zero   RW          880    .bss                c_w.l(libspace.o)
    0x20000068        -       0x00000004   Zero   RW          663    .bss.prvSampleTimeNow.xLastTime  timers.o
    0x2000006c        -       0x00000004   Zero   RW          581    .bss.pxCurrentTCB   tasks.o
    0x20000070        -       0x00000004   Zero   RW          661    .bss.pxCurrentTimerList  timers.o
    0x20000074        -       0x00000004   Zero   RW          591    .bss.pxDelayedTaskList  tasks.o
    0x20000078        -       0x00000004   Zero   RW          357    .bss.pxEnd          heap_4.o
    0x2000007c        -       0x00000004   Zero   RW          592    .bss.pxOverflowDelayedTaskList  tasks.o
    0x20000080        -       0x00000004   Zero   RW          662    .bss.pxOverflowTimerList  timers.o
    0x20000084        -       0x00000064   Zero   RW          582    .bss.pxReadyTasksLists  tasks.o
    0x200000e8        -       0x00004400   Zero   RW          364    .bss.ucHeap         heap_4.o
    0x200044e8        -       0x00000001   Zero   RW           10    .bss.ucLed_status_flag  main.o
    0x200044e9        -       0x00000001   Zero   RW          328    .bss.ucMaxSysCallPriority  port.o
    0x200044ea   0x080059b8   0x00000002   PAD
    0x200044ec        -       0x00000004   Zero   RW          329    .bss.ulMaxPRIGROUPValue  port.o
    0x200044f0        -       0x00000004   Zero   RW          333    .bss.ulStoppedTimerCompensation  port.o
    0x200044f4        -       0x00000004   Zero   RW          332    .bss.ulTimerCountsForOneTick  port.o
    0x200044f8        -       0x00000004   Zero   RW          587    .bss.uxCurrentNumberOfTasks  tasks.o
    0x200044fc        -       0x00000004   Zero   RW          586    .bss.uxDeletedTasksWaitingCleanUp  tasks.o
    0x20004500        -       0x00000004   Zero   RW          589    .bss.uxSchedulerSuspended  tasks.o
    0x20004504        -       0x00000004   Zero   RW          584    .bss.uxTaskNumber   tasks.o
    0x20004508        -       0x00000004   Zero   RW          583    .bss.uxTopReadyPriority  tasks.o
    0x2000450c        -       0x00000014   Zero   RW          664    .bss.xActiveTimerList1  timers.o
    0x20004520        -       0x00000014   Zero   RW          665    .bss.xActiveTimerList2  timers.o
    0x20004534        -       0x00000004   Zero   RW          358    .bss.xBlockAllocatedBit  heap_4.o
    0x20004538        -       0x00000004   Zero   RW           12    .bss.xButton_TaskHandle  main.o
    0x2000453c        -       0x00000014   Zero   RW          601    .bss.xDelayedTaskList1  tasks.o
    0x20004550        -       0x00000014   Zero   RW          602    .bss.xDelayedTaskList2  tasks.o
    0x20004564        -       0x00000004   Zero   RW          359    .bss.xFreeBytesRemaining  heap_4.o
    0x20004568        -       0x00000004   Zero   RW          596    .bss.xIdleTaskHandle  tasks.o
    0x2000456c        -       0x00000004   Zero   RW           11    .bss.xLed_TaskHandle  main.o
    0x20004570        -       0x00000004   Zero   RW          331    .bss.xMaximumPossibleSuppressedTicks  port.o
    0x20004574        -       0x00000004   Zero   RW          361    .bss.xMinimumEverFreeBytesRemaining  heap_4.o
    0x20004578        -       0x00000004   Zero   RW          597    .bss.xNextTaskUnblockTime  tasks.o
    0x2000457c        -       0x00000004   Zero   RW          600    .bss.xNumOfOverflows  tasks.o
    0x20004580        -       0x00000004   Zero   RW          362    .bss.xNumberOfSuccessfulAllocations  heap_4.o
    0x20004584        -       0x00000004   Zero   RW          363    .bss.xNumberOfSuccessfulFrees  heap_4.o
    0x20004588        -       0x00000004   Zero   RW          599    .bss.xPendedTicks   tasks.o
    0x2000458c        -       0x00000014   Zero   RW          594    .bss.xPendingReadyList  tasks.o
    0x200045a0        -       0x00000004   Zero   RW          588    .bss.xSchedulerRunning  tasks.o
    0x200045a4        -       0x00000008   Zero   RW          360    .bss.xStart         heap_4.o
    0x200045ac        -       0x00000014   Zero   RW          593    .bss.xSuspendedTaskList  tasks.o
    0x200045c0        -       0x00000014   Zero   RW          585    .bss.xTasksWaitingTermination  tasks.o
    0x200045d4        -       0x00000004   Zero   RW          590    .bss.xTickCount     tasks.o
    0x200045d8        -       0x00000004   Zero   RW          658    .bss.xTimerQueue    timers.o
    0x200045dc        -       0x00000004   Zero   RW          660    .bss.xTimerTaskHandle  timers.o
    0x200045e0        -       0x00000004   Zero   RW          598    .bss.xYieldPending  tasks.o
    0x200045e4   0x080059b8   0x00000004   PAD
    0x200045e8        -       0x00000400   Zero   RW          258    HEAP                startup_stm32f10x_md.o
    0x200049e8        -       0x00000400   Zero   RW          257    STACK               startup_stm32f10x_md.o


==============================================================================

Image component sizes


      Code (inc. data)   RO Data    RW Data    ZI Data      Debug   Object Name

      1106          0          0          0      17440       4596   heap_4.o
       298          0          0          0          0       2360   list.o
       392          0         41          0          9       2281   main.o
      1552         12          0          4         17       4700   port.o
       292          0          0          0          0       2699   prv_periph.o
      2870          0          0          0          0      16227   queue.o
        64         26        236          0       2048        864   startup_stm32f10x_md.o
       504          0          0          0          0       5763   stm32f10x_gpio.o
       436          0         20          0          0       7102   stm32f10x_rcc.o
       496          0          0          0          0       7566   stm32f10x_usart.o
       400          0          0          4          0       2899   system_stm32f10x.o
      4718          6          5          0        260      23889   tasks.o
      1678         10          8          0         60       9447   timers.o

    ----------------------------------------------------------------------
     14902         54        344          8      19840      90393   Object Totals
         0          0         32          0          0          0   (incl. Generated)
        96          0          2          0          6          0   (incl. Padding)

    ----------------------------------------------------------------------

      Code (inc. data)   RO Data    RW Data    ZI Data      Debug   Library Member Name

         8          0          0          0          0         68   __main.o
       392          4         17          0          0         92   __printf_flags_ss_wp.o
        14          0          0          0          0         68   __printf_wp.o
         0          0          0          0          0          0   __rtentry.o
        12          0          0          0          0          0   __rtentry2.o
         6          0          0          0          0          0   __rtentry4.o
        52          8          0          0          0          0   __scatter.o
        26          0          0          0          0          0   __scatter_copy.o
        28          0          0          0          0          0   __scatter_zi.o
        72          0          0          0          0         96   _c16rtomb.o
         6          0          0          0          0          0   _printf_a.o
         6          0          0          0          0          0   _printf_c.o
        44          0          0          0          0        108   _printf_char.o
        48          6          0          0          0         96   _printf_char_common.o
        40          0          0          0          0         68   _printf_charcount.o
         6          0          0          0          0          0   _printf_d.o
       120         16          0          0          0         92   _printf_dec.o
         6          0          0          0          0          0   _printf_e.o
         6          0          0          0          0          0   _printf_f.o
      1052          0          0          0          0        148   _printf_fp_dec.o
       764          8         38          0          0        100   _printf_fp_hex.o
       128         16          0          0          0         84   _printf_fp_infnan.o
         6          0          0          0          0          0   _printf_g.o
       148          4         40          0          0        160   _printf_hex_int_ll_ptr.o
         6          0          0          0          0          0   _printf_i.o
       178          0          0          0          0         88   _printf_intcommon.o
        10          0          0          0          0          0   _printf_l.o
         6          0          0          0          0          0   _printf_lc.o
        10          0          0          0          0          0   _printf_ll.o
         6          0          0          0          0          0   _printf_lld.o
         6          0          0          0          0          0   _printf_lli.o
         6          0          0          0          0          0   _printf_llo.o
         6          0          0          0          0          0   _printf_llu.o
         6          0          0          0          0          0   _printf_llx.o
       124         16          0          0          0         92   _printf_longlong_dec.o
         6          0          0          0          0          0   _printf_ls.o
         6          0          0          0          0          0   _printf_n.o
         6          0          0          0          0          0   _printf_o.o
       112          8          0          0          0        124   _printf_oct_int_ll.o
         6          0          0          0          0          0   _printf_p.o
        78          0          0          0          0        108   _printf_pad.o
         0          0          0          0          0          0   _printf_percent.o
         4          0          0          0          0          0   _printf_percent_end.o
         6          0          0          0          0          0   _printf_s.o
        82          0          0          0          0         80   _printf_str.o
        36          0          0          0          0         84   _printf_truncate.o
         6          0          0          0          0          0   _printf_u.o
        44          0          0          0          0        108   _printf_wchar.o
       188          6          8          0          0         92   _printf_wctomb.o
         6          0          0          0          0          0   _printf_x.o
        10          0          0          0          0         68   _sputc.o
        16          0          0          0          0         68   aeabi_memset4.o
       228          4        148          0          0         96   bigflt0.o
      1936        128          0          0          0        672   btod.o
        18          0          0          0          0         80   exit.o
         6          0          0          0          0        152   heapauxi.o
         0          0          0          0          0          0   indicate_semi.o
        44         10        272          0          0         76   lc_ctype_c.o
        44         10         28          0          0         76   lc_numeric_c.o
         2          0          0          0          0          0   libinit.o
        30          0          0          0          0          0   libinit2.o
         2          0          0          0          0          0   libshutdown.o
         2          0          0          0          0          0   libshutdown2.o
         8          4          0          0         96         68   libspace.o
       138          0          0          0          0         80   lludiv10.o
        16          4          0          0          0         76   rt_ctype_table.o
         8          4          0          0          0         68   rt_locale_intlibspace.o
        78          0          0          0          0         80   rt_memclr_w.o
       138          0          0          0          0         68   rt_memcpy_v6.o
       100          0          0          0          0         80   rt_memcpy_w.o
         2          0          0          0          0          0   rtexit.o
        10          0          0          0          0          0   rtexit2.o
        44          6          0          0          0         84   sprintf.o
       128          0          0          0          0         68   strcmpv7m.o
        62          0          0          0          0         76   strlen.o
        12          4          0          0          0         68   sys_exit.o
        74          0          0          0          0         80   sys_stackheap_outer.o
         2          0          0          0          0         68   use_no_semi.o
         4          0          0          0          0         68   printf1.o
         4          0          0          0          0         68   printf2.o
         0          0          0          0          0          0   usenofp.o
        40          0          0          0          0         68   fpclassify.o

    ----------------------------------------------------------------------
      7162        266        552          0         96       4412   Library Totals
        16          0          1          0          0          0   (incl. Padding)

    ----------------------------------------------------------------------

      Code (inc. data)   RO Data    RW Data    ZI Data      Debug   Library Name

      7098        266        551          0         96       4208   c_w.l
         8          0          0          0          0        136   fz_ws.l
        40          0          0          0          0         68   m_ws.l

    ----------------------------------------------------------------------
      7162        266        552          0         96       4412   Library Totals

    ----------------------------------------------------------------------

==============================================================================


      Code (inc. data)   RO Data    RW Data    ZI Data      Debug   

     22064        320        896          8      19936      92233   Grand Totals
     22064        320        896          8      19936      92233   ELF Image Totals
     22064        320        896          8          0          0   ROM Totals

==============================================================================

    Total RO  Size (Code + RO Data)                22960 (  22.42kB)
    Total RW  Size (RW Data + ZI Data)             19944 (  19.48kB)
    Total ROM Size (Code + RO Data + RW Data)      22968 (  22.43kB)

==============================================================================

