Component: ARM Compiler 6.15 Tool: armlink [5dd79300]

==============================================================================

Section Cross References

    main.o(.text.main) refers to prv_periph.o(.text.prv_periph_init) for prv_periph_init
    main.o(.text.main) refers to main.o(.text.led_task_handler) for led_task_handler
    main.o(.text.main) refers to main.o(.rodata.str1.1) for .L.str
    main.o(.text.main) refers to tasks.o(.text.xTaskCreate) for xTaskCreate
    main.o(.text.main) refers to tasks.o(.text.vTaskStartScheduler) for vTaskStartScheduler
    main.o(.ARM.exidx.text.main) refers to main.o(.text.main) for [Anonymous Symbol]
    main.o(.text.led_task_handler) refers to main.o(.bss.button_status_flag) for button_status_flag
    main.o(.text.led_task_handler) refers to stm32f10x_gpio.o(.text.GPIO_WriteBit) for GPIO_WriteBit
    main.o(.ARM.exidx.text.led_task_handler) refers to main.o(.text.led_task_handler) for [Anonymous Symbol]
    main.o(.text.button_handler) refers to main.o(.bss.button_status_flag) for button_status_flag
    main.o(.ARM.exidx.text.button_handler) refers to main.o(.text.button_handler) for [Anonymous Symbol]
    main.o(.text.EXTI0_IRQHandler) refers to stm32f10x_exti.o(.text.EXTI_ClearITPendingBit) for EXTI_ClearITPendingBit
    main.o(.text.EXTI0_IRQHandler) refers to main.o(.text.button_handler) for button_handler
    main.o(.ARM.exidx.text.EXTI0_IRQHandler) refers to main.o(.text.EXTI0_IRQHandler) for [Anonymous Symbol]
    prv_periph.o(.text.prv_periph_init) refers to prv_periph.o(.text.uart1_init) for uart1_init
    prv_periph.o(.text.prv_periph_init) refers to prv_periph.o(.text.gpio_init) for gpio_init
    prv_periph.o(.ARM.exidx.text.prv_periph_init) refers to prv_periph.o(.text.prv_periph_init) for [Anonymous Symbol]
    prv_periph.o(.text.uart1_init) refers to stm32f10x_rcc.o(.text.RCC_APB2PeriphClockCmd) for RCC_APB2PeriphClockCmd
    prv_periph.o(.text.uart1_init) refers to stm32f10x_gpio.o(.text.GPIO_Init) for GPIO_Init
    prv_periph.o(.text.uart1_init) refers to stm32f10x_usart.o(.text.USART_Init) for USART_Init
    prv_periph.o(.text.uart1_init) refers to stm32f10x_usart.o(.text.USART_Cmd) for USART_Cmd
    prv_periph.o(.ARM.exidx.text.uart1_init) refers to prv_periph.o(.text.uart1_init) for [Anonymous Symbol]
    prv_periph.o(.text.gpio_init) refers to stm32f10x_rcc.o(.text.RCC_APB2PeriphClockCmd) for RCC_APB2PeriphClockCmd
    prv_periph.o(.text.gpio_init) refers to stm32f10x_gpio.o(.text.GPIO_Init) for GPIO_Init
    prv_periph.o(.text.gpio_init) refers to stm32f10x_gpio.o(.text.GPIO_EXTILineConfig) for GPIO_EXTILineConfig
    prv_periph.o(.text.gpio_init) refers to stm32f10x_exti.o(.text.EXTI_Init) for EXTI_Init
    prv_periph.o(.text.gpio_init) refers to prv_periph.o(.text.__NVIC_SetPriority) for __NVIC_SetPriority
    prv_periph.o(.text.gpio_init) refers to prv_periph.o(.text.__NVIC_EnableIRQ) for __NVIC_EnableIRQ
    prv_periph.o(.ARM.exidx.text.gpio_init) refers to prv_periph.o(.text.gpio_init) for [Anonymous Symbol]
    prv_periph.o(.text.uart1_tx) refers to strlen.o(.text) for strlen
    prv_periph.o(.text.uart1_tx) refers to stm32f10x_usart.o(.text.USART_GetFlagStatus) for USART_GetFlagStatus
    prv_periph.o(.text.uart1_tx) refers to stm32f10x_usart.o(.text.USART_SendData) for USART_SendData
    prv_periph.o(.ARM.exidx.text.uart1_tx) refers to prv_periph.o(.text.uart1_tx) for [Anonymous Symbol]
    prv_periph.o(.ARM.exidx.text.__NVIC_SetPriority) refers to prv_periph.o(.text.__NVIC_SetPriority) for [Anonymous Symbol]
    prv_periph.o(.ARM.exidx.text.__NVIC_EnableIRQ) refers to prv_periph.o(.text.__NVIC_EnableIRQ) for [Anonymous Symbol]
    misc.o(.ARM.exidx.text.NVIC_PriorityGroupConfig) refers to misc.o(.text.NVIC_PriorityGroupConfig) for [Anonymous Symbol]
    misc.o(.ARM.exidx.text.NVIC_Init) refers to misc.o(.text.NVIC_Init) for [Anonymous Symbol]
    misc.o(.ARM.exidx.text.NVIC_SetVectorTable) refers to misc.o(.text.NVIC_SetVectorTable) for [Anonymous Symbol]
    misc.o(.ARM.exidx.text.NVIC_SystemLPConfig) refers to misc.o(.text.NVIC_SystemLPConfig) for [Anonymous Symbol]
    misc.o(.ARM.exidx.text.SysTick_CLKSourceConfig) refers to misc.o(.text.SysTick_CLKSourceConfig) for [Anonymous Symbol]
    stm32f10x_gpio.o(.text.GPIO_DeInit) refers to stm32f10x_rcc.o(.text.RCC_APB2PeriphResetCmd) for RCC_APB2PeriphResetCmd
    stm32f10x_gpio.o(.ARM.exidx.text.GPIO_DeInit) refers to stm32f10x_gpio.o(.text.GPIO_DeInit) for [Anonymous Symbol]
    stm32f10x_gpio.o(.text.GPIO_AFIODeInit) refers to stm32f10x_rcc.o(.text.RCC_APB2PeriphResetCmd) for RCC_APB2PeriphResetCmd
    stm32f10x_gpio.o(.ARM.exidx.text.GPIO_AFIODeInit) refers to stm32f10x_gpio.o(.text.GPIO_AFIODeInit) for [Anonymous Symbol]
    stm32f10x_gpio.o(.ARM.exidx.text.GPIO_Init) refers to stm32f10x_gpio.o(.text.GPIO_Init) for [Anonymous Symbol]
    stm32f10x_gpio.o(.ARM.exidx.text.GPIO_StructInit) refers to stm32f10x_gpio.o(.text.GPIO_StructInit) for [Anonymous Symbol]
[...]
    Removing timers.o(.text.xTimerGetPeriod), (46 bytes).
    Removing timers.o(.ARM.exidx.text.xTimerGetPeriod), (8 bytes).
    Removing timers.o(.text.vTimerSetReloadMode), (94 bytes).
    Removing timers.o(.ARM.exidx.text.vTimerSetReloadMode), (8 bytes).
    Removing timers.o(.text.uxTimerGetReloadMode), (80 bytes).
    Removing timers.o(.ARM.exidx.text.uxTimerGetReloadMode), (8 bytes).
    Removing timers.o(.text.xTimerGetExpiryTime), (50 bytes).
    Removing timers.o(.ARM.exidx.text.xTimerGetExpiryTime), (8 bytes).
    Removing timers.o(.text.pcTimerGetName), (46 bytes).
    Removing timers.o(.ARM.exidx.text.pcTimerGetName), (8 bytes).
    Removing timers.o(.text.xTimerIsTimerActive), (80 bytes).
    Removing timers.o(.ARM.exidx.text.xTimerIsTimerActive), (8 bytes).
    Removing timers.o(.text.pvTimerGetTimerID), (60 bytes).
    Removing timers.o(.ARM.exidx.text.pvTimerGetTimerID), (8 bytes).
    Removing timers.o(.text.vTimerSetTimerID), (60 bytes).
    Removing timers.o(.ARM.exidx.text.vTimerSetTimerID), (8 bytes).
    Removing timers.o(.text.xTimerPendFunctionCallFromISR), (58 bytes).
    Removing timers.o(.ARM.exidx.text.xTimerPendFunctionCallFromISR), (8 bytes).
    Removing timers.o(.text.xTimerPendFunctionCall), (96 bytes).
    Removing timers.o(.ARM.exidx.text.xTimerPendFunctionCall), (8 bytes).
    Removing timers.o(.text.uxTimerGetTimerNumber), (12 bytes).
    Removing timers.o(.ARM.exidx.text.uxTimerGetTimerNumber), (8 bytes).
    Removing timers.o(.text.vTimerSetTimerNumber), (16 bytes).
    Removing timers.o(.ARM.exidx.text.vTimerSetTimerNumber), (8 bytes).
    Removing timers.o(.ARM.exidx.text.prvGetNextExpireTime), (8 bytes).
    Removing timers.o(.ARM.exidx.text.prvProcessTimerOrBlockTask), (8 bytes).
    Removing timers.o(.ARM.exidx.text.prvProcessReceivedCommands), (8 bytes).
    Removing timers.o(.ARM.exidx.text.prvSampleTimeNow), (8 bytes).
    Removing timers.o(.ARM.exidx.text.prvProcessExpiredTimer), (8 bytes).
    Removing timers.o(.ARM.exidx.text.prvSwitchTimerLists), (8 bytes).
    Removing timers.o(.ARM.exidx.text.prvInsertTimerInActiveList), (8 bytes).

459 unused section(s) (total 18824 bytes) removed from the image.

==============================================================================

Image Symbol Table

    Local Symbols

    Symbol Name                              Value     Ov Type        Size  Object(Section)

    ../clib/angel/boardlib.s                 0x00000000   Number         0  boardinit1.o ABSOLUTE
    ../clib/angel/boardlib.s                 0x00000000   Number         0  boardinit2.o ABSOLUTE
    ../clib/angel/boardlib.s                 0x00000000   Number         0  boardinit3.o ABSOLUTE
    ../clib/angel/boardlib.s                 0x00000000   Number         0  boardshut.o ABSOLUTE
    ../clib/angel/handlers.s                 0x00000000   Number         0  __scatter_copy.o ABSOLUTE
    ../clib/angel/handlers.s                 0x00000000   Number         0  __scatter_zi.o ABSOLUTE
    ../clib/angel/kernel.s                   0x00000000   Number         0  __rtentry.o ABSOLUTE
    ../clib/angel/kernel.s                   0x00000000   Number         0  __rtentry2.o ABSOLUTE
    ../clib/angel/kernel.s                   0x00000000   Number         0  __rtentry4.o ABSOLUTE
    ../clib/angel/kernel.s                   0x00000000   Number         0  rtexit.o ABSOLUTE
    ../clib/angel/kernel.s                   0x00000000   Number         0  rtexit2.o ABSOLUTE
    ../clib/angel/rt.s                       0x00000000   Number         0  rt_raise.o ABSOLUTE
    ../clib/angel/scatter.s                  0x00000000   Number         0  __scatter.o ABSOLUTE
    ../clib/angel/startup.s                  0x00000000   Number         0  __main.o ABSOLUTE
    ../clib/angel/sys.s                      0x00000000   Number         0  sys_stackheap_outer.o ABSOLUTE
    ../clib/angel/sys.s                      0x00000000   Number         0  libspace.o ABSOLUTE
    ../clib/angel/sys.s                      0x00000000   Number         0  use_no_semi.o ABSOLUTE
    ../clib/angel/sys.s                      0x00000000   Number         0  indicate_semi.o ABSOLUTE
    ../clib/angel/sysapp.c                   0x00000000   Number         0  sys_exit.o ABSOLUTE
    ../clib/angel/sysapp.c                   0x00000000   Number         0  sys_exit_hlt.o ABSOLUTE
    ../clib/angel/sysapp.c                   0x00000000   Number         0  sys_command.o ABSOLUTE
    ../clib/angel/sysapp.c                   0x00000000   Number         0  sys_command_hlt.o ABSOLUTE
    ../clib/angel/sysapp.c                   0x00000000   Number         0  sys_wrch.o ABSOLUTE
    ../clib/angel/sysapp.c                   0x00000000   Number         0  sys_wrch_hlt.o ABSOLUTE
    ../clib/armsys.c                         0x00000000   Number         0  argv_veneer.o ABSOLUTE
    ../clib/armsys.c                         0x00000000   Number         0  argv_veneer.o ABSOLUTE
    ../clib/armsys.c                         0x00000000   Number         0  _get_argv_nomalloc.o ABSOLUTE
    ../clib/armsys.c                         0x00000000   Number         0  no_argv.o ABSOLUTE
    ../clib/heapalloc.c                      0x00000000   Number         0  hrguard.o ABSOLUTE
    ../clib/heapaux.c                        0x00000000   Number         0  heapauxi.o ABSOLUTE
    ../clib/libinit.s                        0x00000000   Number         0  libinit.o ABSOLUTE
    ../clib/libinit.s                        0x00000000   Number         0  libinit2.o ABSOLUTE
    ../clib/libinit.s                        0x00000000   Number         0  libshutdown.o ABSOLUTE
    ../clib/libinit.s                        0x00000000   Number         0  libshutdown2.o ABSOLUTE
    ../clib/memcpset.s                       0x00000000   Number         0  rt_memcpy_v6.o ABSOLUTE
    ../clib/memcpset.s                       0x00000000   Number         0  aeabi_memset4.o ABSOLUTE
    ../clib/memcpset.s                       0x00000000   Number         0  rt_memcpy_w.o ABSOLUTE
    ../clib/memcpset.s                       0x00000000   Number         0  rt_memclr_w.o ABSOLUTE
    ../clib/signal.c                         0x00000000   Number         0  defsig_rtmem_outer.o ABSOLUTE
    ../clib/signal.c                         0x00000000   Number         0  defsig_rtmem_formal.o ABSOLUTE
    ../clib/signal.c                         0x00000000   Number         0  defsig_exit.o ABSOLUTE
    ../clib/signal.c                         0x00000000   Number         0  defsig_rtmem_inner.o ABSOLUTE
    ../clib/signal.c                         0x00000000   Number         0  __raise.o ABSOLUTE
    ../clib/signal.c                         0x00000000   Number         0  defsig_general.o ABSOLUTE
    ../clib/signal.c                         0x00000000   Number         0  defsig_abrt_inner.o ABSOLUTE
    ../clib/signal.c                         0x00000000   Number         0  defsig_fpe_inner.o ABSOLUTE
    ../clib/signal.c                         0x00000000   Number         0  defsig_rtred_inner.o ABSOLUTE
    ../clib/signal.c                         0x00000000   Number         0  defsig_stak_inner.o ABSOLUTE
    ../clib/signal.c                         0x00000000   Number         0  defsig_pvfn_inner.o ABSOLUTE
    ../clib/signal.c                         0x00000000   Number         0  defsig_cppl_inner.o ABSOLUTE
    ../clib/signal.c                         0x00000000   Number         0  defsig_segv_inner.o ABSOLUTE
    ../clib/signal.c                         0x00000000   Number         0  defsig_other.o ABSOLUTE
    ../clib/signal.s                         0x00000000   Number         0  defsig.o ABSOLUTE
    ../clib/stdlib.c                         0x00000000   Number         0  exit.o ABSOLUTE
    ../clib/string.c                         0x00000000   Number         0  strlen.o ABSOLUTE
    ../fplib/fpinit.s                        0x00000000   Number         0  fpinit.o ABSOLUTE
    ../fplib/fpinit_empty.s                  0x00000000   Number         0  fpinit_empty.o ABSOLUTE
    RTE/Device/STM32F103C8/startup_stm32f10x_md.s 0x00000000   Number         0  startup_stm32f10x_md.o ABSOLUTE
    dc.s                                     0x00000000   Number         0  dc.o ABSOLUTE
    freertos_evr.c                           0x00000000   Number         0  freertos_evr.o ABSOLUTE
    heap_4.c                                 0x00000000   Number         0  heap_4.o ABSOLUTE
    list.c                                   0x00000000   Number         0  list.o ABSOLUTE
    main.c                                   0x00000000   Number         0  main.o ABSOLUTE
    misc.c                                   0x00000000   Number         0  misc.o ABSOLUTE
    port.c                                   0x00000000   Number         0  port.o ABSOLUTE
    prv_periph.c                             0x00000000   Number         0  prv_periph.o ABSOLUTE
    queue.c                                  0x00000000   Number         0  queue.o ABSOLUTE
    stm32f10x_exti.c                         0x00000000   Number         0  stm32f10x_exti.o ABSOLUTE
    stm32f10x_gpio.c                         0x00000000   Number         0  stm32f10x_gpio.o ABSOLUTE
    stm32f10x_rcc.c                          0x00000000   Number         0  stm32f10x_rcc.o ABSOLUTE
    stm32f10x_usart.c                        0x00000000   Number         0  stm32f10x_usart.o ABSOLUTE
    system_stm32f10x.c                       0x00000000   Number         0  system_stm32f10x.o ABSOLUTE
    tasks.c                                  0x00000000   Number         0  tasks.o ABSOLUTE
    timers.c                                 0x00000000   Number         0  timers.o ABSOLUTE
    RESET                                    0x08000000   Section      236  startup_stm32f10x_md.o(RESET)
    !!!main                                  0x080000ec   Section        8  __main.o(!!!main)
    !!!scatter                               0x080000f4   Section       52  __scatter.o(!!!scatter)
    !!handler_copy                           0x08000128   Section       26  __scatter_copy.o(!!handler_copy)
    !!handler_zi                             0x08000144   Section       28  __scatter_zi.o(!!handler_zi)
    .ARM.Collect$$libinit$$00000000          0x08000160   Section        2  libinit.o(.ARM.Collect$$libinit$$00000000)
    .ARM.Collect$$libinit$$00000002          0x08000162   Section        0  libinit2.o(.ARM.Collect$$libinit$$00000002)
    .ARM.Collect$$libinit$$00000004          0x08000162   Section        0  libinit2.o(.ARM.Collect$$libinit$$00000004)
    .ARM.Collect$$libinit$$0000000A          0x08000162   Section        0  libinit2.o(.ARM.Collect$$libinit$$0000000A)
    .ARM.Collect$$libinit$$0000000C          0x08000162   Section        0  libinit2.o(.ARM.Collect$$libinit$$0000000C)
    .ARM.Collect$$libinit$$0000000E          0x08000162   Section        0  libinit2.o(.ARM.Collect$$libinit$$0000000E)
    .ARM.Collect$$libinit$$00000011          0x08000162   Section        0  libinit2.o(.ARM.Collect$$libinit$$00000011)
    .ARM.Collect$$libinit$$00000013          0x08000162   Section        0  libinit2.o(.ARM.Collect$$libinit$$00000013)
    .ARM.Collect$$libinit$$00000015          0x08000162   Section        0  libinit2.o(.ARM.Collect$$libinit$$00000015)
    .ARM.Collect$$libinit$$00000017          0x08000162   Section        0  libinit2.o(.ARM.Collect$$libinit$$00000017)
    .ARM.Collect$$libinit$$00000019          0x08000162   Section        0  libinit2.o(.ARM.Collect$$libinit$$00000019)
    .ARM.Collect$$libinit$$0000001B          0x08000162   Section        0  libinit2.o(.ARM.Collect$$libinit$$0000001B)
    .ARM.Collect$$libinit$$0000001D          0x08000162   Section        0  libinit2.o(.ARM.Collect$$libinit$$0000001D)
    .ARM.Collect$$libinit$$0000001F          0x08000162   Section        0  libinit2.o(.ARM.Collect$$libinit$$0000001F)
    .ARM.Collect$$libinit$$00000021          0x08000162   Section        0  libinit2.o(.ARM.Collect$$libinit$$00000021)
    .ARM.Collect$$libinit$$00000023          0x08000162   Section        0  libinit2.o(.ARM.Collect$$libinit$$00000023)
    .ARM.Collect$$libinit$$00000025          0x08000162   Section        0  libinit2.o(.ARM.Collect$$libinit$$00000025)
    .ARM.Collect$$libinit$$0000002C          0x08000162   Section        0  libinit2.o(.ARM.Collect$$libinit$$0000002C)
    .ARM.Collect$$libinit$$0000002E          0x08000162   Section        0  libinit2.o(.ARM.Collect$$libinit$$0000002E)
    .ARM.Collect$$libinit$$00000030          0x08000162   Section        0  libinit2.o(.ARM.Collect$$libinit$$00000030)
    .ARM.Collect$$libinit$$00000032          0x08000162   Section        0  libinit2.o(.ARM.Collect$$libinit$$00000032)
    .ARM.Collect$$libinit$$00000033          0x08000162   Section        2  libinit2.o(.ARM.Collect$$libinit$$00000033)
    .ARM.Collect$$libshutdown$$00000000      0x08000164   Section        2  libshutdown.o(.ARM.Collect$$libshutdown$$00000000)
    .ARM.Collect$$libshutdown$$00000002      0x08000166   Section        0  libshutdown2.o(.ARM.Collect$$libshutdown$$00000002)
    .ARM.Collect$$libshutdown$$00000004      0x08000166   Section        0  libshutdown2.o(.ARM.Collect$$libshutdown$$00000004)
    .ARM.Collect$$libshutdown$$00000007      0x08000166   Section        0  libshutdown2.o(.ARM.Collect$$libshutdown$$00000007)
    .ARM.Collect$$libshutdown$$0000000A      0x08000166   Section        0  libshutdown2.o(.ARM.Collect$$libshutdown$$0000000A)
    .ARM.Collect$$libshutdown$$0000000C      0x08000166   Section        0  libshutdown2.o(.ARM.Collect$$libshutdown$$0000000C)
    .ARM.Collect$$libshutdown$$0000000F      0x08000166   Section        0  libshutdown2.o(.ARM.Collect$$libshutdown$$0000000F)
    .ARM.Collect$$libshutdown$$00000010      0x08000166   Section        2  libshutdown2.o(.ARM.Collect$$libshutdown$$00000010)
    .ARM.Collect$$rtentry$$00000000          0x08000168   Section        0  __rtentry.o(.ARM.Collect$$rtentry$$00000000)
    .ARM.Collect$$rtentry$$00000002          0x08000168   Section        0  __rtentry2.o(.ARM.Collect$$rtentry$$00000002)
    .ARM.Collect$$rtentry$$00000004          0x08000168   Section        6  __rtentry4.o(.ARM.Collect$$rtentry$$00000004)
    .ARM.Collect$$rtentry$$00000009          0x0800016e   Section        0  __rtentry2.o(.ARM.Collect$$rtentry$$00000009)
    .ARM.Collect$$rtentry$$0000000A          0x0800016e   Section        4  __rtentry2.o(.ARM.Collect$$rtentry$$0000000A)
    .ARM.Collect$$rtentry$$0000000C          0x08000172   Section        0  __rtentry2.o(.ARM.Collect$$rtentry$$0000000C)
    .ARM.Collect$$rtentry$$0000000D          0x08000172   Section        8  __rtentry2.o(.ARM.Collect$$rtentry$$0000000D)
    .ARM.Collect$$rtexit$$00000000           0x0800017a   Section        2  rtexit.o(.ARM.Collect$$rtexit$$00000000)
    .ARM.Collect$$rtexit$$00000002           0x0800017c   Section        0  rtexit2.o(.ARM.Collect$$rtexit$$00000002)
    .ARM.Collect$$rtexit$$00000003           0x0800017c   Section        4  rtexit2.o(.ARM.Collect$$rtexit$$00000003)
    .ARM.Collect$$rtexit$$00000004           0x08000180   Section        6  rtexit2.o(.ARM.Collect$$rtexit$$00000004)
    .text                                    0x08000188   Section       64  startup_stm32f10x_md.o(.text)
    .text                                    0x080001c8   Section      138  rt_memcpy_v6.o(.text)
    .text                                    0x08000252   Section       16  aeabi_memset4.o(.text)
    .text                                    0x08000262   Section        0  heapauxi.o(.text)
    .text                                    0x08000268   Section      100  rt_memcpy_w.o(.text)
    .text                                    0x080002cc   Section       78  rt_memclr_w.o(.text)
    .text                                    0x0800031a   Section       74  sys_stackheap_outer.o(.text)
    .text                                    0x08000364   Section        0  exit.o(.text)
    .text                                    0x08000378   Section        8  libspace.o(.text)
    .text                                    0x08000380   Section        0  sys_exit.o(.text)
    .text                                    0x0800038c   Section        2  use_no_semi.o(.text)
    .text                                    0x0800038e   Section        0  indicate_semi.o(.text)
    [Anonymous Symbol]                       0x08000390   Section        0  main.o(.text.EXTI0_IRQHandler)
    [Anonymous Symbol]                       0x080003a0   Section        0  stm32f10x_exti.o(.text.EXTI_ClearITPendingBit)
    [Anonymous Symbol]                       0x080003b4   Section        0  stm32f10x_exti.o(.text.EXTI_Init)
    [Anonymous Symbol]                       0x080004a8   Section        0  stm32f10x_gpio.o(.text.GPIO_EXTILineConfig)
    [Anonymous Symbol]                       0x08000514   Section        0  stm32f10x_gpio.o(.text.GPIO_Init)
    [Anonymous Symbol]                       0x080006a4   Section        0  stm32f10x_gpio.o(.text.GPIO_WriteBit)
    [Anonymous Symbol]                       0x080006e0   Section        0  port.o(.text.PendSV_Handler)
    pxCurrentTCBConst                        0x08000720   Number         0  port.o(.text.PendSV_Handler)
    [Anonymous Symbol]                       0x08000724   Section        0  stm32f10x_rcc.o(.text.RCC_APB2PeriphClockCmd)
    [Anonymous Symbol]                       0x08000764   Section        0  stm32f10x_rcc.o(.text.RCC_GetClocksFreq)
    [Anonymous Symbol]                       0x080008e0   Section        0  port.o(.text.SVC_Handler)
    pxCurrentTCBConst2                       0x08000900   Number         0  port.o(.text.SVC_Handler)
    SetSysClock                              0x08000905   Thumb Code     8  system_stm32f10x.o(.text.SetSysClock)
    [Anonymous Symbol]                       0x08000904   Section        0  system_stm32f10x.o(.text.SetSysClock)
    SetSysClockTo72                          0x0800090d   Thumb Code   290  system_stm32f10x.o(.text.SetSysClockTo72)
    [Anonymous Symbol]                       0x0800090c   Section        0  system_stm32f10x.o(.text.SetSysClockTo72)
    [Anonymous Symbol]                       0x08000a30   Section        0  port.o(.text.SysTick_Handler)
    [Anonymous Symbol]                       0x08000a70   Section        0  system_stm32f10x.o(.text.SystemInit)
    [Anonymous Symbol]                       0x08000ad8   Section        0  stm32f10x_usart.o(.text.USART_Cmd)
    [Anonymous Symbol]                       0x08000b08   Section        0  stm32f10x_usart.o(.text.USART_Init)
    __NVIC_EnableIRQ                         0x08000c69   Thumb Code    52  prv_periph.o(.text.__NVIC_EnableIRQ)
    [Anonymous Symbol]                       0x08000c68   Section        0  prv_periph.o(.text.__NVIC_EnableIRQ)
    __NVIC_SetPriority                       0x08000c9d   Thumb Code    68  prv_periph.o(.text.__NVIC_SetPriority)
    [Anonymous Symbol]                       0x08000c9c   Section        0  prv_periph.o(.text.__NVIC_SetPriority)
    [Anonymous Symbol]                       0x08000ce0   Section        0  main.o(.text.button_handler)
    [Anonymous Symbol]                       0x08000cf4   Section        0  tasks.o(.text.eTaskConfirmSleepModeStatus)
    [Anonymous Symbol]                       0x08000d60   Section        0  prv_periph.o(.text.gpio_init)
    [Anonymous Symbol]                       0x08000de8   Section        0  main.o(.text.led_task_handler)
    [Anonymous Symbol]                       0x08000e2c   Section        0  main.o(.text.main)
    prvAddCurrentTaskToDelayedList           0x08000e69   Thumb Code   260  tasks.o(.text.prvAddCurrentTaskToDelayedList)
    [Anonymous Symbol]                       0x08000e68   Section        0  tasks.o(.text.prvAddCurrentTaskToDelayedList)
    prvAddNewTaskToReadyList                 0x08000f6d   Thumb Code   290  tasks.o(.text.prvAddNewTaskToReadyList)
    [Anonymous Symbol]                       0x08000f6c   Section        0  tasks.o(.text.prvAddNewTaskToReadyList)
    prvCheckForValidListAndQueue             0x08001091   Thumb Code   108  timers.o(.text.prvCheckForValidListAndQueue)
    [Anonymous Symbol]                       0x08001090   Section        0  timers.o(.text.prvCheckForValidListAndQueue)
    prvCheckTasksWaitingTermination          0x080010fd   Thumb Code    94  tasks.o(.text.prvCheckTasksWaitingTermination)
    [Anonymous Symbol]                       0x080010fc   Section        0  tasks.o(.text.prvCheckTasksWaitingTermination)
    prvCopyDataFromQueue                     0x0800115d   Thumb Code    74  queue.o(.text.prvCopyDataFromQueue)
    [Anonymous Symbol]                       0x0800115c   Section        0  queue.o(.text.prvCopyDataFromQueue)
    prvCopyDataToQueue                       0x080011a9   Thumb Code   224  queue.o(.text.prvCopyDataToQueue)
    [Anonymous Symbol]                       0x080011a8   Section        0  queue.o(.text.prvCopyDataToQueue)
    prvDeleteTCB                             0x08001289   Thumb Code    24  tasks.o(.text.prvDeleteTCB)
    [Anonymous Symbol]                       0x08001288   Section        0  tasks.o(.text.prvDeleteTCB)
    prvGetExpectedIdleTime                   0x080012a1   Thumb Code   128  tasks.o(.text.prvGetExpectedIdleTime)
    [Anonymous Symbol]                       0x080012a0   Section        0  tasks.o(.text.prvGetExpectedIdleTime)
    prvGetNextExpireTime                     0x08001321   Thumb Code    66  timers.o(.text.prvGetNextExpireTime)
    [Anonymous Symbol]                       0x08001320   Section        0  timers.o(.text.prvGetNextExpireTime)
    prvHeapInit                              0x08001365   Thumb Code   190  heap_4.o(.text.prvHeapInit)
    [Anonymous Symbol]                       0x08001364   Section        0  heap_4.o(.text.prvHeapInit)
    prvIdleTask                              0x08001425   Thumb Code   154  tasks.o(.text.prvIdleTask)
    [Anonymous Symbol]                       0x08001424   Section        0  tasks.o(.text.prvIdleTask)
    prvInitialiseNewQueue                    0x080014c1   Thumb Code    82  queue.o(.text.prvInitialiseNewQueue)
    [Anonymous Symbol]                       0x080014c0   Section        0  queue.o(.text.prvInitialiseNewQueue)
    prvInitialiseNewTask                     0x08001515   Thumb Code   312  tasks.o(.text.prvInitialiseNewTask)
    [Anonymous Symbol]                       0x08001514   Section        0  tasks.o(.text.prvInitialiseNewTask)
    prvInitialiseTaskLists                   0x0800164d   Thumb Code   142  tasks.o(.text.prvInitialiseTaskLists)
    [Anonymous Symbol]                       0x0800164c   Section        0  tasks.o(.text.prvInitialiseTaskLists)
    prvInsertBlockIntoFreeList               0x080016dd   Thumb Code   198  heap_4.o(.text.prvInsertBlockIntoFreeList)
    [Anonymous Symbol]                       0x080016dc   Section        0  heap_4.o(.text.prvInsertBlockIntoFreeList)
    prvInsertTimerInActiveList               0x080017a5   Thumb Code   134  timers.o(.text.prvInsertTimerInActiveList)
    [Anonymous Symbol]                       0x080017a4   Section        0  timers.o(.text.prvInsertTimerInActiveList)
    prvIsQueueEmpty                          0x0800182d   Thumb Code    42  queue.o(.text.prvIsQueueEmpty)
    [Anonymous Symbol]                       0x0800182c   Section        0  queue.o(.text.prvIsQueueEmpty)
    prvIsQueueFull                           0x08001859   Thumb Code    46  queue.o(.text.prvIsQueueFull)
    [Anonymous Symbol]                       0x08001858   Section        0  queue.o(.text.prvIsQueueFull)
    prvNotifyQueueSetContainer               0x08001889   Thumb Code   192  queue.o(.text.prvNotifyQueueSetContainer)
    [Anonymous Symbol]                       0x08001888   Section        0  queue.o(.text.prvNotifyQueueSetContainer)
    prvPortStartFirstTask                    0x08001949   Thumb Code    26  port.o(.text.prvPortStartFirstTask)
    [Anonymous Symbol]                       0x08001948   Section        0  port.o(.text.prvPortStartFirstTask)
    prvProcessExpiredTimer                   0x08001969   Thumb Code   154  timers.o(.text.prvProcessExpiredTimer)
    [Anonymous Symbol]                       0x08001968   Section        0  timers.o(.text.prvProcessExpiredTimer)
    prvProcessReceivedCommands               0x08001a05   Thumb Code   438  timers.o(.text.prvProcessReceivedCommands)
    [Anonymous Symbol]                       0x08001a04   Section        0  timers.o(.text.prvProcessReceivedCommands)
    prvProcessTimerOrBlockTask               0x08001bbd   Thumb Code   168  timers.o(.text.prvProcessTimerOrBlockTask)
    [Anonymous Symbol]                       0x08001bbc   Section        0  timers.o(.text.prvProcessTimerOrBlockTask)
    prvResetNextTaskUnblockTime              0x08001c65   Thumb Code    72  tasks.o(.text.prvResetNextTaskUnblockTime)
    [Anonymous Symbol]                       0x08001c64   Section        0  tasks.o(.text.prvResetNextTaskUnblockTime)
    prvSampleTimeNow                         0x08001cad   Thumb Code    68  timers.o(.text.prvSampleTimeNow)
    [Anonymous Symbol]                       0x08001cac   Section        0  timers.o(.text.prvSampleTimeNow)
    prvSwitchTimerLists                      0x08001cf1   Thumb Code   218  timers.o(.text.prvSwitchTimerLists)
    [Anonymous Symbol]                       0x08001cf0   Section        0  timers.o(.text.prvSwitchTimerLists)
    prvTaskExitError                         0x08001dcd   Thumb Code    80  port.o(.text.prvTaskExitError)
    [Anonymous Symbol]                       0x08001dcc   Section        0  port.o(.text.prvTaskExitError)
    prvTimerTask                             0x08001e1d   Thumb Code    30  timers.o(.text.prvTimerTask)
    [Anonymous Symbol]                       0x08001e1c   Section        0  timers.o(.text.prvTimerTask)
    prvUnlockQueue                           0x08001e3d   Thumb Code   216  queue.o(.text.prvUnlockQueue)
    [Anonymous Symbol]                       0x08001e3c   Section        0  queue.o(.text.prvUnlockQueue)
    [Anonymous Symbol]                       0x08001f14   Section        0  prv_periph.o(.text.prv_periph_init)
    [Anonymous Symbol]                       0x08001f20   Section        0  heap_4.o(.text.pvPortMalloc)
    [Anonymous Symbol]                       0x0800211c   Section        0  port.o(.text.pxPortInitialiseStack)
    [Anonymous Symbol]                       0x0800216c   Section        0  prv_periph.o(.text.uart1_init)
    [Anonymous Symbol]                       0x080021e0   Section        0  list.o(.text.uxListRemove)
    [Anonymous Symbol]                       0x08002228   Section        0  list.o(.text.vListInitialise)
    [Anonymous Symbol]                       0x08002258   Section        0  list.o(.text.vListInitialiseItem)
    [Anonymous Symbol]                       0x08002268   Section        0  list.o(.text.vListInsert)
    [Anonymous Symbol]                       0x080022d4   Section        0  list.o(.text.vListInsertEnd)
    [Anonymous Symbol]                       0x08002310   Section        0  port.o(.text.vPortEnterCritical)
    [Anonymous Symbol]                       0x08002368   Section        0  port.o(.text.vPortExitCritical)
    [Anonymous Symbol]                       0x080023b8   Section        0  heap_4.o(.text.vPortFree)
    [Anonymous Symbol]                       0x0800248c   Section        0  port.o(.text.vPortSetupTimerInterrupt)
    [Anonymous Symbol]                       0x08002518   Section        0  port.o(.text.vPortSuppressTicksAndSleep)
    [Anonymous Symbol]                       0x08002728   Section        0  port.o(.text.vPortValidateInterruptPriority)
    [Anonymous Symbol]                       0x080027ac   Section        0  queue.o(.text.vQueueWaitForMessageRestricted)
    [Anonymous Symbol]                       0x08002818   Section        0  tasks.o(.text.vTaskInternalSetTimeOutState)
    [Anonymous Symbol]                       0x0800283c   Section        0  tasks.o(.text.vTaskMissedYield)
    [Anonymous Symbol]                       0x0800284c   Section        0  tasks.o(.text.vTaskPlaceOnEventList)
    [Anonymous Symbol]                       0x08002890   Section        0  tasks.o(.text.vTaskPlaceOnEventListRestricted)
    [Anonymous Symbol]                       0x080028e8   Section        0  tasks.o(.text.vTaskStartScheduler)
    [Anonymous Symbol]                       0x080029a8   Section        0  tasks.o(.text.vTaskStepTick)
    [Anonymous Symbol]                       0x080029f4   Section        0  tasks.o(.text.vTaskSuspendAll)
    [Anonymous Symbol]                       0x08002a04   Section        0  tasks.o(.text.vTaskSwitchContext)
    [Anonymous Symbol]                       0x08002ac8   Section        0  port.o(.text.xPortStartScheduler)
    [Anonymous Symbol]                       0x08002bb0   Section        0  queue.o(.text.xQueueGenericCreate)
    [Anonymous Symbol]                       0x08002c24   Section        0  queue.o(.text.xQueueGenericReset)
    [Anonymous Symbol]                       0x08002ce8   Section        0  queue.o(.text.xQueueGenericSend)
    [Anonymous Symbol]                       0x08002f80   Section        0  queue.o(.text.xQueueGenericSendFromISR)
    [Anonymous Symbol]                       0x08003120   Section        0  queue.o(.text.xQueueReceive)
    [Anonymous Symbol]                       0x08003320   Section        0  tasks.o(.text.xTaskCheckForTimeOut)
    [Anonymous Symbol]                       0x08003420   Section        0  tasks.o(.text.xTaskCreate)
    [Anonymous Symbol]                       0x080034c8   Section        0  tasks.o(.text.xTaskGetSchedulerState)
    [Anonymous Symbol]                       0x08003504   Section        0  tasks.o(.text.xTaskGetTickCount)
    [Anonymous Symbol]                       0x08003518   Section        0  tasks.o(.text.xTaskIncrementTick)
    [Anonymous Symbol]                       0x080036e0   Section        0  tasks.o(.text.xTaskPriorityDisinherit)
    [Anonymous Symbol]                       0x08003808   Section        0  tasks.o(.text.xTaskRemoveFromEventList)
    [Anonymous Symbol]                       0x080038d8   Section        0  tasks.o(.text.xTaskResumeAll)
    [Anonymous Symbol]                       0x08003a64   Section        0  timers.o(.text.xTimerCreateTimerTask)
    [Anonymous Symbol]                       0x08003ad4   Section        0  timers.o(.text.xTimerGenericCommand)
    ADCPrescTable                            0x08003b8a   Data           4  stm32f10x_rcc.o(.rodata.ADCPrescTable)
    [Anonymous Symbol]                       0x08003b8a   Section        0  stm32f10x_rcc.o(.rodata.ADCPrescTable)
    APBAHBPrescTable                         0x08003b8e   Data          16  stm32f10x_rcc.o(.rodata.APBAHBPrescTable)
    [Anonymous Symbol]                       0x08003b8e   Section        0  stm32f10x_rcc.o(.rodata.APBAHBPrescTable)
    .L.str                                   0x08003b9e   Data           9  main.o(.rodata.str1.1)
    [Anonymous Symbol]                       0x08003b9e   Section        0  main.o(.rodata.str1.1)
    .L.str                                   0x08003ba7   Data           5  tasks.o(.rodata.str1.1)
    [Anonymous Symbol]                       0x08003ba7   Section        0  tasks.o(.rodata.str1.1)
    .L.str                                   0x08003bac   Data           8  timers.o(.rodata.str1.1)
    [Anonymous Symbol]                       0x08003bac   Section        0  timers.o(.rodata.str1.1)
    uxCriticalNesting                        0x20000004   Data           4  port.o(.data.uxCriticalNesting)
    [Anonymous Symbol]                       0x20000004   Section        0  port.o(.data.uxCriticalNesting)
    .bss                                     0x20000008   Section       96  libspace.o(.bss)
    prvSampleTimeNow.xLastTime               0x2000006c   Data           4  timers.o(.bss.prvSampleTimeNow.xLastTime)
    [Anonymous Symbol]                       0x2000006c   Section        0  timers.o(.bss.prvSampleTimeNow.xLastTime)
    pxCurrentTimerList                       0x20000074   Data           4  timers.o(.bss.pxCurrentTimerList)
    [Anonymous Symbol]                       0x20000074   Section        0  timers.o(.bss.pxCurrentTimerList)
    pxDelayedTaskList                        0x20000078   Data           4  tasks.o(.bss.pxDelayedTaskList)
    [Anonymous Symbol]                       0x20000078   Section        0  tasks.o(.bss.pxDelayedTaskList)
    pxEnd                                    0x2000007c   Data           4  heap_4.o(.bss.pxEnd)
    [Anonymous Symbol]                       0x2000007c   Section        0  heap_4.o(.bss.pxEnd)
    pxOverflowDelayedTaskList                0x20000080   Data           4  tasks.o(.bss.pxOverflowDelayedTaskList)
    [Anonymous Symbol]                       0x20000080   Section        0  tasks.o(.bss.pxOverflowDelayedTaskList)
    pxOverflowTimerList                      0x20000084   Data           4  timers.o(.bss.pxOverflowTimerList)
    [Anonymous Symbol]                       0x20000084   Section        0  timers.o(.bss.pxOverflowTimerList)
    pxReadyTasksLists                        0x20000088   Data         100  tasks.o(.bss.pxReadyTasksLists)
    [Anonymous Symbol]                       0x20000088   Section        0  tasks.o(.bss.pxReadyTasksLists)
    ucHeap                                   0x200000ec   Data        6000  heap_4.o(.bss.ucHeap)
    [Anonymous Symbol]                       0x200000ec   Section        0  heap_4.o(.bss.ucHeap)
    ucMaxSysCallPriority                     0x2000185c   Data           1  port.o(.bss.ucMaxSysCallPriority)
    [Anonymous Symbol]                       0x2000185c   Section        0  port.o(.bss.ucMaxSysCallPriority)
    ulMaxPRIGROUPValue                       0x20001860   Data           4  port.o(.bss.ulMaxPRIGROUPValue)
    [Anonymous Symbol]                       0x20001860   Section        0  port.o(.bss.ulMaxPRIGROUPValue)
    ulStoppedTimerCompensation               0x20001864   Data           4  port.o(.bss.ulStoppedTimerCompensation)
    [Anonymous Symbol]                       0x20001864   Section        0  port.o(.bss.ulStoppedTimerCompensation)
    ulTimerCountsForOneTick                  0x20001868   Data           4  port.o(.bss.ulTimerCountsForOneTick)
    [Anonymous Symbol]                       0x20001868   Section        0  port.o(.bss.ulTimerCountsForOneTick)
    uxCurrentNumberOfTasks                   0x2000186c   Data           4  tasks.o(.bss.uxCurrentNumberOfTasks)
    [Anonymous Symbol]                       0x2000186c   Section        0  tasks.o(.bss.uxCurrentNumberOfTasks)
    uxDeletedTasksWaitingCleanUp             0x20001870   Data           4  tasks.o(.bss.uxDeletedTasksWaitingCleanUp)
    [Anonymous Symbol]                       0x20001870   Section        0  tasks.o(.bss.uxDeletedTasksWaitingCleanUp)
    uxSchedulerSuspended                     0x20001874   Data           4  tasks.o(.bss.uxSchedulerSuspended)
    [Anonymous Symbol]                       0x20001874   Section        0  tasks.o(.bss.uxSchedulerSuspended)
    uxTaskNumber                             0x20001878   Data           4  tasks.o(.bss.uxTaskNumber)
    [Anonymous Symbol]                       0x20001878   Section        0  tasks.o(.bss.uxTaskNumber)
    uxTopReadyPriority                       0x2000187c   Data           4  tasks.o(.bss.uxTopReadyPriority)
    [Anonymous Symbol]                       0x2000187c   Section        0  tasks.o(.bss.uxTopReadyPriority)
    xActiveTimerList1                        0x20001880   Data          20  timers.o(.bss.xActiveTimerList1)
    [Anonymous Symbol]                       0x20001880   Section        0  timers.o(.bss.xActiveTimerList1)
    xActiveTimerList2                        0x20001894   Data          20  timers.o(.bss.xActiveTimerList2)
    [Anonymous Symbol]                       0x20001894   Section        0  timers.o(.bss.xActiveTimerList2)
    xBlockAllocatedBit                       0x200018a8   Data           4  heap_4.o(.bss.xBlockAllocatedBit)
    [Anonymous Symbol]                       0x200018a8   Section        0  heap_4.o(.bss.xBlockAllocatedBit)
    xDelayedTaskList1                        0x200018ac   Data          20  tasks.o(.bss.xDelayedTaskList1)
    [Anonymous Symbol]                       0x200018ac   Section        0  tasks.o(.bss.xDelayedTaskList1)
    xDelayedTaskList2                        0x200018c0   Data          20  tasks.o(.bss.xDelayedTaskList2)
    [Anonymous Symbol]                       0x200018c0   Section        0  tasks.o(.bss.xDelayedTaskList2)
    xFreeBytesRemaining                      0x200018d4   Data           4  heap_4.o(.bss.xFreeBytesRemaining)
    [Anonymous Symbol]                       0x200018d4   Section        0  heap_4.o(.bss.xFreeBytesRemaining)
    xIdleTaskHandle                          0x200018d8   Data           4  tasks.o(.bss.xIdleTaskHandle)
    [Anonymous Symbol]                       0x200018d8   Section        0  tasks.o(.bss.xIdleTaskHandle)
    xMaximumPossibleSuppressedTicks          0x200018dc   Data           4  port.o(.bss.xMaximumPossibleSuppressedTicks)
    [Anonymous Symbol]                       0x200018dc   Section        0  port.o(.bss.xMaximumPossibleSuppressedTicks)
    xMinimumEverFreeBytesRemaining           0x200018e0   Data           4  heap_4.o(.bss.xMinimumEverFreeBytesRemaining)
    [Anonymous Symbol]                       0x200018e0   Section        0  heap_4.o(.bss.xMinimumEverFreeBytesRemaining)
    xNextTaskUnblockTime                     0x200018e4   Data           4  tasks.o(.bss.xNextTaskUnblockTime)
    [Anonymous Symbol]                       0x200018e4   Section        0  tasks.o(.bss.xNextTaskUnblockTime)
    xNumOfOverflows                          0x200018e8   Data           4  tasks.o(.bss.xNumOfOverflows)
    [Anonymous Symbol]                       0x200018e8   Section        0  tasks.o(.bss.xNumOfOverflows)
    xNumberOfSuccessfulAllocations           0x200018ec   Data           4  heap_4.o(.bss.xNumberOfSuccessfulAllocations)
    [Anonymous Symbol]                       0x200018ec   Section        0  heap_4.o(.bss.xNumberOfSuccessfulAllocations)
    xNumberOfSuccessfulFrees                 0x200018f0   Data           4  heap_4.o(.bss.xNumberOfSuccessfulFrees)
    [Anonymous Symbol]                       0x200018f0   Section        0  heap_4.o(.bss.xNumberOfSuccessfulFrees)
    xPendedTicks                             0x200018f4   Data           4  tasks.o(.bss.xPendedTicks)
    [Anonymous Symbol]                       0x200018f4   Section        0  tasks.o(.bss.xPendedTicks)
    xPendingReadyList                        0x200018f8   Data          20  tasks.o(.bss.xPendingReadyList)
    [Anonymous Symbol]                       0x200018f8   Section        0  tasks.o(.bss.xPendingReadyList)
    xSchedulerRunning                        0x2000190c   Data           4  tasks.o(.bss.xSchedulerRunning)
    [Anonymous Symbol]                       0x2000190c   Section        0  tasks.o(.bss.xSchedulerRunning)
    xStart                                   0x20001910   Data           8  heap_4.o(.bss.xStart)
    [Anonymous Symbol]                       0x20001910   Section        0  heap_4.o(.bss.xStart)
    xSuspendedTaskList                       0x20001918   Data          20  tasks.o(.bss.xSuspendedTaskList)
    [Anonymous Symbol]                       0x20001918   Section        0  tasks.o(.bss.xSuspendedTaskList)
    xTasksWaitingTermination                 0x2000192c   Data          20  tasks.o(.bss.xTasksWaitingTermination)
    [Anonymous Symbol]                       0x2000192c   Section        0  tasks.o(.bss.xTasksWaitingTermination)
    xTickCount                               0x20001940   Data           4  tasks.o(.bss.xTickCount)
    [Anonymous Symbol]                       0x20001940   Section        0  tasks.o(.bss.xTickCount)
    xTimerQueue                              0x20001944   Data           4  timers.o(.bss.xTimerQueue)
    [Anonymous Symbol]                       0x20001944   Section        0  timers.o(.bss.xTimerQueue)
    xTimerTaskHandle                         0x20001948   Data           4  timers.o(.bss.xTimerTaskHandle)
    [Anonymous Symbol]                       0x20001948   Section        0  timers.o(.bss.xTimerTaskHandle)
    xYieldPending                            0x2000194c   Data           4  tasks.o(.bss.xYieldPending)
    [Anonymous Symbol]                       0x2000194c   Section        0  tasks.o(.bss.xYieldPending)
    Heap_Mem                                 0x20001950   Data        1024  startup_stm32f10x_md.o(HEAP)
    HEAP                                     0x20001950   Section     1024  startup_stm32f10x_md.o(HEAP)
    Stack_Mem                                0x20001d50   Data        1024  startup_stm32f10x_md.o(STACK)
    STACK                                    0x20001d50   Section     1024  startup_stm32f10x_md.o(STACK)
    __initial_sp                             0x20002150   Data           0  startup_stm32f10x_md.o(STACK)

    Global Symbols

    Symbol Name                              Value     Ov Type        Size  Object(Section)

    BuildAttributes$$THM_ISAv4$P$D$K$B$S$PE$A:L22UL41UL21$X:L11$S22US41US21$IEEE1$IW$~IW$USESV6$~STKCKD$USESV7$~SHL$OSPACE$ROPI$EBA8$UX$STANDARDLIB$REQ8$PRES8$EABIv2 0x00000000   Number         0  anon$$obj.o ABSOLUTE
    __fp_init_empty                          0x00000000   Number         0  fpinit_empty.o ABSOLUTE
    __ARM_exceptions_init                     - Undefined Weak Reference
    __alloca_initialize                       - Undefined Weak Reference
    __arm_preinit_                            - Undefined Weak Reference
    __cpp_initialize__aeabi_                  - Undefined Weak Reference
    __cxa_finalize                            - Undefined Weak Reference
    __rt_locale                               - Undefined Weak Reference
    __sigvec_lookup                           - Undefined Weak Reference
    _atexit_init                              - Undefined Weak Reference
    _call_atexit_fns                          - Undefined Weak Reference
    _clock_init                               - Undefined Weak Reference
    _fp_trap_init                             - Undefined Weak Reference
    _fp_trap_shutdown                         - Undefined Weak Reference
    _get_lc_collate                           - Undefined Weak Reference
    _get_lc_ctype                             - Undefined Weak Reference
    _get_lc_monetary                          - Undefined Weak Reference
    _get_lc_numeric                           - Undefined Weak Reference
    _get_lc_time                              - Undefined Weak Reference
    _getenv_init                              - Undefined Weak Reference
    _handle_redirection                       - Undefined Weak Reference
    _init_alloc                               - Undefined Weak Reference
    _init_user_alloc                          - Undefined Weak Reference
    _initio                                   - Undefined Weak Reference
    _rand_init                                - Undefined Weak Reference
    _signal_finish                            - Undefined Weak Reference
    _signal_init                              - Undefined Weak Reference
    _terminate_alloc                          - Undefined Weak Reference
    _terminate_user_alloc                     - Undefined Weak Reference
    _terminateio                              - Undefined Weak Reference
    __Vectors_Size                           0x000000ec   Number         0  startup_stm32f10x_md.o ABSOLUTE
    __Vectors                                0x08000000   Data           4  startup_stm32f10x_md.o(RESET)
    __Vectors_End                            0x080000ec   Data           0  startup_stm32f10x_md.o(RESET)
    __main                                   0x080000ed   Thumb Code     8  __main.o(!!!main)
    __scatterload                            0x080000f5   Thumb Code     0  __scatter.o(!!!scatter)
    __scatterload_rt2                        0x080000f5   Thumb Code    44  __scatter.o(!!!scatter)
    __scatterload_rt2_thumb_only             0x080000f5   Thumb Code     0  __scatter.o(!!!scatter)
    __scatterload_null                       0x08000103   Thumb Code     0  __scatter.o(!!!scatter)
    __scatterload_copy                       0x08000129   Thumb Code    26  __scatter_copy.o(!!handler_copy)
    __scatterload_zeroinit                   0x08000145   Thumb Code    28  __scatter_zi.o(!!handler_zi)
    __rt_lib_init                            0x08000161   Thumb Code     0  libinit.o(.ARM.Collect$$libinit$$00000000)
    __rt_lib_init_alloca_1                   0x08000163   Thumb Code     0  libinit2.o(.ARM.Collect$$libinit$$0000002E)
    __rt_lib_init_argv_1                     0x08000163   Thumb Code     0  libinit2.o(.ARM.Collect$$libinit$$0000002C)
    __rt_lib_init_atexit_1                   0x08000163   Thumb Code     0  libinit2.o(.ARM.Collect$$libinit$$0000001B)
    __rt_lib_init_clock_1                    0x08000163   Thumb Code     0  libinit2.o(.ARM.Collect$$libinit$$00000021)
    __rt_lib_init_cpp_1                      0x08000163   Thumb Code     0  libinit2.o(.ARM.Collect$$libinit$$00000032)
    __rt_lib_init_exceptions_1               0x08000163   Thumb Code     0  libinit2.o(.ARM.Collect$$libinit$$00000030)
    __rt_lib_init_fp_1                       0x08000163   Thumb Code     0  libinit2.o(.ARM.Collect$$libinit$$00000002)
    __rt_lib_init_fp_trap_1                  0x08000163   Thumb Code     0  libinit2.o(.ARM.Collect$$libinit$$0000001F)
    __rt_lib_init_getenv_1                   0x08000163   Thumb Code     0  libinit2.o(.ARM.Collect$$libinit$$00000023)
    __rt_lib_init_heap_1                     0x08000163   Thumb Code     0  libinit2.o(.ARM.Collect$$libinit$$0000000A)
    __rt_lib_init_lc_collate_1               0x08000163   Thumb Code     0  libinit2.o(.ARM.Collect$$libinit$$00000011)
    __rt_lib_init_lc_ctype_1                 0x08000163   Thumb Code     0  libinit2.o(.ARM.Collect$$libinit$$00000013)
    __rt_lib_init_lc_monetary_1              0x08000163   Thumb Code     0  libinit2.o(.ARM.Collect$$libinit$$00000015)
    __rt_lib_init_lc_numeric_1               0x08000163   Thumb Code     0  libinit2.o(.ARM.Collect$$libinit$$00000017)
    __rt_lib_init_lc_time_1                  0x08000163   Thumb Code     0  libinit2.o(.ARM.Collect$$libinit$$00000019)
    __rt_lib_init_preinit_1                  0x08000163   Thumb Code     0  libinit2.o(.ARM.Collect$$libinit$$00000004)
    __rt_lib_init_rand_1                     0x08000163   Thumb Code     0  libinit2.o(.ARM.Collect$$libinit$$0000000E)
    __rt_lib_init_return                     0x08000163   Thumb Code     0  libinit2.o(.ARM.Collect$$libinit$$00000033)
    __rt_lib_init_signal_1                   0x08000163   Thumb Code     0  libinit2.o(.ARM.Collect$$libinit$$0000001D)
    __rt_lib_init_stdio_1                    0x08000163   Thumb Code     0  libinit2.o(.ARM.Collect$$libinit$$00000025)
    __rt_lib_init_user_alloc_1               0x08000163   Thumb Code     0  libinit2.o(.ARM.Collect$$libinit$$0000000C)
    __rt_lib_shutdown                        0x08000165   Thumb Code     0  libshutdown.o(.ARM.Collect$$libshutdown$$00000000)
    __rt_lib_shutdown_cpp_1                  0x08000167   Thumb Code     0  libshutdown2.o(.ARM.Collect$$libshutdown$$00000002)
    __rt_lib_shutdown_fp_trap_1              0x08000167   Thumb Code     0  libshutdown2.o(.ARM.Collect$$libshutdown$$00000007)
    __rt_lib_shutdown_heap_1                 0x08000167   Thumb Code     0  libshutdown2.o(.ARM.Collect$$libshutdown$$0000000F)
    __rt_lib_shutdown_return                 0x08000167   Thumb Code     0  libshutdown2.o(.ARM.Collect$$libshutdown$$00000010)
    __rt_lib_shutdown_signal_1               0x08000167   Thumb Code     0  libshutdown2.o(.ARM.Collect$$libshutdown$$0000000A)
    __rt_lib_shutdown_stdio_1                0x08000167   Thumb Code     0  libshutdown2.o(.ARM.Collect$$libshutdown$$00000004)
    __rt_lib_shutdown_user_alloc_1           0x08000167   Thumb Code     0  libshutdown2.o(.ARM.Collect$$libshutdown$$0000000C)
    __rt_entry                               0x08000169   Thumb Code     0  __rtentry.o(.ARM.Collect$$rtentry$$00000000)
    __rt_entry_presh_1                       0x08000169   Thumb Code     0  __rtentry2.o(.ARM.Collect$$rtentry$$00000002)
    __rt_entry_sh                            0x08000169   Thumb Code     0  __rtentry4.o(.ARM.Collect$$rtentry$$00000004)
    __rt_entry_li                            0x0800016f   Thumb Code     0  __rtentry2.o(.ARM.Collect$$rtentry$$0000000A)
    __rt_entry_postsh_1                      0x0800016f   Thumb Code     0  __rtentry2.o(.ARM.Collect$$rtentry$$00000009)
    __rt_entry_main                          0x08000173   Thumb Code     0  __rtentry2.o(.ARM.Collect$$rtentry$$0000000D)
    __rt_entry_postli_1                      0x08000173   Thumb Code     0  __rtentry2.o(.ARM.Collect$$rtentry$$0000000C)
    __rt_exit                                0x0800017b   Thumb Code     0  rtexit.o(.ARM.Collect$$rtexit$$00000000)
    __rt_exit_ls                             0x0800017d   Thumb Code     0  rtexit2.o(.ARM.Collect$$rtexit$$00000003)
    __rt_exit_prels_1                        0x0800017d   Thumb Code     0  rtexit2.o(.ARM.Collect$$rtexit$$00000002)
    __rt_exit_exit                           0x08000181   Thumb Code     0  rtexit2.o(.ARM.Collect$$rtexit$$00000004)
    Reset_Handler                            0x08000189   Thumb Code     8  startup_stm32f10x_md.o(.text)
    NMI_Handler                              0x08000191   Thumb Code     2  startup_stm32f10x_md.o(.text)
    HardFault_Handler                        0x08000193   Thumb Code     2  startup_stm32f10x_md.o(.text)
    MemManage_Handler                        0x08000195   Thumb Code     2  startup_stm32f10x_md.o(.text)
    BusFault_Handler                         0x08000197   Thumb Code     2  startup_stm32f10x_md.o(.text)
    UsageFault_Handler                       0x08000199   Thumb Code     2  startup_stm32f10x_md.o(.text)
    DebugMon_Handler                         0x0800019d   Thumb Code     2  startup_stm32f10x_md.o(.text)
    ADC1_2_IRQHandler                        0x080001a3   Thumb Code     0  startup_stm32f10x_md.o(.text)
    CAN1_RX1_IRQHandler                      0x080001a3   Thumb Code     0  startup_stm32f10x_md.o(.text)
    CAN1_SCE_IRQHandler                      0x080001a3   Thumb Code     0  startup_stm32f10x_md.o(.text)
    DMA1_Channel1_IRQHandler                 0x080001a3   Thumb Code     0  startup_stm32f10x_md.o(.text)
    DMA1_Channel2_IRQHandler                 0x080001a3   Thumb Code     0  startup_stm32f10x_md.o(.text)
    DMA1_Channel3_IRQHandler                 0x080001a3   Thumb Code     0  startup_stm32f10x_md.o(.text)
    DMA1_Channel4_IRQHandler                 0x080001a3   Thumb Code     0  startup_stm32f10x_md.o(.text)
    DMA1_Channel5_IRQHandler                 0x080001a3   Thumb Code     0  startup_stm32f10x_md.o(.text)
    DMA1_Channel6_IRQHandler                 0x080001a3   Thumb Code     0  startup_stm32f10x_md.o(.text)
    DMA1_Channel7_IRQHandler                 0x080001a3   Thumb Code     0  startup_stm32f10x_md.o(.text)
    EXTI15_10_IRQHandler                     0x080001a3   Thumb Code     0  startup_stm32f10x_md.o(.text)
    EXTI1_IRQHandler                         0x080001a3   Thumb Code     0  startup_stm32f10x_md.o(.text)
    EXTI2_IRQHandler                         0x080001a3   Thumb Code     0  startup_stm32f10x_md.o(.text)
    EXTI3_IRQHandler                         0x080001a3   Thumb Code     0  startup_stm32f10x_md.o(.text)
    EXTI4_IRQHandler                         0x080001a3   Thumb Code     0  startup_stm32f10x_md.o(.text)
    EXTI9_5_IRQHandler                       0x080001a3   Thumb Code     0  startup_stm32f10x_md.o(.text)
    FLASH_IRQHandler                         0x080001a3   Thumb Code     0  startup_stm32f10x_md.o(.text)
    I2C1_ER_IRQHandler                       0x080001a3   Thumb Code     0  startup_stm32f10x_md.o(.text)
    I2C1_EV_IRQHandler                       0x080001a3   Thumb Code     0  startup_stm32f10x_md.o(.text)
    I2C2_ER_IRQHandler                       0x080001a3   Thumb Code     0  startup_stm32f10x_md.o(.text)
    I2C2_EV_IRQHandler                       0x080001a3   Thumb Code     0  startup_stm32f10x_md.o(.text)
    PVD_IRQHandler                           0x080001a3   Thumb Code     0  startup_stm32f10x_md.o(.text)
    RCC_IRQHandler                           0x080001a3   Thumb Code     0  startup_stm32f10x_md.o(.text)
    RTCAlarm_IRQHandler                      0x080001a3   Thumb Code     0  startup_stm32f10x_md.o(.text)
    RTC_IRQHandler                           0x080001a3   Thumb Code     0  startup_stm32f10x_md.o(.text)
    SPI1_IRQHandler                          0x080001a3   Thumb Code     0  startup_stm32f10x_md.o(.text)
    SPI2_IRQHandler                          0x080001a3   Thumb Code     0  startup_stm32f10x_md.o(.text)
    TAMPER_IRQHandler                        0x080001a3   Thumb Code     0  startup_stm32f10x_md.o(.text)
    TIM1_BRK_IRQHandler                      0x080001a3   Thumb Code     0  startup_stm32f10x_md.o(.text)
    TIM1_CC_IRQHandler                       0x080001a3   Thumb Code     0  startup_stm32f10x_md.o(.text)
    TIM1_TRG_COM_IRQHandler                  0x080001a3   Thumb Code     0  startup_stm32f10x_md.o(.text)
    TIM1_UP_IRQHandler                       0x080001a3   Thumb Code     0  startup_stm32f10x_md.o(.text)
    TIM2_IRQHandler                          0x080001a3   Thumb Code     0  startup_stm32f10x_md.o(.text)
    TIM3_IRQHandler                          0x080001a3   Thumb Code     0  startup_stm32f10x_md.o(.text)
    TIM4_IRQHandler                          0x080001a3   Thumb Code     0  startup_stm32f10x_md.o(.text)
    USART1_IRQHandler                        0x080001a3   Thumb Code     0  startup_stm32f10x_md.o(.text)
    USART2_IRQHandler                        0x080001a3   Thumb Code     0  startup_stm32f10x_md.o(.text)
    USART3_IRQHandler                        0x080001a3   Thumb Code     0  startup_stm32f10x_md.o(.text)
    USBWakeUp_IRQHandler                     0x080001a3   Thumb Code     0  startup_stm32f10x_md.o(.text)
    USB_HP_CAN1_TX_IRQHandler                0x080001a3   Thumb Code     0  startup_stm32f10x_md.o(.text)
    USB_LP_CAN1_RX0_IRQHandler               0x080001a3   Thumb Code     0  startup_stm32f10x_md.o(.text)
    WWDG_IRQHandler                          0x080001a3   Thumb Code     0  startup_stm32f10x_md.o(.text)
    __user_initial_stackheap                 0x080001a5   Thumb Code     0  startup_stm32f10x_md.o(.text)
    __aeabi_memcpy                           0x080001c9   Thumb Code     0  rt_memcpy_v6.o(.text)
    __rt_memcpy                              0x080001c9   Thumb Code   138  rt_memcpy_v6.o(.text)
    _memcpy_lastbytes                        0x0800022f   Thumb Code     0  rt_memcpy_v6.o(.text)
    __aeabi_memset4                          0x08000253   Thumb Code    16  aeabi_memset4.o(.text)
    __aeabi_memset8                          0x08000253   Thumb Code     0  aeabi_memset4.o(.text)
    __use_two_region_memory                  0x08000263   Thumb Code     2  heapauxi.o(.text)
    __rt_heap_escrow$2region                 0x08000265   Thumb Code     2  heapauxi.o(.text)
    __rt_heap_expand$2region                 0x08000267   Thumb Code     2  heapauxi.o(.text)
    __aeabi_memcpy4                          0x08000269   Thumb Code     0  rt_memcpy_w.o(.text)
    __aeabi_memcpy8                          0x08000269   Thumb Code     0  rt_memcpy_w.o(.text)
    __rt_memcpy_w                            0x08000269   Thumb Code   100  rt_memcpy_w.o(.text)
    _memcpy_lastbytes_aligned                0x080002b1   Thumb Code     0  rt_memcpy_w.o(.text)
    __aeabi_memclr4                          0x080002cd   Thumb Code     0  rt_memclr_w.o(.text)
    __aeabi_memclr8                          0x080002cd   Thumb Code     0  rt_memclr_w.o(.text)
    __rt_memclr_w                            0x080002cd   Thumb Code    78  rt_memclr_w.o(.text)
    _memset_w                                0x080002d1   Thumb Code     0  rt_memclr_w.o(.text)
    __user_setup_stackheap                   0x0800031b   Thumb Code    74  sys_stackheap_outer.o(.text)
    exit                                     0x08000365   Thumb Code    18  exit.o(.text)
    __user_libspace                          0x08000379   Thumb Code     8  libspace.o(.text)
    __user_perproc_libspace                  0x08000379   Thumb Code     0  libspace.o(.text)
    __user_perthread_libspace                0x08000379   Thumb Code     0  libspace.o(.text)
    _sys_exit                                0x08000381   Thumb Code     8  sys_exit.o(.text)
    __I$use$semihosting                      0x0800038d   Thumb Code     0  use_no_semi.o(.text)
    __use_no_semihosting_swi                 0x0800038d   Thumb Code     2  use_no_semi.o(.text)
    __semihosting_library_function           0x0800038f   Thumb Code     0  indicate_semi.o(.text)
    EXTI0_IRQHandler                         0x08000391   Thumb Code    14  main.o(.text.EXTI0_IRQHandler)
    EXTI_ClearITPendingBit                   0x080003a1   Thumb Code    20  stm32f10x_exti.o(.text.EXTI_ClearITPendingBit)
    EXTI_Init                                0x080003b5   Thumb Code   244  stm32f10x_exti.o(.text.EXTI_Init)
    GPIO_EXTILineConfig                      0x080004a9   Thumb Code   108  stm32f10x_gpio.o(.text.GPIO_EXTILineConfig)
    GPIO_Init                                0x08000515   Thumb Code   400  stm32f10x_gpio.o(.text.GPIO_Init)
    GPIO_WriteBit                            0x080006a5   Thumb Code    50  stm32f10x_gpio.o(.text.GPIO_WriteBit)
    PendSV_Handler                           0x080006e1   Thumb Code    68  port.o(.text.PendSV_Handler)
    RCC_APB2PeriphClockCmd                   0x08000725   Thumb Code    62  stm32f10x_rcc.o(.text.RCC_APB2PeriphClockCmd)
    RCC_GetClocksFreq                        0x08000765   Thumb Code   374  stm32f10x_rcc.o(.text.RCC_GetClocksFreq)
    SVC_Handler                              0x080008e1   Thumb Code    36  port.o(.text.SVC_Handler)
    SysTick_Handler                          0x08000a31   Thumb Code    62  port.o(.text.SysTick_Handler)
    SystemInit                               0x08000a71   Thumb Code   102  system_stm32f10x.o(.text.SystemInit)
    USART_Cmd                                0x08000ad9   Thumb Code    48  stm32f10x_usart.o(.text.USART_Cmd)
    USART_Init                               0x08000b09   Thumb Code   350  stm32f10x_usart.o(.text.USART_Init)
    button_handler                           0x08000ce1   Thumb Code    18  main.o(.text.button_handler)
    eTaskConfirmSleepModeStatus              0x08000cf5   Thumb Code   108  tasks.o(.text.eTaskConfirmSleepModeStatus)
    gpio_init                                0x08000d61   Thumb Code   134  prv_periph.o(.text.gpio_init)
    led_task_handler                         0x08000de9   Thumb Code    66  main.o(.text.led_task_handler)
    main                                     0x08000e2d   Thumb Code    60  main.o(.text.main)
    prv_periph_init                          0x08001f15   Thumb Code    12  prv_periph.o(.text.prv_periph_init)
    pvPortMalloc                             0x08001f21   Thumb Code   506  heap_4.o(.text.pvPortMalloc)
    pxPortInitialiseStack                    0x0800211d   Thumb Code    80  port.o(.text.pxPortInitialiseStack)
    uart1_init                               0x0800216d   Thumb Code   114  prv_periph.o(.text.uart1_init)
    uxListRemove                             0x080021e1   Thumb Code    72  list.o(.text.uxListRemove)
    vListInitialise                          0x08002229   Thumb Code    46  list.o(.text.vListInitialise)
    vListInitialiseItem                      0x08002259   Thumb Code    14  list.o(.text.vListInitialiseItem)
    vListInsert                              0x08002269   Thumb Code   108  list.o(.text.vListInsert)
    vListInsertEnd                           0x080022d5   Thumb Code    58  list.o(.text.vListInsertEnd)
    vPortEnterCritical                       0x08002311   Thumb Code    88  port.o(.text.vPortEnterCritical)
    vPortExitCritical                        0x08002369   Thumb Code    78  port.o(.text.vPortExitCritical)
    vPortFree                                0x080023b9   Thumb Code   212  heap_4.o(.text.vPortFree)
    vPortSetupTimerInterrupt                 0x0800248d   Thumb Code   138  port.o(.text.vPortSetupTimerInterrupt)
    vPortSuppressTicksAndSleep               0x08002519   Thumb Code   528  port.o(.text.vPortSuppressTicksAndSleep)
    vPortValidateInterruptPriority           0x08002729   Thumb Code   132  port.o(.text.vPortValidateInterruptPriority)
    vQueueWaitForMessageRestricted           0x080027ad   Thumb Code   106  queue.o(.text.vQueueWaitForMessageRestricted)
    vTaskInternalSetTimeOutState             0x08002819   Thumb Code    36  tasks.o(.text.vTaskInternalSetTimeOutState)
    vTaskMissedYield                         0x0800283d   Thumb Code    14  tasks.o(.text.vTaskMissedYield)
    vTaskPlaceOnEventList                    0x0800284d   Thumb Code    68  tasks.o(.text.vTaskPlaceOnEventList)
    vTaskPlaceOnEventListRestricted          0x08002891   Thumb Code    86  tasks.o(.text.vTaskPlaceOnEventListRestricted)
    vTaskStartScheduler                      0x080028e9   Thumb Code   192  tasks.o(.text.vTaskStartScheduler)
    vTaskStepTick                            0x080029a9   Thumb Code    76  tasks.o(.text.vTaskStepTick)
    vTaskSuspendAll                          0x080029f5   Thumb Code    16  tasks.o(.text.vTaskSuspendAll)
    vTaskSwitchContext                       0x08002a05   Thumb Code   194  tasks.o(.text.vTaskSwitchContext)
    xPortStartScheduler                      0x08002ac9   Thumb Code   230  port.o(.text.xPortStartScheduler)
    xQueueGenericCreate                      0x08002bb1   Thumb Code   114  queue.o(.text.xQueueGenericCreate)
    xQueueGenericReset                       0x08002c25   Thumb Code   194  queue.o(.text.xQueueGenericReset)
    xQueueGenericSend                        0x08002ce9   Thumb Code   664  queue.o(.text.xQueueGenericSend)
    xQueueGenericSendFromISR                 0x08002f81   Thumb Code   416  queue.o(.text.xQueueGenericSendFromISR)
    xQueueReceive                            0x08003121   Thumb Code   510  queue.o(.text.xQueueReceive)
    xTaskCheckForTimeOut                     0x08003321   Thumb Code   254  tasks.o(.text.xTaskCheckForTimeOut)
    xTaskCreate                              0x08003421   Thumb Code   168  tasks.o(.text.xTaskCreate)
    xTaskGetSchedulerState                   0x080034c9   Thumb Code    60  tasks.o(.text.xTaskGetSchedulerState)
    xTaskGetTickCount                        0x08003505   Thumb Code    20  tasks.o(.text.xTaskGetTickCount)
    xTaskIncrementTick                       0x08003519   Thumb Code   456  tasks.o(.text.xTaskIncrementTick)
    xTaskPriorityDisinherit                  0x080036e1   Thumb Code   296  tasks.o(.text.xTaskPriorityDisinherit)
    xTaskRemoveFromEventList                 0x08003809   Thumb Code   206  tasks.o(.text.xTaskRemoveFromEventList)
    xTaskResumeAll                           0x080038d9   Thumb Code   396  tasks.o(.text.xTaskResumeAll)
    xTimerCreateTimerTask                    0x08003a65   Thumb Code   112  timers.o(.text.xTimerCreateTimerTask)
    xTimerGenericCommand                     0x08003ad5   Thumb Code   182  timers.o(.text.xTimerGenericCommand)
    Region$$Table$$Base                      0x08003bb4   Number         0  anon$$obj.o(Region$$Table)
    Region$$Table$$Limit                     0x08003bd4   Number         0  anon$$obj.o(Region$$Table)
    SystemCoreClock                          0x20000000   Data           4  system_stm32f10x.o(.data.SystemCoreClock)
    __libspace_start                         0x20000008   Data          96  libspace.o(.bss)
    __temporary_stack_top$libspace           0x20000068   Data           0  libspace.o(.bss)
    button_status_flag                       0x20000068   Data           1  main.o(.bss.button_status_flag)
    pxCurrentTCB                             0x20000070   Data           4  tasks.o(.bss.pxCurrentTCB)



==============================================================================

Memory Map of the image

  Image Entry point : 0x080000ed

  Load Region LR_IROM1 (Base: 0x08000000, Size: 0x00003be0, Max: 0x00010000, ABSOLUTE)

    Execution Region ER_IROM1 (Exec base: 0x08000000, Load base: 0x08000000, Size: 0x00003bd4, Max: 0x00010000, ABSOLUTE)

    Exec Addr    Load Addr    Size         Type   Attr      Idx    E Section Name        Object

    0x08000000   0x08000000   0x000000ec   Data   RO          238    RESET               startup_stm32f10x_md.o
    0x080000ec   0x080000ec   0x00000008   Code   RO          704  * !!!main             c_w.l(__main.o)
    0x080000f4   0x080000f4   0x00000034   Code   RO          871    !!!scatter          c_w.l(__scatter.o)
    0x08000128   0x08000128   0x0000001a   Code   RO          873    !!handler_copy      c_w.l(__scatter_copy.o)
    0x08000142   0x08000142   0x00000002   PAD
    0x08000144   0x08000144   0x0000001c   Code   RO          875    !!handler_zi        c_w.l(__scatter_zi.o)
    0x08000160   0x08000160   0x00000002   Code   RO          735    .ARM.Collect$$libinit$$00000000  c_w.l(libinit.o)
    0x08000162   0x08000162   0x00000000   Code   RO          742    .ARM.Collect$$libinit$$00000002  c_w.l(libinit2.o)
    0x08000162   0x08000162   0x00000000   Code   RO          744    .ARM.Collect$$libinit$$00000004  c_w.l(libinit2.o)
    0x08000162   0x08000162   0x00000000   Code   RO          747    .ARM.Collect$$libinit$$0000000A  c_w.l(libinit2.o)
    0x08000162   0x08000162   0x00000000   Code   RO          749    .ARM.Collect$$libinit$$0000000C  c_w.l(libinit2.o)
    0x08000162   0x08000162   0x00000000   Code   RO          751    .ARM.Collect$$libinit$$0000000E  c_w.l(libinit2.o)
    0x08000162   0x08000162   0x00000000   Code   RO          754    .ARM.Collect$$libinit$$00000011  c_w.l(libinit2.o)
    0x08000162   0x08000162   0x00000000   Code   RO          756    .ARM.Collect$$libinit$$00000013  c_w.l(libinit2.o)
    0x08000162   0x08000162   0x00000000   Code   RO          758    .ARM.Collect$$libinit$$00000015  c_w.l(libinit2.o)
    0x08000162   0x08000162   0x00000000   Code   RO          760    .ARM.Collect$$libinit$$00000017  c_w.l(libinit2.o)
    0x08000162   0x08000162   0x00000000   Code   RO          762    .ARM.Collect$$libinit$$00000019  c_w.l(libinit2.o)
    0x08000162   0x08000162   0x00000000   Code   RO          764    .ARM.Collect$$libinit$$0000001B  c_w.l(libinit2.o)
    0x08000162   0x08000162   0x00000000   Code   RO          766    .ARM.Collect$$libinit$$0000001D  c_w.l(libinit2.o)
    0x08000162   0x08000162   0x00000000   Code   RO          768    .ARM.Collect$$libinit$$0000001F  c_w.l(libinit2.o)
    0x08000162   0x08000162   0x00000000   Code   RO          770    .ARM.Collect$$libinit$$00000021  c_w.l(libinit2.o)
    0x08000162   0x08000162   0x00000000   Code   RO          772    .ARM.Collect$$libinit$$00000023  c_w.l(libinit2.o)
    0x08000162   0x08000162   0x00000000   Code   RO          774    .ARM.Collect$$libinit$$00000025  c_w.l(libinit2.o)
    0x08000162   0x08000162   0x00000000   Code   RO          778    .ARM.Collect$$libinit$$0000002C  c_w.l(libinit2.o)
    0x08000162   0x08000162   0x00000000   Code   RO          780    .ARM.Collect$$libinit$$0000002E  c_w.l(libinit2.o)
    0x08000162   0x08000162   0x00000000   Code   RO          782    .ARM.Collect$$libinit$$00000030  c_w.l(libinit2.o)
    0x08000162   0x08000162   0x00000000   Code   RO          784    .ARM.Collect$$libinit$$00000032  c_w.l(libinit2.o)
    0x08000162   0x08000162   0x00000002   Code   RO          785    .ARM.Collect$$libinit$$00000033  c_w.l(libinit2.o)
    0x08000164   0x08000164   0x00000002   Code   RO          807    .ARM.Collect$$libshutdown$$00000000  c_w.l(libshutdown.o)
    0x08000166   0x08000166   0x00000000   Code   RO          822    .ARM.Collect$$libshutdown$$00000002  c_w.l(libshutdown2.o)
    0x08000166   0x08000166   0x00000000   Code   RO          824    .ARM.Collect$$libshutdown$$00000004  c_w.l(libshutdown2.o)
    0x08000166   0x08000166   0x00000000   Code   RO          827    .ARM.Collect$$libshutdown$$00000007  c_w.l(libshutdown2.o)
    0x08000166   0x08000166   0x00000000   Code   RO          830    .ARM.Collect$$libshutdown$$0000000A  c_w.l(libshutdown2.o)
    0x08000166   0x08000166   0x00000000   Code   RO          832    .ARM.Collect$$libshutdown$$0000000C  c_w.l(libshutdown2.o)
    0x08000166   0x08000166   0x00000000   Code   RO          835    .ARM.Collect$$libshutdown$$0000000F  c_w.l(libshutdown2.o)
    0x08000166   0x08000166   0x00000002   Code   RO          836    .ARM.Collect$$libshutdown$$00000010  c_w.l(libshutdown2.o)
    0x08000168   0x08000168   0x00000000   Code   RO          706    .ARM.Collect$$rtentry$$00000000  c_w.l(__rtentry.o)
    0x08000168   0x08000168   0x00000000   Code   RO          712    .ARM.Collect$$rtentry$$00000002  c_w.l(__rtentry2.o)
    0x08000168   0x08000168   0x00000006   Code   RO          724    .ARM.Collect$$rtentry$$00000004  c_w.l(__rtentry4.o)
    0x0800016e   0x0800016e   0x00000000   Code   RO          714    .ARM.Collect$$rtentry$$00000009  c_w.l(__rtentry2.o)
    0x0800016e   0x0800016e   0x00000004   Code   RO          715    .ARM.Collect$$rtentry$$0000000A  c_w.l(__rtentry2.o)
    0x08000172   0x08000172   0x00000000   Code   RO          717    .ARM.Collect$$rtentry$$0000000C  c_w.l(__rtentry2.o)
    0x08000172   0x08000172   0x00000008   Code   RO          718    .ARM.Collect$$rtentry$$0000000D  c_w.l(__rtentry2.o)
    0x0800017a   0x0800017a   0x00000002   Code   RO          739    .ARM.Collect$$rtexit$$00000000  c_w.l(rtexit.o)
    0x0800017c   0x0800017c   0x00000000   Code   RO          787    .ARM.Collect$$rtexit$$00000002  c_w.l(rtexit2.o)
    0x0800017c   0x0800017c   0x00000004   Code   RO          788    .ARM.Collect$$rtexit$$00000003  c_w.l(rtexit2.o)
    0x08000180   0x08000180   0x00000006   Code   RO          789    .ARM.Collect$$rtexit$$00000004  c_w.l(rtexit2.o)
    0x08000186   0x08000186   0x00000002   PAD
    0x08000188   0x08000188   0x00000040   Code   RO          239    .text               startup_stm32f10x_md.o
    0x080001c8   0x080001c8   0x0000008a   Code   RO          698    .text               c_w.l(rt_memcpy_v6.o)
    0x08000252   0x08000252   0x00000010   Code   RO          700    .text               c_w.l(aeabi_memset4.o)
    0x08000262   0x08000262   0x00000006   Code   RO          702    .text               c_w.l(heapauxi.o)
    0x08000268   0x08000268   0x00000064   Code   RO          707    .text               c_w.l(rt_memcpy_w.o)
    0x080002cc   0x080002cc   0x0000004e   Code   RO          709    .text               c_w.l(rt_memclr_w.o)
    0x0800031a   0x0800031a   0x0000004a   Code   RO          726    .text               c_w.l(sys_stackheap_outer.o)
    0x08000364   0x08000364   0x00000012   Code   RO          728    .text               c_w.l(exit.o)
    0x08000376   0x08000376   0x00000002   PAD
    0x08000378   0x08000378   0x00000008   Code   RO          736    .text               c_w.l(libspace.o)
    0x08000380   0x08000380   0x0000000c   Code   RO          797    .text               c_w.l(sys_exit.o)
    0x0800038c   0x0800038c   0x00000002   Code   RO          812    .text               c_w.l(use_no_semi.o)
    0x0800038e   0x0800038e   0x00000000   Code   RO          814    .text               c_w.l(indicate_semi.o)
    0x0800038e   0x0800038e   0x00000002   PAD
    0x08000390   0x08000390   0x0000000e   Code   RO            8    .text.EXTI0_IRQHandler  main.o
    0x0800039e   0x0800039e   0x00000002   PAD
    0x080003a0   0x080003a0   0x00000014   Code   RO          277    .text.EXTI_ClearITPendingBit  stm32f10x_exti.o
    0x080003b4   0x080003b4   0x000000f4   Code   RO          265    .text.EXTI_Init     stm32f10x_exti.o
    0x080004a8   0x080004a8   0x0000006c   Code   RO           88    .text.GPIO_EXTILineConfig  stm32f10x_gpio.o
    0x08000514   0x08000514   0x00000190   Code   RO           60    .text.GPIO_Init     stm32f10x_gpio.o
    0x080006a4   0x080006a4   0x00000032   Code   RO           76    .text.GPIO_WriteBit  stm32f10x_gpio.o
    0x080006d6   0x080006d6   0x0000000a   PAD
    0x080006e0   0x080006e0   0x00000044   Code   RO          322    .text.PendSV_Handler  port.o
    0x08000724   0x08000724   0x0000003e   Code   RO          143    .text.RCC_APB2PeriphClockCmd  stm32f10x_rcc.o
    0x08000762   0x08000762   0x00000002   PAD
    0x08000764   0x08000764   0x00000176   Code   RO          139    .text.RCC_GetClocksFreq  stm32f10x_rcc.o
    0x080008da   0x080008da   0x00000006   PAD
    0x080008e0   0x080008e0   0x00000024   Code   RO          308    .text.SVC_Handler   port.o
    0x08000904   0x08000904   0x00000008   Code   RO          248    .text.SetSysClock   system_stm32f10x.o
    0x0800090c   0x0800090c   0x00000122   Code   RO          252    .text.SetSysClockTo72  system_stm32f10x.o
    0x08000a2e   0x08000a2e   0x00000002   PAD
    0x08000a30   0x08000a30   0x0000003e   Code   RO          324    .text.SysTick_Handler  port.o
    0x08000a6e   0x08000a6e   0x00000002   PAD
    0x08000a70   0x08000a70   0x00000066   Code   RO          246    .text.SystemInit    system_stm32f10x.o
    0x08000ad6   0x08000ad6   0x00000002   PAD
    0x08000ad8   0x08000ad8   0x00000030   Code   RO          182    .text.USART_Cmd     stm32f10x_usart.o
    0x08000b08   0x08000b08   0x0000015e   Code   RO          174    .text.USART_Init    stm32f10x_usart.o
    0x08000c66   0x08000c66   0x00000002   PAD
    0x08000c68   0x08000c68   0x00000034   Code   RO           30    .text.__NVIC_EnableIRQ  prv_periph.o
    0x08000c9c   0x08000c9c   0x00000044   Code   RO           28    .text.__NVIC_SetPriority  prv_periph.o
    0x08000ce0   0x08000ce0   0x00000012   Code   RO            6    .text.button_handler  main.o
    0x08000cf2   0x08000cf2   0x00000002   PAD
    0x08000cf4   0x08000cf4   0x0000006c   Code   RO          555    .text.eTaskConfirmSleepModeStatus  tasks.o
    0x08000d60   0x08000d60   0x00000086   Code   RO           24    .text.gpio_init     prv_periph.o
    0x08000de6   0x08000de6   0x00000002   PAD
    0x08000de8   0x08000de8   0x00000042   Code   RO            4    .text.led_task_handler  main.o
    0x08000e2a   0x08000e2a   0x00000002   PAD
    0x08000e2c   0x08000e2c   0x0000003c   Code   RO            2    .text.main          main.o
    0x08000e68   0x08000e68   0x00000104   Code   RO          477    .text.prvAddCurrentTaskToDelayedList  tasks.o
    0x08000f6c   0x08000f6c   0x00000122   Code   RO          465    .text.prvAddNewTaskToReadyList  tasks.o
    0x0800108e   0x0800108e   0x00000002   PAD
    0x08001090   0x08001090   0x0000006c   Code   RO          630    .text.prvCheckForValidListAndQueue  timers.o
    0x080010fc   0x080010fc   0x0000005e   Code   RO          595    .text.prvCheckTasksWaitingTermination  tasks.o
    0x0800115a   0x0800115a   0x00000002   PAD
    0x0800115c   0x0800115c   0x0000004a   Code   RO          412    .text.prvCopyDataFromQueue  queue.o
    0x080011a6   0x080011a6   0x00000002   PAD
    0x080011a8   0x080011a8   0x000000e0   Code   RO          398    .text.prvCopyDataToQueue  queue.o
    0x08001288   0x08001288   0x00000018   Code   RO          469    .text.prvDeleteTCB  tasks.o
    0x080012a0   0x080012a0   0x00000080   Code   RO          597    .text.prvGetExpectedIdleTime  tasks.o
    0x08001320   0x08001320   0x00000042   Code   RO          666    .text.prvGetNextExpireTime  timers.o
    0x08001362   0x08001362   0x00000002   PAD
    0x08001364   0x08001364   0x000000be   Code   RO          345    .text.prvHeapInit   heap_4.o
    0x08001422   0x08001422   0x00000002   PAD
    0x08001424   0x08001424   0x0000009a   Code   RO          503    .text.prvIdleTask   tasks.o
    0x080014be   0x080014be   0x00000002   PAD
    0x080014c0   0x080014c0   0x00000052   Code   RO          378    .text.prvInitialiseNewQueue  queue.o
    0x08001512   0x08001512   0x00000002   PAD
    0x08001514   0x08001514   0x00000138   Code   RO          463    .text.prvInitialiseNewTask  tasks.o
    0x0800164c   0x0800164c   0x0000008e   Code   RO          593    .text.prvInitialiseTaskLists  tasks.o
    0x080016da   0x080016da   0x00000002   PAD
    0x080016dc   0x080016dc   0x000000c6   Code   RO          347    .text.prvInsertBlockIntoFreeList  heap_4.o
    0x080017a2   0x080017a2   0x00000002   PAD
    0x080017a4   0x080017a4   0x00000086   Code   RO          678    .text.prvInsertTimerInActiveList  timers.o
    0x0800182a   0x0800182a   0x00000002   PAD
    0x0800182c   0x0800182c   0x0000002a   Code   RO          414    .text.prvIsQueueEmpty  queue.o
    0x08001856   0x08001856   0x00000002   PAD
    0x08001858   0x08001858   0x0000002e   Code   RO          402    .text.prvIsQueueFull  queue.o
    0x08001886   0x08001886   0x00000002   PAD
    0x08001888   0x08001888   0x000000c0   Code   RO          400    .text.prvNotifyQueueSetContainer  queue.o
    0x08001948   0x08001948   0x00000020   Code   RO          314    .text.prvPortStartFirstTask  port.o
    0x08001968   0x08001968   0x0000009a   Code   RO          674    .text.prvProcessExpiredTimer  timers.o
    0x08001a02   0x08001a02   0x00000002   PAD
    0x08001a04   0x08001a04   0x000001b6   Code   RO          670    .text.prvProcessReceivedCommands  timers.o
    0x08001bba   0x08001bba   0x00000002   PAD
    0x08001bbc   0x08001bbc   0x000000a8   Code   RO          668    .text.prvProcessTimerOrBlockTask  timers.o
    0x08001c64   0x08001c64   0x00000048   Code   RO          471    .text.prvResetNextTaskUnblockTime  tasks.o
    0x08001cac   0x08001cac   0x00000044   Code   RO          672    .text.prvSampleTimeNow  timers.o
    0x08001cf0   0x08001cf0   0x000000da   Code   RO          676    .text.prvSwitchTimerLists  timers.o
    0x08001dca   0x08001dca   0x00000002   PAD
    0x08001dcc   0x08001dcc   0x00000050   Code   RO          306    .text.prvTaskExitError  port.o
    0x08001e1c   0x08001e1c   0x0000001e   Code   RO          632    .text.prvTimerTask  timers.o
    0x08001e3a   0x08001e3a   0x00000002   PAD
    0x08001e3c   0x08001e3c   0x000000d8   Code   RO          404    .text.prvUnlockQueue  queue.o
    0x08001f14   0x08001f14   0x0000000c   Code   RO           20    .text.prv_periph_init  prv_periph.o
    0x08001f20   0x08001f20   0x000001fa   Code   RO          343    .text.pvPortMalloc  heap_4.o
    0x0800211a   0x0800211a   0x00000002   PAD
    0x0800211c   0x0800211c   0x00000050   Code   RO          304    .text.pxPortInitialiseStack  port.o
    0x0800216c   0x0800216c   0x00000072   Code   RO           22    .text.uart1_init    prv_periph.o
    0x080021de   0x080021de   0x00000002   PAD
    0x080021e0   0x080021e0   0x00000048   Code   RO          295    .text.uxListRemove  list.o
    0x08002228   0x08002228   0x0000002e   Code   RO          287    .text.vListInitialise  list.o
    0x08002256   0x08002256   0x00000002   PAD
    0x08002258   0x08002258   0x0000000e   Code   RO          289    .text.vListInitialiseItem  list.o
    0x08002266   0x08002266   0x00000002   PAD
    0x08002268   0x08002268   0x0000006c   Code   RO          293    .text.vListInsert   list.o
    0x080022d4   0x080022d4   0x0000003a   Code   RO          291    .text.vListInsertEnd  list.o
    0x0800230e   0x0800230e   0x00000002   PAD
    0x08002310   0x08002310   0x00000058   Code   RO          318    .text.vPortEnterCritical  port.o
    0x08002368   0x08002368   0x0000004e   Code   RO          320    .text.vPortExitCritical  port.o
    0x080023b6   0x080023b6   0x00000002   PAD
    0x080023b8   0x080023b8   0x000000d4   Code   RO          349    .text.vPortFree     heap_4.o
    0x0800248c   0x0800248c   0x0000008a   Code   RO          312    .text.vPortSetupTimerInterrupt  port.o
    0x08002516   0x08002516   0x00000002   PAD
    0x08002518   0x08002518   0x00000210   Code   RO          326    .text.vPortSuppressTicksAndSleep  port.o
    0x08002728   0x08002728   0x00000084   Code   RO          328    .text.vPortValidateInterruptPriority  port.o
    0x080027ac   0x080027ac   0x0000006a   Code   RO          442    .text.vQueueWaitForMessageRestricted  queue.o
    0x08002816   0x08002816   0x00000002   PAD
    0x08002818   0x08002818   0x00000024   Code   RO          545    .text.vTaskInternalSetTimeOutState  tasks.o
    0x0800283c   0x0800283c   0x0000000e   Code   RO          549    .text.vTaskMissedYield  tasks.o
    0x0800284a   0x0800284a   0x00000002   PAD
    0x0800284c   0x0800284c   0x00000044   Code   RO          533    .text.vTaskPlaceOnEventList  tasks.o
    0x08002890   0x08002890   0x00000056   Code   RO          537    .text.vTaskPlaceOnEventListRestricted  tasks.o
    0x080028e6   0x080028e6   0x00000002   PAD
    0x080028e8   0x080028e8   0x000000c0   Code   RO          501    .text.vTaskStartScheduler  tasks.o
    0x080029a8   0x080029a8   0x0000004c   Code   RO          527    .text.vTaskStepTick  tasks.o
    0x080029f4   0x080029f4   0x00000010   Code   RO          475    .text.vTaskSuspendAll  tasks.o
    0x08002a04   0x08002a04   0x000000c2   Code   RO          493    .text.vTaskSwitchContext  tasks.o
    0x08002ac6   0x08002ac6   0x00000002   PAD
    0x08002ac8   0x08002ac8   0x000000e6   Code   RO          310    .text.xPortStartScheduler  port.o
    0x08002bae   0x08002bae   0x00000002   PAD
    0x08002bb0   0x08002bb0   0x00000072   Code   RO          376    .text.xQueueGenericCreate  queue.o
    0x08002c22   0x08002c22   0x00000002   PAD
    0x08002c24   0x08002c24   0x000000c2   Code   RO          374    .text.xQueueGenericReset  queue.o
    0x08002ce6   0x08002ce6   0x00000002   PAD
    0x08002ce8   0x08002ce8   0x00000298   Code   RO          390    .text.xQueueGenericSend  queue.o
    0x08002f80   0x08002f80   0x000001a0   Code   RO          406    .text.xQueueGenericSendFromISR  queue.o
    0x08003120   0x08003120   0x000001fe   Code   RO          410    .text.xQueueReceive  queue.o
    0x0800331e   0x0800331e   0x00000002   PAD
    0x08003320   0x08003320   0x000000fe   Code   RO          547    .text.xTaskCheckForTimeOut  tasks.o
    0x0800341e   0x0800341e   0x00000002   PAD
    0x08003420   0x08003420   0x000000a8   Code   RO          461    .text.xTaskCreate   tasks.o
    0x080034c8   0x080034c8   0x0000003c   Code   RO          567    .text.xTaskGetSchedulerState  tasks.o
    0x08003504   0x08003504   0x00000014   Code   RO          509    .text.xTaskGetTickCount  tasks.o
    0x08003518   0x08003518   0x000001c8   Code   RO          507    .text.xTaskIncrementTick  tasks.o
    0x080036e0   0x080036e0   0x00000128   Code   RO          571    .text.xTaskPriorityDisinherit  tasks.o
    0x08003808   0x08003808   0x000000ce   Code   RO          539    .text.xTaskRemoveFromEventList  tasks.o
    0x080038d6   0x080038d6   0x00000002   PAD
    0x080038d8   0x080038d8   0x0000018c   Code   RO          479    .text.xTaskResumeAll  tasks.o
    0x08003a64   0x08003a64   0x00000070   Code   RO          628    .text.xTimerCreateTimerTask  timers.o
    0x08003ad4   0x08003ad4   0x000000b6   Code   RO          638    .text.xTimerGenericCommand  timers.o
    0x08003b8a   0x08003b8a   0x00000004   Data   RO          164    .rodata.ADCPrescTable  stm32f10x_rcc.o
    0x08003b8e   0x08003b8e   0x00000010   Data   RO          163    .rodata.APBAHBPrescTable  stm32f10x_rcc.o
    0x08003b9e   0x08003b9e   0x00000009   Data   RO           11    .rodata.str1.1      main.o
    0x08003ba7   0x08003ba7   0x00000005   Data   RO          613    .rodata.str1.1      tasks.o
    0x08003bac   0x08003bac   0x00000008   Data   RO          681    .rodata.str1.1      timers.o
    0x08003bb4   0x08003bb4   0x00000020   Data   RO          870    Region$$Table       anon$$obj.o


    Execution Region RW_IRAM1 (Exec base: 0x20000000, Load base: 0x08003bd8, Size: 0x00002150, Max: 0x00005000, ABSOLUTE)

    Exec Addr    Load Addr    Size         Type   Attr      Idx    E Section Name        Object

    0x20000000   0x08003bd8   0x00000004   Data   RW          254    .data.SystemCoreClock  system_stm32f10x.o
    0x20000004   0x08003bdc   0x00000004   Data   RW          332    .data.uxCriticalNesting  port.o
    0x20000008        -       0x00000060   Zero   RW          737    .bss                c_w.l(libspace.o)
    0x20000068        -       0x00000001   Zero   RW           10    .bss.button_status_flag  main.o
    0x20000069   0x08003be0   0x00000003   PAD
    0x2000006c        -       0x00000004   Zero   RW          685    .bss.prvSampleTimeNow.xLastTime  timers.o
    0x20000070        -       0x00000004   Zero   RW          599    .bss.pxCurrentTCB   tasks.o
    0x20000074        -       0x00000004   Zero   RW          683    .bss.pxCurrentTimerList  timers.o
    0x20000078        -       0x00000004   Zero   RW          609    .bss.pxDelayedTaskList  tasks.o
    0x2000007c        -       0x00000004   Zero   RW          359    .bss.pxEnd          heap_4.o
    0x20000080        -       0x00000004   Zero   RW          610    .bss.pxOverflowDelayedTaskList  tasks.o
    0x20000084        -       0x00000004   Zero   RW          684    .bss.pxOverflowTimerList  timers.o
    0x20000088        -       0x00000064   Zero   RW          600    .bss.pxReadyTasksLists  tasks.o
    0x200000ec        -       0x00001770   Zero   RW          366    .bss.ucHeap         heap_4.o
    0x2000185c        -       0x00000001   Zero   RW          330    .bss.ucMaxSysCallPriority  port.o
    0x2000185d   0x08003be0   0x00000003   PAD
    0x20001860        -       0x00000004   Zero   RW          331    .bss.ulMaxPRIGROUPValue  port.o
    0x20001864        -       0x00000004   Zero   RW          335    .bss.ulStoppedTimerCompensation  port.o
    0x20001868        -       0x00000004   Zero   RW          334    .bss.ulTimerCountsForOneTick  port.o
    0x2000186c        -       0x00000004   Zero   RW          605    .bss.uxCurrentNumberOfTasks  tasks.o
    0x20001870        -       0x00000004   Zero   RW          604    .bss.uxDeletedTasksWaitingCleanUp  tasks.o
    0x20001874        -       0x00000004   Zero   RW          607    .bss.uxSchedulerSuspended  tasks.o
    0x20001878        -       0x00000004   Zero   RW          602    .bss.uxTaskNumber   tasks.o
    0x2000187c        -       0x00000004   Zero   RW          601    .bss.uxTopReadyPriority  tasks.o
    0x20001880        -       0x00000014   Zero   RW          686    .bss.xActiveTimerList1  timers.o
    0x20001894        -       0x00000014   Zero   RW          687    .bss.xActiveTimerList2  timers.o
    0x200018a8        -       0x00000004   Zero   RW          360    .bss.xBlockAllocatedBit  heap_4.o
    0x200018ac        -       0x00000014   Zero   RW          619    .bss.xDelayedTaskList1  tasks.o
    0x200018c0        -       0x00000014   Zero   RW          620    .bss.xDelayedTaskList2  tasks.o
    0x200018d4        -       0x00000004   Zero   RW          361    .bss.xFreeBytesRemaining  heap_4.o
    0x200018d8        -       0x00000004   Zero   RW          614    .bss.xIdleTaskHandle  tasks.o
    0x200018dc        -       0x00000004   Zero   RW          333    .bss.xMaximumPossibleSuppressedTicks  port.o
    0x200018e0        -       0x00000004   Zero   RW          363    .bss.xMinimumEverFreeBytesRemaining  heap_4.o
    0x200018e4        -       0x00000004   Zero   RW          615    .bss.xNextTaskUnblockTime  tasks.o
    0x200018e8        -       0x00000004   Zero   RW          618    .bss.xNumOfOverflows  tasks.o
    0x200018ec        -       0x00000004   Zero   RW          364    .bss.xNumberOfSuccessfulAllocations  heap_4.o
    0x200018f0        -       0x00000004   Zero   RW          365    .bss.xNumberOfSuccessfulFrees  heap_4.o
    0x200018f4        -       0x00000004   Zero   RW          617    .bss.xPendedTicks   tasks.o
    0x200018f8        -       0x00000014   Zero   RW          612    .bss.xPendingReadyList  tasks.o
    0x2000190c        -       0x00000004   Zero   RW          606    .bss.xSchedulerRunning  tasks.o
    0x20001910        -       0x00000008   Zero   RW          362    .bss.xStart         heap_4.o
    0x20001918        -       0x00000014   Zero   RW          611    .bss.xSuspendedTaskList  tasks.o
    0x2000192c        -       0x00000014   Zero   RW          603    .bss.xTasksWaitingTermination  tasks.o
    0x20001940        -       0x00000004   Zero   RW          608    .bss.xTickCount     tasks.o
    0x20001944        -       0x00000004   Zero   RW          680    .bss.xTimerQueue    timers.o
    0x20001948        -       0x00000004   Zero   RW          682    .bss.xTimerTaskHandle  timers.o
    0x2000194c        -       0x00000004   Zero   RW          616    .bss.xYieldPending  tasks.o
    0x20001950        -       0x00000400   Zero   RW          237    HEAP                startup_stm32f10x_md.o
    0x20001d50        -       0x00000400   Zero   RW          236    STACK               startup_stm32f10x_md.o


==============================================================================

Image component sizes


      Code (inc. data)   RO Data    RW Data    ZI Data      Debug   Object Name

      1106          0          0          0       6032       4605   heap_4.o
       298          0          0          0          0       2369   list.o
       158          0          9          0          1       1527   main.o
      1552         12          0          4         17       4709   port.o
       380          0          0          0          0       5515   prv_periph.o
      2880          0          0          0          0      16652   queue.o
        64         26        236          0       2048        872   startup_stm32f10x_md.o
       264          0          0          0          0       2933   stm32f10x_exti.o
       558          0          0          0          0       5772   stm32f10x_gpio.o
       436          0         20          0          0       7111   stm32f10x_rcc.o
       398          0          0          0          0       7575   stm32f10x_usart.o
       400          0          0          4          0       2908   system_stm32f10x.o
      4122          0          5          0        260      25748   tasks.o
      1678         10          8          0         60       9754   timers.o

    ----------------------------------------------------------------------
     14394         48        310          8       8424      98050   Object Totals
         0          0         32          0          0          0   (incl. Generated)
       100          0          0          0          6          0   (incl. Padding)

    ----------------------------------------------------------------------

      Code (inc. data)   RO Data    RW Data    ZI Data      Debug   Library Member Name

         8          0          0          0          0         68   __main.o
         0          0          0          0          0          0   __rtentry.o
        12          0          0          0          0          0   __rtentry2.o
         6          0          0          0          0          0   __rtentry4.o
        52          8          0          0          0          0   __scatter.o
        26          0          0          0          0          0   __scatter_copy.o
        28          0          0          0          0          0   __scatter_zi.o
        16          0          0          0          0         68   aeabi_memset4.o
        18          0          0          0          0         80   exit.o
         6          0          0          0          0        152   heapauxi.o
         0          0          0          0          0          0   indicate_semi.o
         2          0          0          0          0          0   libinit.o
         2          0          0          0          0          0   libinit2.o
         2          0          0          0          0          0   libshutdown.o
         2          0          0          0          0          0   libshutdown2.o
         8          4          0          0         96         68   libspace.o
        78          0          0          0          0         80   rt_memclr_w.o
       138          0          0          0          0         68   rt_memcpy_v6.o
       100          0          0          0          0         80   rt_memcpy_w.o
         2          0          0          0          0          0   rtexit.o
        10          0          0          0          0          0   rtexit2.o
        12          4          0          0          0         68   sys_exit.o
        74          0          0          0          0         80   sys_stackheap_outer.o
         2          0          0          0          0         68   use_no_semi.o

    ----------------------------------------------------------------------
       612         16          0          0         96        880   Library Totals
         8          0          0          0          0          0   (incl. Padding)

    ----------------------------------------------------------------------

      Code (inc. data)   RO Data    RW Data    ZI Data      Debug   Library Name

       604         16          0          0         96        880   c_w.l

    ----------------------------------------------------------------------
       612         16          0          0         96        880   Library Totals

    ----------------------------------------------------------------------

==============================================================================


      Code (inc. data)   RO Data    RW Data    ZI Data      Debug   

     15006         64        310          8       8520      98422   Grand Totals
     15006         64        310          8       8520      98422   ELF Image Totals
     15006         64        310          8          0          0   ROM Totals

==============================================================================

    Total RO  Size (Code + RO Data)                15316 (  14.96kB)
    Total RW  Size (RW Data + ZI Data)              8528 (   8.33kB)
    Total ROM Size (Code + RO Data + RW Data)      15324 (  14.96kB)

==============================================================================

